 EdiWand

 Timestamp is 6273b35d (Thu May  5 12:22:05 2022)

 Preferred load address is 0000000140000000

 Start         Length     Name                   Class
 0001:00000000 00015fb0H .text$mn                CODE
 0001:00015fb0 00000040H .text$mn$00             CODE
 0001:00015ff0 00000288H .text$x                 CODE
 0002:00000000 00000328H .idata$5                DATA
 0002:00000328 00000038H .00cfg                  DATA
 0002:00000360 00000008H .CRT$XCA                DATA
 0002:00000368 00000008H .CRT$XCAA               DATA
 0002:00000370 00000008H .CRT$XCZ                DATA
 0002:00000378 00000008H .CRT$XIA                DATA
 0002:00000380 00000008H .CRT$XIAA               DATA
 0002:00000388 00000008H .CRT$XIAC               DATA
 0002:00000390 00000020H .CRT$XIC                DATA
 0002:000003b0 00000008H .CRT$XIZ                DATA
 0002:000003b8 00000008H .CRT$XPA                DATA
 0002:000003c0 00000010H .CRT$XPX                DATA
 0002:000003d0 00000008H .CRT$XPXA               DATA
 0002:000003d8 00000008H .CRT$XPZ                DATA
 0002:000003e0 00000008H .CRT$XTA                DATA
 0002:000003e8 00000008H .CRT$XTZ                DATA
 0002:000003f0 00000000H .gehcont$y              DATA
 0002:000003f0 00000000H .gfids$y                DATA
 0002:000003f0 00008910H .rdata                  DATA
 0002:00008d00 00000000H .rdata$CastGuardVftablesA DATA
 0002:00008d00 00000000H .rdata$CastGuardVftablesC DATA
 0002:00008d00 00000000H .rdata$r                DATA
 0002:00008d00 0000010cH .rdata$voltmd           DATA
 0002:00008e0c 00000304H .rdata$zzzdbg           DATA
 0002:00009110 00000008H .rtc$IAA                DATA
 0002:00009118 00000008H .rtc$IZZ                DATA
 0002:00009120 00000008H .rtc$TAA                DATA
 0002:00009128 00000008H .rtc$TZZ                DATA
 0002:00009130 00000ed0H .xdata                  DATA
 0002:0000a000 00000000H .xdata$x                DATA
 0002:0000a000 00000000H .edata                  DATA
 0002:0000a000 0000003cH .idata$2                DATA
 0002:0000a03c 00000014H .idata$3                DATA
 0002:0000a050 00000328H .idata$4                DATA
 0002:0000a378 00000602H .idata$6                DATA
 0003:00000000 00000a80H .data                   DATA
 0003:00000a80 00000000H .data$r                 DATA
 0003:00000a80 00000000H .data$rs                DATA
 0003:00000a80 00001228H .bss                    DATA
 0004:00000000 000011d0H .pdata                  DATA
 0005:00000000 0000015cH _RDATA                  DATA

  Address         Publics by Value              Rva+Base               Lib:Object

 0000:00000000       __guard_longjmp_table      0000000000000000     <absolute>
 0000:00000000       __x64_code_ranges_to_entry_points 0000000000000000     <absolute>
 0000:00000000       __x64_code_ranges_to_entry_points_count 0000000000000000     <absolute>
 0000:00000000       __guard_fids_count         0000000000000000     <absolute>
 0000:00000000       __arm64x_redirection_metadata 0000000000000000     <absolute>
 0000:00000000       __guard_iat_table          0000000000000000     <absolute>
 0000:00000000       __arm64x_extra_rfe_table   0000000000000000     <absolute>
 0000:00000000       __hybrid_code_map          0000000000000000     <absolute>
 0000:00000000       __guard_iat_count          0000000000000000     <absolute>
 0000:00000000       __guard_longjmp_count      0000000000000000     <absolute>
 0000:00000000       __arm64x_extra_rfe_table_size 0000000000000000     <absolute>
 0000:00000000       ___safe_se_handler_count   0000000000000000     <absolute>
 0000:00000000       ___safe_se_handler_table   0000000000000000     <absolute>
 0000:00000000       __dynamic_value_reloc_table 0000000000000000     <absolute>
 0000:00000000       __hybrid_auxiliary_iat     0000000000000000     <absolute>
 0000:00000000       __hybrid_auxiliary_iat_copy 0000000000000000     <absolute>
 0000:00000000       __AbsoluteZero             0000000000000000     <absolute>
 0000:00000000       __guard_eh_cont_count      0000000000000000     <absolute>
 0000:00000000       __guard_check_icall_a64n_fptr 0000000000000000     <absolute>
 0000:00000000       __guard_fids_table         0000000000000000     <absolute>
 0000:00000000       __arm64x_redirection_metadata_count 0000000000000000     <absolute>
 0000:00000000       __enclave_config           0000000000000000     <absolute>
 0000:00000000       __guard_eh_cont_table      0000000000000000     <absolute>
 0000:00000000       __arm64x_native_entrypoint 0000000000000000     <absolute>
 0000:00000000       __hybrid_code_map_count    0000000000000000     <absolute>
 0000:00000100       __guard_flags              0000000000000100     <absolute>
 0000:00000000       __ImageBase                0000000140000000     <linker-defined>
 0001:00000000       ?IsAltTabWindow@@YA_NPEAUHWND__@@@Z 0000000140001000 f   main.obj
 0001:000000a0       ?is_class_nice@@YA_NPEB_W@Z 00000001400010a0 f   main.obj
 0001:00000120       ?post_message@@YAXPEAUHWND__@@@Z 0000000140001120 f   main.obj
 0001:00000180       ?Broadcast@@YAH_KPEBDHPEAUsockaddr@@@Z 0000000140001180 f   main.obj
 0001:00000210       ?MouseUpdate@@YAKPEAX@Z    0000000140001210 f   main.obj
 0001:00000320       ?BroadcastPresence@@YAKPEAX@Z 0000000140001320 f   main.obj
 0001:000006c0       ?handle_message@@YAXPEADH@Z 00000001400016c0 f   main.obj
 0001:00000870       ?recv_from_timeout_udp@@YAH_KJJ@Z 0000000140001870 f   main.obj
 0001:00000960       main                       0000000140001960 f   main.obj
 0001:00000e10       ?strchr@@YAPEADQEADH@Z     0000000140001e10 f i main.obj
 0001:00000e30       __local_stdio_printf_options 0000000140001e30 f i main.obj
 0001:00000e40       _vfprintf_l                0000000140001e40 f i main.obj
 0001:00000e90       printf                     0000000140001e90 f i main.obj
 0001:00000f00       snprintf                   0000000140001f00 f i main.obj
 0001:00000f60       vsnprintf                  0000000140001f60 f i main.obj
 0001:00000ff0       strncat                    0000000140001ff0 f   libucrt:strncat.obj
 0001:000011a0       strncmp                    00000001400021a0 f   libucrt:strncmp.obj
 0001:00001220       __acrt_initialize_stdio    0000000140002220 f   libucrt:_file.obj
 0001:00001340       __acrt_iob_func            0000000140002340 f   libucrt:_file.obj
 0001:00001354       __acrt_uninitialize_stdio  0000000140002354 f   libucrt:_file.obj
 0001:000013b0       _lock_file                 00000001400023b0 f   libucrt:_file.obj
 0001:000013bc       _unlock_file               00000001400023bc f   libucrt:_file.obj
 0001:000015d4       ??$ensure_buffer_is_big_enough@D@formatting_buffer@__crt_stdio_output@@QEAA_N_K@Z 00000001400025d4 f i libucrt:output.obj
 0001:0000167c       ??$type_case_integer_parse_into_buffer@I@?$output_processor@DV?$stream_output_adapter@D@__crt_stdio_output@@V?$standard_base@DV?$stream_output_adapter@D@__crt_stdio_output@@@2@@__crt_stdio_output@@AEAAXII_N@Z 000000014000267c f i libucrt:output.obj
 0001:0000167c       ??$type_case_integer_parse_into_buffer@I@?$output_processor@DV?$string_output_adapter@D@__crt_stdio_output@@V?$standard_base@DV?$string_output_adapter@D@__crt_stdio_output@@@2@@__crt_stdio_output@@AEAAXII_N@Z 000000014000267c f i libucrt:output.obj
 0001:00001704       ??$type_case_integer_parse_into_buffer@_K@?$output_processor@DV?$stream_output_adapter@D@__crt_stdio_output@@V?$standard_base@DV?$stream_output_adapter@D@__crt_stdio_output@@@2@@__crt_stdio_output@@AEAAX_KI_N@Z 0000000140002704 f i libucrt:output.obj
 0001:00001704       ??$type_case_integer_parse_into_buffer@_K@?$output_processor@DV?$string_output_adapter@D@__crt_stdio_output@@V?$standard_base@DV?$string_output_adapter@D@__crt_stdio_output@@@2@@__crt_stdio_output@@AEAAX_KI_N@Z 0000000140002704 f i libucrt:output.obj
 0001:00001794       ??$write_multiple_characters@V?$stream_output_adapter@D@__crt_stdio_output@@D@__crt_stdio_output@@YAXAEBV?$stream_output_adapter@D@0@DHQEAH@Z 0000000140002794 f i libucrt:output.obj
 0001:00001820       ??$write_multiple_characters@V?$string_output_adapter@D@__crt_stdio_output@@D@__crt_stdio_output@@YAXAEBV?$string_output_adapter@D@0@DHQEAH@Z 0000000140002820 f i libucrt:output.obj
 0001:00001898       ??0_LocaleUpdate@@QEAA@QEAU__crt_locale_pointers@@@Z 0000000140002898 f i libucrt:output.obj
 0001:00001a70       ?crop_zeroes@__crt_stdio_output@@YAXPEADQEAU__crt_locale_pointers@@@Z 0000000140002a70 f i libucrt:output.obj
 0001:00001b10       ?force_decimal_point@__crt_stdio_output@@YAXPEADQEAU__crt_locale_pointers@@@Z 0000000140002b10 f i libucrt:output.obj
 0001:00001b88       ?parse_int_from_format_string@?$output_processor@DV?$stream_output_adapter@D@__crt_stdio_output@@V?$standard_base@DV?$stream_output_adapter@D@__crt_stdio_output@@@2@@__crt_stdio_output@@AEAA_NQEAH@Z 0000000140002b88 f i libucrt:output.obj
 0001:00001b88       ?parse_int_from_format_string@?$output_processor@DV?$string_output_adapter@D@__crt_stdio_output@@V?$standard_base@DV?$string_output_adapter@D@__crt_stdio_output@@@2@@__crt_stdio_output@@AEAA_NQEAH@Z 0000000140002b88 f i libucrt:output.obj
 0001:00001c2c       ?process@?$output_processor@DV?$stream_output_adapter@D@__crt_stdio_output@@V?$standard_base@DV?$stream_output_adapter@D@__crt_stdio_output@@@2@@__crt_stdio_output@@QEAAHXZ 0000000140002c2c f i libucrt:output.obj
 0001:00001e40       ?process@?$output_processor@DV?$string_output_adapter@D@__crt_stdio_output@@V?$standard_base@DV?$string_output_adapter@D@__crt_stdio_output@@@2@@__crt_stdio_output@@QEAAHXZ 0000000140002e40 f i libucrt:output.obj
 0001:00002048       ?state_case_normal@?$output_processor@DV?$stream_output_adapter@D@__crt_stdio_output@@V?$standard_base@DV?$stream_output_adapter@D@__crt_stdio_output@@@2@@__crt_stdio_output@@AEAA_NXZ 0000000140003048 f i libucrt:output.obj
 0001:000020b8       ?state_case_normal@?$output_processor@DV?$string_output_adapter@D@__crt_stdio_output@@V?$standard_base@DV?$string_output_adapter@D@__crt_stdio_output@@@2@@__crt_stdio_output@@AEAA_NXZ 00000001400030b8 f i libucrt:output.obj
 0001:0000212c       ?state_case_normal_tchar@?$output_processor@DV?$stream_output_adapter@D@__crt_stdio_output@@V?$standard_base@DV?$stream_output_adapter@D@__crt_stdio_output@@@2@@__crt_stdio_output@@AEAA_ND@Z 000000014000312c f i libucrt:output.obj
 0001:000021d0       ?state_case_normal_tchar@?$output_processor@DV?$string_output_adapter@D@__crt_stdio_output@@V?$standard_base@DV?$string_output_adapter@D@__crt_stdio_output@@@2@@__crt_stdio_output@@AEAA_ND@Z 00000001400031d0 f i libucrt:output.obj
 0001:00002278       ?state_case_size@?$output_processor@DV?$stream_output_adapter@D@__crt_stdio_output@@V?$standard_base@DV?$stream_output_adapter@D@__crt_stdio_output@@@2@@__crt_stdio_output@@AEAA_NXZ 0000000140003278 f i libucrt:output.obj
 0001:000023e8       ?state_case_size@?$output_processor@DV?$string_output_adapter@D@__crt_stdio_output@@V?$standard_base@DV?$string_output_adapter@D@__crt_stdio_output@@@2@@__crt_stdio_output@@AEAA_NXZ 00000001400033e8 f i libucrt:output.obj
 0001:00002558       ?state_case_type@?$output_processor@DV?$stream_output_adapter@D@__crt_stdio_output@@V?$standard_base@DV?$stream_output_adapter@D@__crt_stdio_output@@@2@@__crt_stdio_output@@AEAA_NXZ 0000000140003558 f i libucrt:output.obj
 0001:000027dc       ?state_case_type@?$output_processor@DV?$string_output_adapter@D@__crt_stdio_output@@V?$standard_base@DV?$string_output_adapter@D@__crt_stdio_output@@@2@@__crt_stdio_output@@AEAA_NXZ 00000001400037dc f i libucrt:output.obj
 0001:00002a50       ?to_integer_size@__crt_stdio_output@@YA_KW4length_modifier@1@@Z 0000000140003a50 f i libucrt:output.obj
 0001:00002ab8       ?type_case_Z@?$output_processor@DV?$string_output_adapter@D@__crt_stdio_output@@V?$standard_base@DV?$string_output_adapter@D@__crt_stdio_output@@@2@@__crt_stdio_output@@AEAA_NXZ 0000000140003ab8 f i libucrt:output.obj
 0001:00002ab8       ?type_case_Z@?$output_processor@DV?$stream_output_adapter@D@__crt_stdio_output@@V?$standard_base@DV?$stream_output_adapter@D@__crt_stdio_output@@@2@@__crt_stdio_output@@AEAA_NXZ 0000000140003ab8 f i libucrt:output.obj
 0001:00002b2c       ?type_case_a@?$output_processor@DV?$stream_output_adapter@D@__crt_stdio_output@@V?$standard_base@DV?$stream_output_adapter@D@__crt_stdio_output@@@2@@__crt_stdio_output@@AEAA_NXZ 0000000140003b2c f i libucrt:output.obj
 0001:00002b2c       ?type_case_a@?$output_processor@DV?$string_output_adapter@D@__crt_stdio_output@@V?$standard_base@DV?$string_output_adapter@D@__crt_stdio_output@@@2@@__crt_stdio_output@@AEAA_NXZ 0000000140003b2c f i libucrt:output.obj
 0001:00002ce8       ?type_case_c_tchar@?$output_processor@DV?$stream_output_adapter@D@__crt_stdio_output@@V?$standard_base@DV?$stream_output_adapter@D@__crt_stdio_output@@@2@@__crt_stdio_output@@AEAA_ND@Z 0000000140003ce8 f i libucrt:output.obj
 0001:00002ce8       ?type_case_c_tchar@?$output_processor@DV?$string_output_adapter@D@__crt_stdio_output@@V?$standard_base@DV?$string_output_adapter@D@__crt_stdio_output@@@2@@__crt_stdio_output@@AEAA_ND@Z 0000000140003ce8 f i libucrt:output.obj
 0001:00002db0       ?type_case_integer@?$output_processor@DV?$string_output_adapter@D@__crt_stdio_output@@V?$standard_base@DV?$string_output_adapter@D@__crt_stdio_output@@@2@@__crt_stdio_output@@AEAA_NI_N@Z 0000000140003db0 f i libucrt:output.obj
 0001:00002db0       ?type_case_integer@?$output_processor@DV?$stream_output_adapter@D@__crt_stdio_output@@V?$standard_base@DV?$stream_output_adapter@D@__crt_stdio_output@@@2@@__crt_stdio_output@@AEAA_NI_N@Z 0000000140003db0 f i libucrt:output.obj
 0001:00002f30       ?type_case_n@?$output_processor@DV?$stream_output_adapter@D@__crt_stdio_output@@V?$standard_base@DV?$stream_output_adapter@D@__crt_stdio_output@@@2@@__crt_stdio_output@@AEAA_NXZ 0000000140003f30 f i libucrt:output.obj
 0001:00002f30       ?type_case_n@?$output_processor@DV?$string_output_adapter@D@__crt_stdio_output@@V?$standard_base@DV?$string_output_adapter@D@__crt_stdio_output@@@2@@__crt_stdio_output@@AEAA_NXZ 0000000140003f30 f i libucrt:output.obj
 0001:00002fb8       ?type_case_s@?$output_processor@DV?$string_output_adapter@D@__crt_stdio_output@@V?$standard_base@DV?$string_output_adapter@D@__crt_stdio_output@@@2@@__crt_stdio_output@@AEAA_NXZ 0000000140003fb8 f i libucrt:output.obj
 0001:00002fb8       ?type_case_s@?$output_processor@DV?$stream_output_adapter@D@__crt_stdio_output@@V?$standard_base@DV?$stream_output_adapter@D@__crt_stdio_output@@@2@@__crt_stdio_output@@AEAA_NXZ 0000000140003fb8 f i libucrt:output.obj
 0001:00003050       ?validate_stream_is_ansi_if_required@?$__acrt_stdio_char_traits@D@@SA_NQEAU_iobuf@@@Z 0000000140004050 f i libucrt:output.obj
 0001:000030ec       ?write_stored_string_tchar@?$output_processor@DV?$stream_output_adapter@D@__crt_stdio_output@@V?$standard_base@DV?$stream_output_adapter@D@__crt_stdio_output@@@2@@__crt_stdio_output@@AEAA_ND@Z 00000001400040ec f i libucrt:output.obj
 0001:00003210       ?write_stored_string_tchar@?$output_processor@DV?$string_output_adapter@D@__crt_stdio_output@@V?$standard_base@DV?$string_output_adapter@D@__crt_stdio_output@@@2@@__crt_stdio_output@@AEAA_ND@Z 0000000140004210 f i libucrt:output.obj
 0001:000032ec       ?write_string@?$string_output_adapter@D@__crt_stdio_output@@QEBAXQEBDHQEAHAEAV__crt_deferred_errno_cache@@@Z 00000001400042ec f i libucrt:output.obj
 0001:00003390       ?write_string_impl@?$output_adapter_common@DV?$stream_output_adapter@D@__crt_stdio_output@@@__crt_stdio_output@@IEBAXQEBDHQEAHAEAV__crt_deferred_errno_cache@@@Z 0000000140004390 f i libucrt:output.obj
 0001:00003488       __stdio_common_vfprintf    0000000140004488 f   libucrt:output.obj
 0001:00003514       __stdio_common_vsprintf    0000000140004514 f   libucrt:output.obj
 0001:00003590       ??$parse_floating_point@V?$c_string_character_source@D@__crt_strtox@@N@__crt_strtox@@YA?AW4SLD_STATUS@@QEAU__crt_locale_pointers@@V?$c_string_character_source@D@0@QEAN@Z 0000000140004590 f i libucrt:atof.obj
 0001:00003630       ??$parse_floating_point_from_source@V?$c_string_character_source@D@__crt_strtox@@@__crt_strtox@@YA?AW4floating_point_parse_result@0@QEAU__crt_locale_pointers@@AEAV?$c_string_character_source@D@0@AEAUfloating_point_string@0@@Z 0000000140004630 f i libucrt:atof.obj
 0001:00003ae0       ??$parse_floating_point_possible_infinity@DV?$c_string_character_source@D@__crt_strtox@@PEBD@__crt_strtox@@YA?AW4floating_point_parse_result@0@AEADAEAV?$c_string_character_source@D@0@PEBD@Z 0000000140004ae0 f i libucrt:atof.obj
 0001:00003c3c       ??$parse_floating_point_possible_nan@DV?$c_string_character_source@D@__crt_strtox@@PEBD@__crt_strtox@@YA?AW4floating_point_parse_result@0@AEADAEAV?$c_string_character_source@D@0@PEBD@Z 0000000140004c3c f i libucrt:atof.obj
 0001:00003e28       ??$parse_floating_point_possible_nan_is_ind@DV?$c_string_character_source@D@__crt_strtox@@@__crt_strtox@@YA_NAEADAEAV?$c_string_character_source@D@0@@Z 0000000140004e28 f i libucrt:atof.obj
 0001:00003e6c       ??$parse_floating_point_possible_nan_is_snan@DV?$c_string_character_source@D@__crt_strtox@@@__crt_strtox@@YA_NAEADAEAV?$c_string_character_source@D@0@@Z 0000000140004e6c f i libucrt:atof.obj
 0001:00003eb0       ??$parse_floating_point_write_result@N@__crt_strtox@@YA?AW4SLD_STATUS@@W4floating_point_parse_result@0@AEBUfloating_point_string@0@QEAN@Z 0000000140004eb0 f i libucrt:atof.obj
 0001:00004090       ?as_double@floating_point_value@__crt_strtox@@QEBAAEANXZ 0000000140005090 f i libucrt:atof.obj
 0001:000040cc       ?as_float@floating_point_value@__crt_strtox@@QEBAAEAMXZ 00000001400050cc f i libucrt:atof.obj
 0001:00004108       ?assemble_floating_point_value@__crt_strtox@@YA?AW4SLD_STATUS@@_KH_N1AEBVfloating_point_value@1@@Z 0000000140005108 f i libucrt:atof.obj
 0001:000044a8       ?assemble_floating_point_value_from_big_integer@__crt_strtox@@YA?AW4SLD_STATUS@@AEBUbig_integer@1@I_N1AEBVfloating_point_value@1@@Z 00000001400054a8 f i libucrt:atof.obj
 0001:00004608       ?convert_decimal_string_to_floating_type_common@__crt_strtox@@YA?AW4SLD_STATUS@@AEBUfloating_point_string@1@AEBVfloating_point_value@1@@Z 0000000140005608 f i libucrt:atof.obj
 0001:00006458       ?convert_hexadecimal_string_to_floating_type_common@__crt_strtox@@YA?AW4SLD_STATUS@@AEBUfloating_point_string@1@AEBVfloating_point_value@1@@Z 0000000140007458 f i libucrt:atof.obj
 0001:00006510       ?divide@__crt_strtox@@YA_KAEAUbig_integer@1@AEBU21@@Z 0000000140007510 f i libucrt:atof.obj
 0001:0000693c       _ischartype_l              000000014000793c f i libucrt:atof.obj
 0001:000069b4       atof                       00000001400079b4 f   libucrt:atof.obj
 0001:00006a44       __acrt_call_reportfault    0000000140007a44 f   libucrt:invalid_parameter.obj
 0001:00006ba0       __acrt_initialize_invalid_parameter_handler 0000000140007ba0 f   libucrt:invalid_parameter.obj
 0001:00006ba8       _invalid_parameter         0000000140007ba8 f   libucrt:invalid_parameter.obj
 0001:00006c58       _invalid_parameter_noinfo  0000000140007c58 f   libucrt:invalid_parameter.obj
 0001:00006c78       _invoke_watson             0000000140007c78 f   libucrt:invalid_parameter.obj
 0001:00006cc0       __acrt_errno_from_os_error 0000000140007cc0 f   libucrt:errno.obj
 0001:00006d08       __acrt_errno_map_os_error  0000000140007d08 f   libucrt:errno.obj
 0001:00006d58       __doserrno                 0000000140007d58 f   libucrt:errno.obj
 0001:00006d78       _errno                     0000000140007d78 f   libucrt:errno.obj
 0001:00006d98       _calloc_base               0000000140007d98 f   libucrt:calloc_base.obj
 0001:00006e10       _free_base                 0000000140007e10 f   libucrt:free_base.obj
 0001:00007028       __acrt_AppPolicyGetProcessTerminationMethodInternal 0000000140008028 f   libucrt:winapi_thunks.obj
 0001:00007078       __acrt_AreFileApisANSI     0000000140008078 f   libucrt:winapi_thunks.obj
 0001:000070b4       __acrt_CompareStringEx     00000001400080b4 f   libucrt:winapi_thunks.obj
 0001:00007190       __acrt_FlsAlloc            0000000140008190 f   libucrt:winapi_thunks.obj
 0001:000071d8       __acrt_FlsFree             00000001400081d8 f   libucrt:winapi_thunks.obj
 0001:00007220       __acrt_FlsGetValue         0000000140008220 f   libucrt:winapi_thunks.obj
 0001:00007268       __acrt_FlsSetValue         0000000140008268 f   libucrt:winapi_thunks.obj
 0001:000072bc       __acrt_InitializeCriticalSectionEx 00000001400082bc f   libucrt:winapi_thunks.obj
 0001:00007320       __acrt_LCMapStringEx       0000000140008320 f   libucrt:winapi_thunks.obj
 0001:000073fc       __acrt_LocaleNameToLCID    00000001400083fc f   libucrt:winapi_thunks.obj
 0001:0000744c       __acrt_initialize_winapi_thunks 000000014000844c f   libucrt:winapi_thunks.obj
 0001:00007480       __acrt_uninitialize_winapi_thunks 0000000140008480 f   libucrt:winapi_thunks.obj
 0001:000074c4       _fcloseall                 00000001400084c4 f   libucrt:closeall.obj
 0001:00007754       __acrt_stdio_flush_nolock  0000000140008754 f   libucrt:fflush.obj
 0001:000077d0       _fflush_nolock             00000001400087d0 f   libucrt:fflush.obj
 0001:0000781c       _flushall                  000000014000881c f   libucrt:fflush.obj
 0001:00007824       __acrt_stdio_free_buffer_nolock 0000000140008824 f   libucrt:_freebuf.obj
 0001:00007a60       __acrt_initialize_lowio    0000000140008a60 f   libucrt:ioinit.obj
 0001:00007a9c       __acrt_uninitialize_lowio  0000000140008a9c f   libucrt:ioinit.obj
 0001:00007adc       _malloc_base               0000000140008adc f   libucrt:malloc_base.obj
 0001:00007b3c       ??$parse_integer@KV?$c_string_character_source@D@__crt_strtox@@@__crt_strtox@@YAKQEAU__crt_locale_pointers@@V?$c_string_character_source@D@0@H_N@Z 0000000140008b3c f i libucrt:strtox.obj
 0001:00007e40       strtol                     0000000140008e40 f   libucrt:strtox.obj
 0001:00007e6c       _mbtowc_l                  0000000140008e6c f   libucrt:mbtowc.obj
 0001:00007fec       mbtowc                     0000000140008fec f   libucrt:mbtowc.obj
 0001:00007ff4       _wctomb_s_l                0000000140008ff4 f   libucrt:wctomb.obj
 0001:00008190       strnlen                    0000000140009190 f   libucrt:strnlen.obj
 0001:000082e0       wcsnlen                    00000001400092e0 f   libucrt:strnlen.obj
 0001:00008830       __acrt_getptd              0000000140009830 f   libucrt:per_thread_data.obj
 0001:00008904       __acrt_getptd_head         0000000140009904 f   libucrt:per_thread_data.obj
 0001:000089ac       __acrt_getptd_noexit       00000001400099ac f   libucrt:per_thread_data.obj
 0001:00008a78       __acrt_initialize_ptd      0000000140009a78 f   libucrt:per_thread_data.obj
 0001:00008ab4       __acrt_uninitialize_ptd    0000000140009ab4 f   libucrt:per_thread_data.obj
 0001:00008ad8       __acrt_update_locale_info  0000000140009ad8 f   libucrt:locale_update.obj
 0001:00008b0c       __acrt_update_multibyte_info 0000000140009b0c f   libucrt:locale_update.obj
 0001:0000954c       __acrt_fp_format           000000014000a54c f   libucrt:cvt.obj
 0001:00009884       _fileno                    000000014000a884 f   libucrt:fileno.obj
 0001:000098ac       _fputc_nolock              000000014000a8ac f   libucrt:fputc.obj
 0001:000098c4       _get_printf_count_output   000000014000a8c4 f   libucrt:printf_count_output.obj
 0001:000098dc       __acrt_should_use_temporary_buffer 000000014000a8dc f   libucrt:_sftbuf.obj
 0001:00009924       __acrt_stdio_begin_temporary_buffering_nolock 000000014000a924 f   libucrt:_sftbuf.obj
 0001:000099ec       __acrt_stdio_end_temporary_buffering_nolock 000000014000a9ec f   libucrt:_sftbuf.obj
 0001:00009a98       __acrt_set_locale_changed  000000014000aa98 f   libucrt:wsetlocale.obj
 0001:00009aa4       __acrt_uninitialize_locale 000000014000aaa4 f   libucrt:wsetlocale.obj
 0001:00009ad4       _configthreadlocale        000000014000aad4 f   libucrt:wsetlocale.obj
 0001:00009b40       __pctype_func              000000014000ab40 f   libucrt:ctype.obj
 0001:00009b70       _isctype_l                 000000014000ab70 f   libucrt:isctype.obj
 0001:00009c78       fegetround                 000000014000ac78 f   libucrt:fegetround.obj
 0001:00009c8c       __acrt_initialize_new_handler 000000014000ac8c f   libucrt:new_handler.obj
 0001:00009c94       _callnewh                  000000014000ac94 f   libucrt:new_handler.obj
 0001:00009cc4       _query_new_handler         000000014000acc4 f   libucrt:new_handler.obj
 0001:00009cf8       _query_new_mode            000000014000acf8 f   libucrt:new_mode.obj
 0001:00009d00       _set_new_mode              000000014000ad00 f   libucrt:new_mode.obj
 0001:00009d2c       __acrt_initialize_heap     000000014000ad2c f   libucrt:heap_handle.obj
 0001:00009d48       __acrt_uninitialize_heap   000000014000ad48 f   libucrt:heap_handle.obj
 0001:00009d54       wcsncmp                    000000014000ad54 f   libucrt:wcsncmp.obj
 0001:00009d80       abort                      000000014000ad80 f   libucrt:abort.obj
 0001:00009dd8       __acrt_initialize_locks    000000014000add8 f   libucrt:locks.obj
 0001:00009e20       __acrt_lock                000000014000ae20 f   libucrt:locks.obj
 0001:00009e3c       __acrt_uninitialize_locks  000000014000ae3c f   libucrt:locks.obj
 0001:00009e74       __acrt_unlock              000000014000ae74 f   libucrt:locks.obj
 0001:00009e90       __acrt_DownlevelLocaleNameToLCID 000000014000ae90 f   libucrt:lcidtoname_downlevel.obj
 0001:00009f40       __acrt_get_process_end_policy 000000014000af40 f   libucrt:win_policies.obj
 0001:00009f7c       _fclose_nolock             000000014000af7c f   libucrt:fclose.obj
 0001:0000a000       fclose                     000000014000b000 f   libucrt:fclose.obj
 0001:0000a0f0       _commit                    000000014000b0f0 f   libucrt:commit.obj
 0001:0000aa00       _write                     000000014000ba00 f   libucrt:write.obj
 0001:0000aaec       _write_nolock              000000014000baec f   libucrt:write.obj
 0001:0000add0       __acrt_lowio_create_handle_array 000000014000bdd0 f   libucrt:osfinfo.obj
 0001:0000ae78       __acrt_lowio_destroy_handle_array 000000014000be78 f   libucrt:osfinfo.obj
 0001:0000aec8       __acrt_lowio_ensure_fh_exists 000000014000bec8 f   libucrt:osfinfo.obj
 0001:0000af70       __acrt_lowio_lock_fh       000000014000bf70 f   libucrt:osfinfo.obj
 0001:0000af98       __acrt_lowio_unlock_fh     000000014000bf98 f   libucrt:osfinfo.obj
 0001:0000afc0       _free_osfhnd               000000014000bfc0 f   libucrt:osfinfo.obj
 0001:0000b07c       _get_osfhandle             000000014000c07c f   libucrt:osfinfo.obj
 0001:0000b0f4       _isleadbyte_l              000000014000c0f4 f i libucrt:_wctype.obj
 0001:0000b140       __acrt_MultiByteToWideChar 000000014000c140 f   libucrt:multibytetowidechar.obj
 0001:0000b19c       ?__mbrtowc_utf8@__crt_mbstring@@YA_KPEA_WPEBD_KPEAU_Mbstatet@@@Z 000000014000c19c f   libucrt:mbrtowc.obj
 0001:0000b1d8       ?__mbsrtowcs_utf8@__crt_mbstring@@YA_KPEA_WPEAPEBD_KPEAU_Mbstatet@@@Z 000000014000c1d8 f   libucrt:mbrtowc.obj
 0001:0000b350       __acrt_WideCharToMultiByte 000000014000c350 f   libucrt:widechartomultibyte.obj
 0001:0000b400       ?__c32rtomb_utf8@__crt_mbstring@@YA_KPEAD_UPEAU_Mbstatet@@@Z 000000014000c400 f   libucrt:c32rtomb.obj
 0001:0000b4b4       __acrt_add_locale_ref      000000014000c4b4 f   libucrt:locale_refcounting.obj
 0001:0000b540       __acrt_free_locale         000000014000c540 f   libucrt:locale_refcounting.obj
 0001:0000b6b8       __acrt_locale_add_lc_time_reference 000000014000c6b8 f   libucrt:locale_refcounting.obj
 0001:0000b6e0       __acrt_locale_free_lc_time_if_unreferenced 000000014000c6e0 f   libucrt:locale_refcounting.obj
 0001:0000b718       __acrt_locale_release_lc_time_reference 000000014000c718 f   libucrt:locale_refcounting.obj
 0001:0000b740       __acrt_release_locale_ref  000000014000c740 f   libucrt:locale_refcounting.obj
 0001:0000b7e8       __acrt_update_thread_locale_data 000000014000c7e8 f   libucrt:locale_refcounting.obj
 0001:0000b858       _updatetlocinfoEx_nolock   000000014000c858 f   libucrt:locale_refcounting.obj
 0001:0000bfe8       __acrt_initialize_multibyte 000000014000cfe8 f   libucrt:mbctype.obj
 0001:0000c048       __acrt_update_thread_multibyte_data 000000014000d048 f   libucrt:mbctype.obj
 0001:0000c064       _setmbcp_nolock            000000014000d064 f   libucrt:mbctype.obj
 0001:0000c320       _seh_filter_exe            000000014000d320 f   libucrt:exception_filter.obj
 0001:0000c4a4       strcpy_s                   000000014000d4a4 f   libucrt:strcpy_s.obj
 0001:0000c504       __acrt_fp_strflt_to_string 000000014000d504 f   libucrt:_fptostr.obj
 0001:0000c660       __acrt_fltout              000000014000d660 f   libucrt:cfout.obj
 0001:0000da04       __acrt_stdio_flush_and_write_narrow_nolock 000000014000ea04 f   libucrt:_flsbuf.obj
 0001:0000dabc       _isatty                    000000014000eabc f   libucrt:isatty.obj
 0001:0000db1c       __acrt_locale_free_monetary 000000014000eb1c f   libucrt:initmon.obj
 0001:0000dc28       __acrt_locale_free_numeric 000000014000ec28 f   libucrt:initnum.obj
 0001:0000dcec       __acrt_locale_free_time    000000014000ecec f   libucrt:inittime.obj
 0001:0000ddf4       __acrt_GetStringTypeA      000000014000edf4 f   libucrt:getstringtypea.obj
 0001:0000df84       __acrt_fenv_get_common_round_control 000000014000ef84 f   libucrt:_fenvutils.obj
 0001:0000df90       __acrt_fenv_get_control    000000014000ef90 f   libucrt:_fenvutils.obj
 0001:0000e084       __acrt_fenv_get_status     000000014000f084 f   libucrt:_fenvutils.obj
 0001:0000e0d8       __acrt_fenv_set_control    000000014000f0d8 f   libucrt:_fenvutils.obj
 0001:0000e220       __acrt_fenv_set_status     000000014000f220 f   libucrt:_fenvutils.obj
 0001:0000e510       __acrt_initialize_thread_local_exit_callback 000000014000f510 f   libucrt:exit.obj
 0001:0000e518       _c_exit                    000000014000f518 f   libucrt:exit.obj
 0001:0000e528       _cexit                     000000014000f528 f   libucrt:exit.obj
 0001:0000e538       _exit                      000000014000f538 f   libucrt:exit.obj
 0001:0000e544       _register_thread_local_exe_atexit_callback 000000014000f544 f   libucrt:exit.obj
 0001:0000e580       exit                       000000014000f580 f   libucrt:exit.obj
 0001:0000e5d4       __acrt_get_sigabrt_handler 000000014000f5d4 f   libucrt:signal.obj
 0001:0000e604       __acrt_initialize_signal_handlers 000000014000f604 f   libucrt:signal.obj
 0001:0000e624       raise                      000000014000f624 f   libucrt:signal.obj
 0001:0000e890       __ascii_wcsnicmp           000000014000f890 f   libucrt:wcsnicmp.obj
 0001:0000e950       _close                     000000014000f950 f   libucrt:close.obj
 0001:0000e9f4       _close_nolock              000000014000f9f4 f   libucrt:close.obj
 0001:0000eab4       ?__acrt_stdio_free_stream@@YAXV__crt_stdio_stream@@@Z 000000014000fab4 f   libucrt:stream.obj
 0001:0000ec5c       _lseeki64                  000000014000fc5c f   libucrt:lseek.obj
 0001:0000ec64       _lseeki64_nolock           000000014000fc64 f   libucrt:lseek.obj
 0001:0000ec6c       _putwch_nolock             000000014000fc6c f   libucrt:putwch.obj
 0001:0000eca8       _query_app_type            000000014000fca8 f   libucrt:report_runtime_error.obj
 0001:0000ecb0       _set_app_type              000000014000fcb0 f   libucrt:report_runtime_error.obj
 0001:0000ecb8       ?__mbrtoc32_utf8@__crt_mbstring@@YA_KPEA_UPEBD_KPEAU_Mbstatet@@@Z 000000014000fcb8 f   libucrt:mbrtoc32.obj
 0001:0000f1a8       __acrt_LCMapStringA        00000001400101a8 f   libucrt:lcmapstringa.obj
 0001:0000f258       _controlfp_s               0000000140010258 f   libucrt:contrlfp.obj
 0001:0000f2bc       fegetenv                   00000001400102bc f   libucrt:fegetenv.obj
 0001:0000f2dc       fesetenv                   00000001400102dc f   libucrt:fesetenv.obj
 0001:0000f328       feholdexcept               0000000140010328 f   libucrt:feholdexcept.obj
 0001:0000f378       ceil                       0000000140010378 f   libucrt:ceil.obj
 0001:0000f440       log10                      0000000140010440 f   libucrt:log10.obj
 0001:0000f9ec       __acrt_stdio_allocate_buffer_nolock 00000001400109ec f   libucrt:_getbuf.obj
 0001:0000fa58       _initterm                  0000000140010a58 f   libucrt:initterm.obj
 0001:0000fabc       _initterm_e                0000000140010abc f   libucrt:initterm.obj
 0001:0000fe3c       _crt_atexit                0000000140010e3c f   libucrt:onexit.obj
 0001:0000fe4c       _execute_onexit_table      0000000140010e4c f   libucrt:onexit.obj
 0001:0000fe88       _initialize_onexit_table   0000000140010e88 f   libucrt:onexit.obj
 0001:0000feb0       _register_onexit_function  0000000140010eb0 f   libucrt:onexit.obj
 0001:0000fef8       terminate                  0000000140010ef8 f   libucrt:terminate.obj
 0001:0000ff18       __dcrt_lowio_ensure_console_output_initialized 0000000140010f18 f   libucrt:initcon.obj
 0001:0000ff6c       __dcrt_terminate_console_output 0000000140010f6c f   libucrt:initcon.obj
 0001:0000ff88       __dcrt_write_console       0000000140010f88 f   libucrt:initcon.obj
 0001:00010048       strncpy_s                  0000000140011048 f   libucrt:strncpy_s.obj
 0001:0001011c       __strncnt                  000000014001111c f   libucrt:strncnt.obj
 0001:00010134       _clearfp                   0000000140011134 f   libucrt:ieee.obj
 0001:000101a4       _control87                 00000001400111a4 f   libucrt:ieee.obj
 0001:00010590       _handle_error              0000000140011590 f   libucrt:libm_error.obj
 0001:000106b8       _handle_nan                00000001400116b8 f   libucrt:libm_error.obj
 0001:000106e0       __acrt_initialize_fma3     00000001400116e0 f   libucrt:fma3_available.obj
 0001:00010750       _log10_special             0000000140011750 f   libucrt:log_special.obj
 0001:00010808       _recalloc_base             0000000140011808 f   libucrt:recalloc.obj
 0001:000108b0       _get_fpsr                  00000001400118b0 f   libucrt:fpsr.obj
 0001:000108c0       _set_fpsr                  00000001400118c0 f   libucrt:fpsr.obj
 0001:000108ca       _fclrf                     00000001400118ca f   libucrt:fpsr.obj
 0001:000108de       _frnd                      00000001400118de f   libucrt:fpsr.obj
 0001:00010900       __acrt_has_user_matherr    0000000140011900 f   libucrt:matherr.obj
 0001:00010920       __acrt_initialize_user_matherr 0000000140011920 f   libucrt:matherr.obj
 0001:00010928       __acrt_invoke_user_matherr 0000000140011928 f   libucrt:matherr.obj
 0001:00010958       __setusermatherr           0000000140011958 f   libucrt:matherr.obj
 0001:00010980       _raise_exc                 0000000140011980 f   libucrt:fpexcept.obj
 0001:000109a8       _raise_exc_ex              00000001400119a8 f   libucrt:fpexcept.obj
 0001:00010cb8       _set_errno_from_matherr    0000000140011cb8 f   libucrt:fpexcept.obj
 0001:00010ce8       _clrfp                     0000000140011ce8 f   libucrt:fpctrl.obj
 0001:00010d08       _ctrlfp                    0000000140011d08 f   libucrt:fpctrl.obj
 0001:00010d84       _set_statfp                0000000140011d84 f   libucrt:fpctrl.obj
 0001:00010da4       _statfp                    0000000140011da4 f   libucrt:fpctrl.obj
 0001:00010db8       _msize_base                0000000140011db8 f   libucrt:msize.obj
 0001:00010df4       _realloc_base              0000000140011df4 f   libucrt:realloc_base.obj
 0001:00010e70       strchr                     0000000140011e70 f   libvcruntime:strchr.obj
 0001:00010ef0       __C_specific_handler       0000000140011ef0 f   libvcruntime:riscchandler.obj
 0001:00011100       memcpy_repmovs             0000000140012100 f   libvcruntime:memcpy.obj
 0001:00011120       memcpy                     0000000140012120 f   libvcruntime:memcpy.obj
 0001:00011120       memmove                    0000000140012120 f   libvcruntime:memcpy.obj
 0001:000117b0       memset_repstos             00000001400127b0 f   libvcruntime:memset.obj
 0001:000117d0       memset                     00000001400127d0 f   libvcruntime:memset.obj
 0001:00011b58       strrchr                    0000000140012b58 f   libvcruntime:strrchr.obj
 0001:00011cb0       memcmp                     0000000140012cb0 f   libvcruntime:memcmp.obj
 0001:00011d90       _NLG_Notify                0000000140012d90 f   libvcruntime:notify.obj
 0001:00011db0       __NLG_Dispatch2            0000000140012db0 f   libvcruntime:notify.obj
 0001:00011dc0       __NLG_Return2              0000000140012dc0 f   libvcruntime:notify.obj
 0001:00011dc4       _initialize_denormal_control 0000000140012dc4 f i libcmt:denormal_control.obj
 0001:00011dc4       _guard_check_icall_nop     0000000140012dc4 f i libvcruntime:jbcxrval.obj
 0001:00011dc4       _initialize_invalid_parameter_handler 0000000140012dc4 f i libcmt:invalid_parameter_handler.obj
 0001:00011dc8       __except_validate_context_record 0000000140012dc8 f   libvcruntime:jbcxrval.obj
 0001:00011e00       __DestructExceptionObject  0000000140012e00 f   libvcruntime:ehhelpers.obj
 0001:00011e70       ?_CallMemberFunction0@@YAXQEAX0@Z 0000000140012e70 f i libvcruntime:ehhelpers.obj
 0001:00011e74       __current_exception        0000000140012e74 f   libvcruntime:ehhelpers.obj
 0001:00011e88       __current_exception_context 0000000140012e88 f   libvcruntime:ehhelpers.obj
 0001:00011e9c       __vcrt_freefls             0000000140012e9c f   libvcruntime:per_thread_data.obj
 0001:00011ebc       __vcrt_getptd              0000000140012ebc f   libvcruntime:per_thread_data.obj
 0001:00011ed8       __vcrt_getptd_noexit       0000000140012ed8 f   libvcruntime:per_thread_data.obj
 0001:00011f98       __vcrt_initialize_ptd      0000000140012f98 f   libvcruntime:per_thread_data.obj
 0001:00011fe0       __vcrt_uninitialize_ptd    0000000140012fe0 f   libvcruntime:per_thread_data.obj
 0001:00012154       __vcrt_FlsAlloc            0000000140013154 f   libvcruntime:winapi_downlevel.obj
 0001:0001219c       __vcrt_FlsFree             000000014001319c f   libvcruntime:winapi_downlevel.obj
 0001:000121e4       __vcrt_FlsGetValue         00000001400131e4 f   libvcruntime:winapi_downlevel.obj
 0001:0001222c       __vcrt_FlsSetValue         000000014001322c f   libvcruntime:winapi_downlevel.obj
 0001:00012280       __vcrt_InitializeCriticalSectionEx 0000000140013280 f   libvcruntime:winapi_downlevel.obj
 0001:000122e4       __GSHandlerCheck           00000001400132e4 f   libcmt:gshandler.obj
 0001:00012304       __GSHandlerCheckCommon     0000000140013304 f   libcmt:gshandler.obj
 0001:00012370       __security_check_cookie    0000000140013370 f   libcmt:amdsecgs.obj
 0001:000125f0       mainCRTStartup             00000001400135f0 f   libcmt:exe_main.obj
 0001:00012604       __crt_debugger_hook        0000000140013604 f   libcmt:utility_desktop.obj
 0001:0001260c       __scrt_fastfail            000000014001360c f   libcmt:utility_desktop.obj
 0001:00012758       __scrt_initialize_mta      0000000140013758 f   libcmt:utility_desktop.obj
 0001:00012760       _get_startup_commit_mode   0000000140013760 f   libcmt:commit_mode.obj
 0001:00012760       __scrt_initialize_winrt    0000000140013760 f   libcmt:utility_desktop.obj
 0001:00012760       _get_startup_thread_locale_mode 0000000140013760 f   libcmt:thread_locale.obj
 0001:00012760       __scrt_exe_initialize_mta  0000000140013760 f   libcmt:utility_desktop.obj
 0001:00012760       _get_startup_new_mode      0000000140013760 f   libcmt:new_mode.obj
 0001:00012760       _matherr                   0000000140013760 f   libcmt:matherr.obj
 0001:00012760       __scrt_stub_for_initialize_mta 0000000140013760 f   libcmt:utility_desktop.obj
 0001:00012764       __scrt_is_managed_app      0000000140013764 f   libcmt:utility_desktop.obj
 0001:000127b8       __scrt_set_unhandled_exception_filter 00000001400137b8 f   libcmt:utility_desktop.obj
 0001:000127c8       __scrt_unhandled_exception_filter 00000001400137c8 f   libcmt:utility_desktop.obj
 0001:00012824       __isa_available_init       0000000140013824 f   libcmt:cpu_disp.obj
 0001:000129d0       __raise_securityfailure    00000001400139d0 f   libcmt:gs_report.obj
 0001:00012a04       __report_gsfailure         0000000140013a04 f   libcmt:gs_report.obj
 0001:00012ad8       __report_rangecheckfailure 0000000140013ad8 f   libcmt:gs_report.obj
 0001:00012aec       __report_securityfailure   0000000140013aec f   libcmt:gs_report.obj
 0001:00012c80       _alloca_probe              0000000140013c80 f   libcmt:chkstk.obj
 0001:00012c80       __chkstk                   0000000140013c80 f   libcmt:chkstk.obj
 0001:00012cd0       _FindPESection             0000000140013cd0 f   libcmt:pesect.obj
 0001:00012d20       _IsNonwritableInCurrentImage 0000000140013d20 f   libcmt:pesect.obj
 0001:00012d70       _ValidateImageBase         0000000140013d70 f   libcmt:pesect.obj
 0001:00012d9c       __scrt_acquire_startup_lock 0000000140013d9c f   libcmt:utility.obj
 0001:00012dd8       __scrt_initialize_crt      0000000140013dd8 f   libcmt:utility.obj
 0001:00012e24       __scrt_initialize_onexit_tables 0000000140013e24 f   libcmt:utility.obj
 0001:00012eb0       __scrt_is_nonwritable_in_current_image 0000000140013eb0 f   libcmt:utility.obj
 0001:00012f48       __scrt_release_startup_lock 0000000140013f48 f   libcmt:utility.obj
 0001:00012f6c       __scrt_uninitialize_crt    0000000140013f6c f   libcmt:utility.obj
 0001:00012f98       _onexit                    0000000140013f98 f   libcmt:utility.obj
 0001:00012fd4       atexit                     0000000140013fd4 f   libcmt:utility.obj
 0001:00012fec       __security_init_cookie     0000000140013fec f   libcmt:gs_support.obj
 0001:00013098       _get_startup_argv_mode     0000000140014098 f   libcmt:argv_mode.obj
 0001:000130a0       _get_startup_file_mode     00000001400140a0 f   libcmt:file_mode.obj
 0001:000130a8       ?__scrt_initialize_type_info@@YAXXZ 00000001400140a8 f   libcmt:tncleanup.obj
 0001:000130b8       _should_initialize_environment 00000001400140b8 f   libcmt:env_mode.obj
 0001:000130b8       __acrt_uninitialize_command_line 00000001400140b8 f   libucrt:argv_data.obj
 0001:000130bc       __local_stdio_scanf_options 00000001400140bc f i libcmt:default_local_stdio_options.obj
 0001:000130c4       __scrt_initialize_default_local_stdio_options 00000001400140c4 f   libcmt:default_local_stdio_options.obj
 0001:000130e0       __scrt_is_user_matherr_present 00000001400140e0 f   libcmt:matherr_detection.obj
 0001:000130ec       __scrt_get_dyn_tls_init_callback 00000001400140ec f   libcmt:dyn_tls_init.obj
 0001:000130f4       __scrt_get_dyn_tls_dtor_callback 00000001400140f4 f   libcmt:dyn_tls_dtor.obj
 0001:000130fc       _RTC_Initialize            00000001400140fc f   libcmt:initsect.obj
 0001:00013138       _RTC_Terminate             0000000140014138 f   libcmt:initsect.obj
 0001:00013180       __scrt_is_ucrt_dll_in_use  0000000140014180 f   libcmt:ucrt_detection.obj
 0001:0001318c       inet_ntop                  000000014001418c f   ws2_32:WS2_32.dll
 0001:00013194       calloc                     0000000140014194 f   libucrt:calloc.obj
 0001:0001319c       free                       000000014001419c f   libucrt:free.obj
 0001:00013370       __acrt_allocate_buffer_for_argv 0000000140014370 f   libucrt:argv_parsing.obj
 0001:000133d0       _configure_narrow_argv     00000001400143d0 f   libucrt:argv_parsing.obj
 0001:0001381c       __dcrt_get_or_create_narrow_environment_nolock 000000014001481c f   libucrt:environment_initialization.obj
 0001:00013858       __dcrt_uninitialize_environments_nolock 0000000140014858 f   libucrt:environment_initialization.obj
 0001:00013890       _get_initial_narrow_environment 0000000140014890 f   libucrt:environment_initialization.obj
 0001:000138e0       _initialize_narrow_environment 00000001400148e0 f   libucrt:environment_initialization.obj
 0001:000138e8       _set_fmode                 00000001400148e8 f   libucrt:setmode.obj
 0001:00013928       __acrt_initialize_command_line 0000000140014928 f   libucrt:argv_data.obj
 0001:00013950       __p___argc                 0000000140014950 f   libucrt:argv_data.obj
 0001:00013958       __p___argv                 0000000140014958 f   libucrt:argv_data.obj
 0001:00013960       __p__commode               0000000140014960 f   libucrt:ncommode.obj
 0001:00013a94       __acrt_initialize          0000000140014a94 f   libucrt:initialization.obj
 0001:00013aa8       __acrt_uninitialize        0000000140014aa8 f   libucrt:initialization.obj
 0001:00013af4       ??$__acrt_mbs_to_wcs_cp@U__crt_win32_buffer_internal_dynamic_resizing@@@@YAHQEBDAEAV?$__crt_win32_buffer@_WU__crt_win32_buffer_internal_dynamic_resizing@@@@I@Z 0000000140014af4 f i libucrt:argv_wildcards.obj
 0001:00013c6c       ??$__acrt_wcs_to_mbs_cp@U__crt_win32_buffer_internal_dynamic_resizing@@@@YAHQEB_WAEAV?$__crt_win32_buffer@DU__crt_win32_buffer_internal_dynamic_resizing@@@@I@Z 0000000140014c6c f i libucrt:argv_wildcards.obj
 0001:0001449c       __acrt_expand_narrow_argv_wildcards 000000014001549c f   libucrt:argv_wildcards.obj
 0001:000144a4       ??$__acrt_wcs_to_mbs_cp@U__crt_win32_buffer_no_resizing@@@@YAHQEB_WAEAV?$__crt_win32_buffer@DU__crt_win32_buffer_no_resizing@@@@I@Z 00000001400154a4 f i libucrt:getmodulefilenamea.obj
 0001:000145b8       __acrt_GetModuleFileNameA  00000001400155b8 f   libucrt:getmodulefilenamea.obj
 0001:00014750       _ismbblead                 0000000140015750 f   libucrt:ismbbyte.obj
 0001:00014764       __dcrt_get_narrow_environment_from_os 0000000140015764 f   libucrt:get_environment_from_os.obj
 0001:00014c70       __dcrt_set_variable_in_narrow_environment_nolock 0000000140015c70 f   libucrt:setenv.obj
 0001:00014c78       __acrt_initialize_fmode    0000000140015c78 f   libucrt:txtmode.obj
 0001:00014c94       __acrt_execute_initializers 0000000140015c94 f   libucrt:shared_initialization.obj
 0001:00014d14       __acrt_execute_uninitializers 0000000140015d14 f   libucrt:shared_initialization.obj
 0001:00014d50       qsort                      0000000140015d50 f   libucrt:qsort.obj
 0001:00015190       strpbrk                    0000000140016190 f   libucrt:strpbrk.obj
 0001:00015558       _mbsdec                    0000000140016558 f   libucrt:mbsdec.obj
 0001:00015560       _mbsdec_l                  0000000140016560 f   libucrt:mbsdec.obj
 0001:000155f4       _strnicoll                 00000001400165f4 f   libucrt:strnicol.obj
 0001:0001560c       _strnicoll_l               000000014001660c f   libucrt:strnicol.obj
 0001:0001570c       __acrt_SetEnvironmentVariableA 000000014001670c f   libucrt:setenvironmentvariablea.obj
 0001:000158a4       __ascii_strnicmp           00000001400168a4 f   libucrt:strnicmp.obj
 0001:000158f0       _strnicmp                  00000001400168f0 f   libucrt:strnicmp.obj
 0001:00015940       _strnicmp_l                0000000140016940 f   libucrt:strnicmp.obj
 0001:00015d50       __acrt_CompareStringA      0000000140016d50 f   libucrt:comparestringa.obj
 0001:00015ddc       __vcrt_initialize          0000000140016ddc f   libvcruntime:initialization.obj
 0001:00015e04       __vcrt_uninitialize        0000000140016e04 f   libvcruntime:initialization.obj
 0001:00015e20       __vcrt_initialize_locks    0000000140016e20 f   libvcruntime:locks.obj
 0001:00015e68       __vcrt_uninitialize_locks  0000000140016e68 f   libvcruntime:locks.obj
 0001:00015eb0       _CallSettingFrame          0000000140016eb0 f   libvcruntime:handlers.obj
 0001:00015f00       _CallSettingFrame_LookupContinuationIndex 0000000140016f00 f   libvcruntime:handlers.obj
 0001:00015f30       _CallSettingFrame_NotifyContinuationAddr 0000000140016f30 f   libvcruntime:handlers.obj
 0001:00015f60       _CallSettingFrameEncoded   0000000140016f60 f   libvcruntime:handlers.obj
 0001:00015fc0       _guard_dispatch_icall_nop  0000000140016fc0 f   libcmt:guard_dispatch.obj
 0001:00015fe0       _guard_xfg_dispatch_icall_nop 0000000140016fe0 f   libcmt:guard_xfg_dispatch.obj
 0002:00000000       __imp_CloseHandle          0000000140018000     kernel32:KERNEL32.dll
 0002:00000008       __imp_QueryPerformanceCounter 0000000140018008     kernel32:KERNEL32.dll
 0002:00000010       __imp_QueryPerformanceFrequency 0000000140018010     kernel32:KERNEL32.dll
 0002:00000018       __imp_WaitForSingleObject  0000000140018018     kernel32:KERNEL32.dll
 0002:00000020       __imp_Sleep                0000000140018020     kernel32:KERNEL32.dll
 0002:00000028       __imp_CreateThread         0000000140018028     kernel32:KERNEL32.dll
 0002:00000030       __imp_SetEnvironmentVariableW 0000000140018030     kernel32:KERNEL32.dll
 0002:00000038       __imp_FreeEnvironmentStringsW 0000000140018038     kernel32:KERNEL32.dll
 0002:00000040       __imp_GetEnvironmentStringsW 0000000140018040     kernel32:KERNEL32.dll
 0002:00000048       __imp_FindNextFileW        0000000140018048     kernel32:KERNEL32.dll
 0002:00000050       __imp_FindFirstFileExW     0000000140018050     kernel32:KERNEL32.dll
 0002:00000058       __imp_FindClose            0000000140018058     kernel32:KERNEL32.dll
 0002:00000060       __imp_GetCommandLineW      0000000140018060     kernel32:KERNEL32.dll
 0002:00000068       __imp_GetCommandLineA      0000000140018068     kernel32:KERNEL32.dll
 0002:00000070       __imp_InitializeSListHead  0000000140018070     kernel32:KERNEL32.dll
 0002:00000078       __imp_GetCurrentProcessId  0000000140018078     kernel32:KERNEL32.dll
 0002:00000080       __imp_RtlUnwindEx          0000000140018080     kernel32:KERNEL32.dll
 0002:00000088       __imp_HeapReAlloc          0000000140018088     kernel32:KERNEL32.dll
 0002:00000090       __imp_HeapSize             0000000140018090     kernel32:KERNEL32.dll
 0002:00000098       __imp_RaiseException       0000000140018098     kernel32:KERNEL32.dll
 0002:000000a0       __imp_WriteConsoleW        00000001400180a0     kernel32:KERNEL32.dll
 0002:000000a8       __imp_CreateFileW          00000001400180a8     kernel32:KERNEL32.dll
 0002:000000b0       __imp_GetModuleFileNameW   00000001400180b0     kernel32:KERNEL32.dll
 0002:000000b8       __imp_GetModuleHandleExW   00000001400180b8     kernel32:KERNEL32.dll
 0002:000000c0       __imp_GetModuleHandleW     00000001400180c0     kernel32:KERNEL32.dll
 0002:000000c8       __imp_ExitProcess          00000001400180c8     kernel32:KERNEL32.dll
 0002:000000d0       __imp_GetStringTypeW       00000001400180d0     kernel32:KERNEL32.dll
 0002:000000d8       __imp_EnterCriticalSection 00000001400180d8     kernel32:KERNEL32.dll
 0002:000000e0       __imp_LeaveCriticalSection 00000001400180e0     kernel32:KERNEL32.dll
 0002:000000e8       __imp_DeleteCriticalSection 00000001400180e8     kernel32:KERNEL32.dll
 0002:000000f0       __imp_RtlCaptureContext    00000001400180f0     kernel32:KERNEL32.dll
 0002:000000f8       __imp_RtlLookupFunctionEntry 00000001400180f8     kernel32:KERNEL32.dll
 0002:00000100       __imp_RtlVirtualUnwind     0000000140018100     kernel32:KERNEL32.dll
 0002:00000108       __imp_IsDebuggerPresent    0000000140018108     kernel32:KERNEL32.dll
 0002:00000110       __imp_UnhandledExceptionFilter 0000000140018110     kernel32:KERNEL32.dll
 0002:00000118       __imp_SetUnhandledExceptionFilter 0000000140018118     kernel32:KERNEL32.dll
 0002:00000120       __imp_GetCurrentProcess    0000000140018120     kernel32:KERNEL32.dll
 0002:00000128       __imp_TerminateProcess     0000000140018128     kernel32:KERNEL32.dll
 0002:00000130       __imp_IsProcessorFeaturePresent 0000000140018130     kernel32:KERNEL32.dll
 0002:00000138       __imp_HeapAlloc            0000000140018138     kernel32:KERNEL32.dll
 0002:00000140       __imp_GetLastError         0000000140018140     kernel32:KERNEL32.dll
 0002:00000148       __imp_HeapFree             0000000140018148     kernel32:KERNEL32.dll
 0002:00000150       __imp_InitializeCriticalSectionAndSpinCount 0000000140018150     kernel32:KERNEL32.dll
 0002:00000158       __imp_TlsAlloc             0000000140018158     kernel32:KERNEL32.dll
 0002:00000160       __imp_TlsGetValue          0000000140018160     kernel32:KERNEL32.dll
 0002:00000168       __imp_TlsSetValue          0000000140018168     kernel32:KERNEL32.dll
 0002:00000170       __imp_TlsFree              0000000140018170     kernel32:KERNEL32.dll
 0002:00000178       __imp_GetSystemTimeAsFileTime 0000000140018178     kernel32:KERNEL32.dll
 0002:00000180       __imp_FreeLibrary          0000000140018180     kernel32:KERNEL32.dll
 0002:00000188       __imp_GetProcAddress       0000000140018188     kernel32:KERNEL32.dll
 0002:00000190       __imp_LoadLibraryExW       0000000140018190     kernel32:KERNEL32.dll
 0002:00000198       __imp_CompareStringW       0000000140018198     kernel32:KERNEL32.dll
 0002:000001a0       __imp_LCMapStringW         00000001400181a0     kernel32:KERNEL32.dll
 0002:000001a8       __imp_GetStdHandle         00000001400181a8     kernel32:KERNEL32.dll
 0002:000001b0       __imp_GetFileType          00000001400181b0     kernel32:KERNEL32.dll
 0002:000001b8       __imp_GetStartupInfoW      00000001400181b8     kernel32:KERNEL32.dll
 0002:000001c0       __imp_SetLastError         00000001400181c0     kernel32:KERNEL32.dll
 0002:000001c8       __imp_GetCurrentThreadId   00000001400181c8     kernel32:KERNEL32.dll
 0002:000001d0       __imp_GetProcessHeap       00000001400181d0     kernel32:KERNEL32.dll
 0002:000001d8       __imp_FlushFileBuffers     00000001400181d8     kernel32:KERNEL32.dll
 0002:000001e0       __imp_WriteFile            00000001400181e0     kernel32:KERNEL32.dll
 0002:000001e8       __imp_GetConsoleOutputCP   00000001400181e8     kernel32:KERNEL32.dll
 0002:000001f0       __imp_GetConsoleMode       00000001400181f0     kernel32:KERNEL32.dll
 0002:000001f8       __imp_SetStdHandle         00000001400181f8     kernel32:KERNEL32.dll
 0002:00000200       __imp_MultiByteToWideChar  0000000140018200     kernel32:KERNEL32.dll
 0002:00000208       __imp_GetCPInfo            0000000140018208     kernel32:KERNEL32.dll
 0002:00000210       __imp_WideCharToMultiByte  0000000140018210     kernel32:KERNEL32.dll
 0002:00000218       __imp_IsValidCodePage      0000000140018218     kernel32:KERNEL32.dll
 0002:00000220       __imp_GetACP               0000000140018220     kernel32:KERNEL32.dll
 0002:00000228       __imp_GetOEMCP             0000000140018228     kernel32:KERNEL32.dll
 0002:00000230       __imp_GetFileSizeEx        0000000140018230     kernel32:KERNEL32.dll
 0002:00000238       __imp_SetFilePointerEx     0000000140018238     kernel32:KERNEL32.dll
 0002:00000240       \177KERNEL32_NULL_THUNK_DATA 0000000140018240     kernel32:KERNEL32.dll
 0002:00000248       __imp_PostMessageW         0000000140018248     user32:USER32.dll
 0002:00000250       __imp_SendInput            0000000140018250     user32:USER32.dll
 0002:00000258       __imp_GetLastActivePopup   0000000140018258     user32:USER32.dll
 0002:00000260       __imp_GetAncestor          0000000140018260     user32:USER32.dll
 0002:00000268       __imp_IsWindowVisible      0000000140018268     user32:USER32.dll
 0002:00000270       \177USER32_NULL_THUNK_DATA 0000000140018270     user32:USER32.dll
 0002:00000278       __imp_WSAStartup           0000000140018278     ws2_32:WS2_32.dll
 0002:00000280       __imp_gethostname          0000000140018280     ws2_32:WS2_32.dll
 0002:00000288       __imp_socket               0000000140018288     ws2_32:WS2_32.dll
 0002:00000290       __imp_shutdown             0000000140018290     ws2_32:WS2_32.dll
 0002:00000298       __imp_setsockopt           0000000140018298     ws2_32:WS2_32.dll
 0002:000002a0       __imp_sendto               00000001400182a0     ws2_32:WS2_32.dll
 0002:000002a8       __imp_WSAGetLastError      00000001400182a8     ws2_32:WS2_32.dll
 0002:000002b0       __imp_select               00000001400182b0     ws2_32:WS2_32.dll
 0002:000002b8       __imp_recv                 00000001400182b8     ws2_32:WS2_32.dll
 0002:000002c0       __imp_listen               00000001400182c0     ws2_32:WS2_32.dll
 0002:000002c8       __imp_htons                00000001400182c8     ws2_32:WS2_32.dll
 0002:000002d0       __imp_closesocket          00000001400182d0     ws2_32:WS2_32.dll
 0002:000002d8       __imp_bind                 00000001400182d8     ws2_32:WS2_32.dll
 0002:000002e0       __imp_accept               00000001400182e0     ws2_32:WS2_32.dll
 0002:000002e8       __imp_WSACleanup           00000001400182e8     ws2_32:WS2_32.dll
 0002:000002f0       __imp_WSAIoctl             00000001400182f0     ws2_32:WS2_32.dll
 0002:000002f8       __imp_getaddrinfo          00000001400182f8     ws2_32:WS2_32.dll
 0002:00000300       __imp_freeaddrinfo         0000000140018300     ws2_32:WS2_32.dll
 0002:00000308       __imp_inet_ntop            0000000140018308     ws2_32:WS2_32.dll
 0002:00000310       __imp_inet_pton            0000000140018310     ws2_32:WS2_32.dll
 0002:00000318       __imp_send                 0000000140018318     ws2_32:WS2_32.dll
 0002:00000320       \177WS2_32_NULL_THUNK_DATA 0000000140018320     ws2_32:WS2_32.dll
 0002:00000328       __guard_check_icall_fptr   0000000140018328     libvcruntime:jbcxrval.obj
 0002:00000330       __guard_xfg_check_icall_fptr 0000000140018330     libcmt:guard_support.obj
 0002:00000338       __guard_dispatch_icall_fptr 0000000140018338     libcmt:guard_support.obj
 0002:00000340       __guard_xfg_dispatch_icall_fptr 0000000140018340     libcmt:guard_support.obj
 0002:00000348       __guard_xfg_table_dispatch_icall_fptr 0000000140018348     libcmt:guard_support.obj
 0002:00000350       __castguard_check_failure_os_handled_fptr 0000000140018350     libcmt:guard_support.obj
 0002:00000358       __guard_memcpy_fptr        0000000140018358     libvcruntime:softmemtag.obj
 0002:00000360       __xc_a                     0000000140018360     libcmt:initializers.obj
 0002:00000370       __xc_z                     0000000140018370     libcmt:initializers.obj
 0002:00000378       __xi_a                     0000000140018378     libcmt:initializers.obj
 0002:00000390       __acrt_stdio_initializer   0000000140018390     libucrt:stdio_initializer.obj
 0002:00000398       __acrt_multibyte_initializer 0000000140018398     libucrt:multibyte_initializer.obj
 0002:000003a0       __acrt_tran_fma3_initializer 00000001400183a0     libucrt:fma3_initializer.obj
 0002:000003a8       __acrt_fmode_initializer   00000001400183a8     libucrt:fmode_initializer.obj
 0002:000003b0       __xi_z                     00000001400183b0     libcmt:initializers.obj
 0002:000003b8       __xp_a                     00000001400183b8     libcmt:initializers.obj
 0002:000003c0       __acrt_locale_terminator   00000001400183c0     libucrt:locale_initializer.obj
 0002:000003c8       __dcrt_console_output_terminator 00000001400183c8     libucrt:console_output_initializer.obj
 0002:000003d0       __acrt_stdio_terminator    00000001400183d0     libucrt:stdio_initializer.obj
 0002:000003d8       __xp_z                     00000001400183d8     libcmt:initializers.obj
 0002:000003e0       __xt_a                     00000001400183e0     libcmt:initializers.obj
 0002:000003e8       __xt_z                     00000001400183e8     libcmt:initializers.obj
 0002:00000738       __real@3f800000            0000000140018738     main.obj
 0002:0000073c       __real@447a0000            000000014001873c     main.obj
 0002:00000740       ?standard_lookup_table_spectre@__crt_stdio_output@@3V?$spectre_mitigated_lookup_table@Ustate_transition_pair@__crt_stdio_output@@$0IA@@1@B 0000000140018740     libucrt:output.obj
 0002:00000b40       ??_C@_1O@CEDCILHN@?$AA?$CI?$AAn?$AAu?$AAl?$AAl?$AA?$CJ@ 0000000140018b40     libucrt:output.obj
 0002:00000b50       ??_C@_06OJHGLDPL@?$CInull?$CJ@ 0000000140018b50     libucrt:output.obj
 0002:00000b60       ?large_power_data@?1??multiply_by_power_of_ten@__crt_strtox@@YA_NAEAUbig_integer@2@I@Z@4QBIB 0000000140018b60     libucrt:atof.obj
 0002:00001470       ?large_power_indices@?1??multiply_by_power_of_ten@__crt_strtox@@YA_NAEAUbig_integer@2@I@Z@4QBUunpack_index@?1??12@YA_N0I@Z@B 0000000140019470     libucrt:atof.obj
 0002:00001508       ?small_powers_of_ten@?1??multiply_by_power_of_ten@__crt_strtox@@YA_NAEAUbig_integer@2@I@Z@4QBIB 0000000140019508     libucrt:atof.obj
 0002:00001530       ??_C@_1GE@DPGDJKLM@?$AAm?$AAi?$AAn?$AAk?$AAe?$AAr?$AAn?$AAe?$AAl?$AA?2?$AAc?$AAr?$AAt?$AAs?$AA?2@ 0000000140019530     libucrt:atof.obj
 0002:000015a0       ??_C@_1FM@FELNCOBF@?$AA_?$AA_?$AAc?$AAr?$AAt?$AA_?$AAs?$AAt?$AAr?$AAt?$AAo?$AAx?$AA?3?$AA?3?$AAf@ 00000001400195a0     libucrt:atof.obj
 0002:00001600       ??_C@_1BG@GEMHBGAF@?$AA_?$AAi?$AAs?$AA_?$AAd?$AAo?$AAu?$AAb?$AAl?$AAe@ 0000000140019600     libucrt:atof.obj
 0002:00001620       ??_C@_1FK@JOJELFFO@?$AA_?$AA_?$AAc?$AAr?$AAt?$AA_?$AAs?$AAt?$AAr?$AAt?$AAo?$AAx?$AA?3?$AA?3?$AAf@ 0000000140019620     libucrt:atof.obj
 0002:00001680       ??_C@_1BI@BANMPGJI@?$AA?$CB?$AA_?$AAi?$AAs?$AA_?$AAd?$AAo?$AAu?$AAb?$AAl?$AAe@ 0000000140019680     libucrt:atof.obj
 0002:00001698       ?inf_uppercase@?1???$parse_floating_point_possible_infinity@DV?$c_string_character_source@D@__crt_strtox@@PEBD@__crt_strtox@@YA?AW4floating_point_parse_result@1@AEADAEAV?$c_string_character_source@D@1@PEBD@Z@4QBDB 0000000140019698     libucrt:atof.obj
 0002:0000169c       ?inf_lowercase@?1???$parse_floating_point_possible_infinity@DV?$c_string_character_source@D@__crt_strtox@@PEBD@__crt_strtox@@YA?AW4floating_point_parse_result@1@AEADAEAV?$c_string_character_source@D@1@PEBD@Z@4QBDB 000000014001969c     libucrt:atof.obj
 0002:000016a0       ?inity_uppercase@?1???$parse_floating_point_possible_infinity@DV?$c_string_character_source@D@__crt_strtox@@PEBD@__crt_strtox@@YA?AW4floating_point_parse_result@1@AEADAEAV?$c_string_character_source@D@1@PEBD@Z@4QBDB 00000001400196a0     libucrt:atof.obj
 0002:000016a8       ?inity_lowercase@?1???$parse_floating_point_possible_infinity@DV?$c_string_character_source@D@__crt_strtox@@PEBD@__crt_strtox@@YA?AW4floating_point_parse_result@1@AEADAEAV?$c_string_character_source@D@1@PEBD@Z@4QBDB 00000001400196a8     libucrt:atof.obj
 0002:000016b0       ?uppercase@?1???$parse_floating_point_possible_nan@DV?$c_string_character_source@D@__crt_strtox@@PEBD@__crt_strtox@@YA?AW4floating_point_parse_result@1@AEADAEAV?$c_string_character_source@D@1@PEBD@Z@4QBDB 00000001400196b0     libucrt:atof.obj
 0002:000016b4       ?lowercase@?1???$parse_floating_point_possible_nan@DV?$c_string_character_source@D@__crt_strtox@@PEBD@__crt_strtox@@YA?AW4floating_point_parse_result@1@AEADAEAV?$c_string_character_source@D@1@PEBD@Z@4QBDB 00000001400196b4     libucrt:atof.obj
 0002:000016b8       ?uppercase@?1???$parse_floating_point_possible_nan_is_snan@DV?$c_string_character_source@D@__crt_strtox@@@__crt_strtox@@YA_NAEADAEAV?$c_string_character_source@D@1@@Z@4QBDB 00000001400196b8     libucrt:atof.obj
 0002:000016c0       ?lowercase@?1???$parse_floating_point_possible_nan_is_snan@DV?$c_string_character_source@D@__crt_strtox@@@__crt_strtox@@YA_NAEADAEAV?$c_string_character_source@D@1@@Z@4QBDB 00000001400196c0     libucrt:atof.obj
 0002:000016c8       ?uppercase@?1???$parse_floating_point_possible_nan_is_ind@DV?$c_string_character_source@D@__crt_strtox@@@__crt_strtox@@YA_NAEADAEAV?$c_string_character_source@D@1@@Z@4QBDB 00000001400196c8     libucrt:atof.obj
 0002:000016cc       ?lowercase@?1???$parse_floating_point_possible_nan_is_ind@DV?$c_string_character_source@D@__crt_strtox@@@__crt_strtox@@YA_NAEADAEAV?$c_string_character_source@D@1@@Z@4QBDB 00000001400196cc     libucrt:atof.obj
 0002:000018e0       ??_C@_1EA@JGEFHKEI@?$AAa?$AAp?$AAi?$AA?9?$AAm?$AAs?$AA?9?$AAw?$AAi?$AAn?$AA?9?$AAc?$AAo?$AAr?$AAe@ 00000001400198e0     libucrt:winapi_thunks.obj
 0002:00001920       ??_C@_1DM@KHCHBNEB@?$AAa?$AAp?$AAi?$AA?9?$AAm?$AAs?$AA?9?$AAw?$AAi?$AAn?$AA?9?$AAc?$AAo?$AAr?$AAe@ 0000000140019920     libucrt:winapi_thunks.obj
 0002:00001960       ??_C@_1DI@IJCEHOCB@?$AAa?$AAp?$AAi?$AA?9?$AAm?$AAs?$AA?9?$AAw?$AAi?$AAn?$AA?9?$AAc?$AAo?$AAr?$AAe@ 0000000140019960     libucrt:winapi_thunks.obj
 0002:000019a0       ??_C@_1EI@MPIAOHOC@?$AAa?$AAp?$AAi?$AA?9?$AAm?$AAs?$AA?9?$AAw?$AAi?$AAn?$AA?9?$AAc?$AAo?$AAr?$AAe@ 00000001400199a0     libucrt:winapi_thunks.obj
 0002:000019f0       ??_C@_1FK@FPHCKFIE@?$AAa?$AAp?$AAi?$AA?9?$AAm?$AAs?$AA?9?$AAw?$AAi?$AAn?$AA?9?$AAc?$AAo?$AAr?$AAe@ 00000001400199f0     libucrt:winapi_thunks.obj
 0002:00001a50       ??_C@_1EM@DILCGIIO@?$AAa?$AAp?$AAi?$AA?9?$AAm?$AAs?$AA?9?$AAw?$AAi?$AAn?$AA?9?$AAc?$AAo?$AAr?$AAe@ 0000000140019a50     libucrt:winapi_thunks.obj
 0002:00001aa0       ??_C@_1DM@LNCGDDPN@?$AAa?$AAp?$AAi?$AA?9?$AAm?$AAs?$AA?9?$AAw?$AAi?$AAn?$AA?9?$AAc?$AAo?$AAr?$AAe@ 0000000140019aa0     libucrt:winapi_thunks.obj
 0002:00001ae0       ??_C@_1DK@LPPGFMPP@?$AAa?$AAp?$AAi?$AA?9?$AAm?$AAs?$AA?9?$AAw?$AAi?$AAn?$AA?9?$AAc?$AAo?$AAr?$AAe@ 0000000140019ae0     libucrt:winapi_thunks.obj
 0002:00001b20       ??_C@_1DO@FPAPJEMD@?$AAa?$AAp?$AAi?$AA?9?$AAm?$AAs?$AA?9?$AAw?$AAi?$AAn?$AA?9?$AAc?$AAo?$AAr?$AAe@ 0000000140019b20     libucrt:winapi_thunks.obj
 0002:00001b60       ??_C@_1DK@NDHNAHIO@?$AAa?$AAp?$AAi?$AA?9?$AAm?$AAs?$AA?9?$AAw?$AAi?$AAn?$AA?9?$AAc?$AAo?$AAr?$AAe@ 0000000140019b60     libucrt:winapi_thunks.obj
 0002:00001ba0       ??_C@_1DM@KGHDGBCM@?$AAa?$AAp?$AAi?$AA?9?$AAm?$AAs?$AA?9?$AAw?$AAi?$AAn?$AA?9?$AAc?$AAo?$AAr?$AAe@ 0000000140019ba0     libucrt:winapi_thunks.obj
 0002:00001be0       ??_C@_1EO@IJIOEFOH@?$AAa?$AAp?$AAi?$AA?9?$AAm?$AAs?$AA?9?$AAw?$AAi?$AAn?$AA?9?$AAr?$AAt?$AAc?$AAo@ 0000000140019be0     libucrt:winapi_thunks.obj
 0002:00001c30       ??_C@_1FG@HHGEKANL@?$AAa?$AAp?$AAi?$AA?9?$AAm?$AAs?$AA?9?$AAw?$AAi?$AAn?$AA?9?$AAs?$AAe?$AAc?$AAu@ 0000000140019c30     libucrt:winapi_thunks.obj
 0002:00001c90       ??_C@_1EG@DBIOJECG@?$AAe?$AAx?$AAt?$AA?9?$AAm?$AAs?$AA?9?$AAw?$AAi?$AAn?$AA?9?$AAn?$AAt?$AAu?$AAs@ 0000000140019c90     libucrt:winapi_thunks.obj
 0002:00001ce0       ??_C@_1EO@FIHMJCLF@?$AAe?$AAx?$AAt?$AA?9?$AAm?$AAs?$AA?9?$AAw?$AAi?$AAn?$AA?9?$AAn?$AAt?$AAu?$AAs@ 0000000140019ce0     libucrt:winapi_thunks.obj
 0002:00001d30       ??_C@_1BC@DNHGCMLG@?$AAa?$AAd?$AAv?$AAa?$AAp?$AAi?$AA3?$AA2@ 0000000140019d30     libucrt:winapi_thunks.obj
 0002:00001d48       ??_C@_1BC@GDMECMAK@?$AAk?$AAe?$AAr?$AAn?$AAe?$AAl?$AA3?$AA2@ 0000000140019d48     libucrt:winapi_thunks.obj
 0002:00001d60       ??_C@_1M@OAIMIKLP@?$AAn?$AAt?$AAd?$AAl?$AAl@ 0000000140019d60     libucrt:winapi_thunks.obj
 0002:00001d70       ??_C@_1EG@DPGNFKGC@?$AAa?$AAp?$AAi?$AA?9?$AAm?$AAs?$AA?9?$AAw?$AAi?$AAn?$AA?9?$AAa?$AAp?$AAp?$AAm@ 0000000140019d70     libucrt:winapi_thunks.obj
 0002:00001db8       ??_C@_1O@BCCLBEOE@?$AAu?$AAs?$AAe?$AAr?$AA3?$AA2@ 0000000140019db8     libucrt:winapi_thunks.obj
 0002:00001dc8       ??_C@_1BA@PFFKHIOG@?$AAa?$AAp?$AAi?$AA?9?$AAm?$AAs?$AA?9@ 0000000140019dc8     libucrt:winapi_thunks.obj
 0002:00001dd8       ??_C@_1BA@IAIFMGEF@?$AAe?$AAx?$AAt?$AA?9?$AAm?$AAs?$AA?9@ 0000000140019dd8     libucrt:winapi_thunks.obj
 0002:00001df0       ??_C@_0BA@FHFNEAED@AreFileApisANSI@ 0000000140019df0     libucrt:winapi_thunks.obj
 0002:00001e08       ??_C@_0BA@IHGNDAEB@CompareStringEx@ 0000000140019e08     libucrt:winapi_thunks.obj
 0002:00001e20       ??_C@_08KNHFBNJ@FlsAlloc@  0000000140019e20     libucrt:winapi_thunks.obj
 0002:00001e38       ??_C@_07PEJMOBNF@FlsFree@  0000000140019e38     libucrt:winapi_thunks.obj
 0002:00001e48       ??_C@_0M@GDNOONDI@FlsGetValue@ 0000000140019e48     libucrt:winapi_thunks.obj
 0002:00001e60       ??_C@_0M@JCPCPOEF@FlsSetValue@ 0000000140019e60     libucrt:winapi_thunks.obj
 0002:00001e78       ??_C@_0BM@HCFOFFN@InitializeCriticalSectionEx@ 0000000140019e78     libucrt:winapi_thunks.obj
 0002:00001ea0       ??_C@_0O@KKBNKAPF@LCMapStringEx@ 0000000140019ea0     libucrt:winapi_thunks.obj
 0002:00001eb8       ??_C@_0BB@HBDEELFH@LocaleNameToLCID@ 0000000140019eb8     libucrt:winapi_thunks.obj
 0002:00001ed0       ??_C@_0CF@OJOFEIGO@AppPolicyGetProcessTerminationM@ 0000000140019ed0     libucrt:winapi_thunks.obj
 0002:00001f80       ??_C@_03OEIAHPBN@INF@      0000000140019f80     libucrt:cvt.obj
 0002:00001f84       ??_C@_03OJHLLCGB@inf@      0000000140019f84     libucrt:cvt.obj
 0002:00001f88       ??_C@_03LKNCIKJB@NAN@      0000000140019f88     libucrt:cvt.obj
 0002:00001f8c       ??_C@_03LHCJEHON@nan@      0000000140019f8c     libucrt:cvt.obj
 0002:00001f90       ??_C@_09OFJJIMPC@NAN?$CISNAN?$CJ@ 0000000140019f90     libucrt:cvt.obj
 0002:00001fa0       ??_C@_09IPFBKMDL@nan?$CIsnan?$CJ@ 0000000140019fa0     libucrt:cvt.obj
 0002:00001fb0       ??_C@_08IKHNHAJ@NAN?$CIIND?$CJ@ 0000000140019fb0     libucrt:cvt.obj
 0002:00001fc0       ??_C@_08OFCDMILK@nan?$CIind?$CJ@ 0000000140019fc0     libucrt:cvt.obj
 0002:00001fcc       ??_C@_05KLBDPFGC@e?$CL000@ 0000000140019fcc     libucrt:cvt.obj
 0002:00001fe0       __lc_time_c                0000000140019fe0     libucrt:nlsdata.obj
 0002:000022a0       ??_C@_03KOEHGMDN@Sun@      000000014001a2a0     libucrt:nlsdata.obj
 0002:000022a4       ??_C@_03PDAGKDH@Mon@       000000014001a2a4     libucrt:nlsdata.obj
 0002:000022a8       ??_C@_03NAGEINEP@Tue@      000000014001a2a8     libucrt:nlsdata.obj
 0002:000022ac       ??_C@_03MHOMLAJA@Wed@      000000014001a2ac     libucrt:nlsdata.obj
 0002:000022b0       ??_C@_03IOFIKPDN@Thu@      000000014001a2b0     libucrt:nlsdata.obj
 0002:000022b4       ??_C@_03IDIOELNC@Fri@      000000014001a2b4     libucrt:nlsdata.obj
 0002:000022b8       ??_C@_03FEFJNEK@Sat@       000000014001a2b8     libucrt:nlsdata.obj
 0002:000022bc       ??_C@_06OOPIFAJ@Sunday@    000000014001a2bc     libucrt:nlsdata.obj
 0002:000022c4       ??_C@_06JLEDEDGH@Monday@   000000014001a2c4     libucrt:nlsdata.obj
 0002:000022d0       ??_C@_07BAAGCFCM@Tuesday@  000000014001a2d0     libucrt:nlsdata.obj
 0002:000022d8       ??_C@_09DLIGFAKA@Wednesday@ 000000014001a2d8     libucrt:nlsdata.obj
 0002:000022e8       ??_C@_08HACCIKIA@Thursday@ 000000014001a2e8     libucrt:nlsdata.obj
 0002:000022f4       ??_C@_06JECMNKMI@Friday@   000000014001a2f4     libucrt:nlsdata.obj
 0002:00002300       ??_C@_08INBOOONO@Saturday@ 000000014001a300     libucrt:nlsdata.obj
 0002:0000230c       ??_C@_03JIHJHPIE@Jan@      000000014001a30c     libucrt:nlsdata.obj
 0002:00002310       ??_C@_03HJBDCHOM@Feb@      000000014001a310     libucrt:nlsdata.obj
 0002:00002314       ??_C@_03ODNJBKGA@Mar@      000000014001a314     libucrt:nlsdata.obj
 0002:00002318       ??_C@_03LEOLGMJP@Apr@      000000014001a318     libucrt:nlsdata.obj
 0002:0000231c       ??_C@_03CNMDKL@May@        000000014001a31c     libucrt:nlsdata.obj
 0002:00002320       ??_C@_03IDFGHECI@Jun@      000000014001a320     libucrt:nlsdata.obj
 0002:00002324       ??_C@_03LBGABGKK@Jul@      000000014001a324     libucrt:nlsdata.obj
 0002:00002328       ??_C@_03IFJFEIGA@Aug@      000000014001a328     libucrt:nlsdata.obj
 0002:0000232c       ??_C@_03GGCAPAJC@Sep@      000000014001a32c     libucrt:nlsdata.obj
 0002:00002330       ??_C@_03BMAOKBAD@Oct@      000000014001a330     libucrt:nlsdata.obj
 0002:00002334       ??_C@_03JPJOFNIA@Nov@      000000014001a334     libucrt:nlsdata.obj
 0002:00002338       ??_C@_03MKABNOCG@Dec@      000000014001a338     libucrt:nlsdata.obj
 0002:00002340       ??_C@_07CGJPFGJA@January@  000000014001a340     libucrt:nlsdata.obj
 0002:00002348       ??_C@_08GNJGEPFN@February@ 000000014001a348     libucrt:nlsdata.obj
 0002:00002354       ??_C@_05HPCKOFNC@March@    000000014001a354     libucrt:nlsdata.obj
 0002:0000235c       ??_C@_05DMJDNLEJ@April@    000000014001a35c     libucrt:nlsdata.obj
 0002:00002364       ??_C@_04CNLMGBGM@June@     000000014001a364     libucrt:nlsdata.obj
 0002:0000236c       ??_C@_04MIEPOIFP@July@     000000014001a36c     libucrt:nlsdata.obj
 0002:00002374       ??_C@_06LBBHFDDG@August@   000000014001a374     libucrt:nlsdata.obj
 0002:00002380       ??_C@_09BHHEALKD@September@ 000000014001a380     libucrt:nlsdata.obj
 0002:00002390       ??_C@_07JJNFCEND@October@  000000014001a390     libucrt:nlsdata.obj
 0002:00002398       ??_C@_08HCHEGEOA@November@ 000000014001a398     libucrt:nlsdata.obj
 0002:000023a8       ??_C@_08EDHMEBNP@December@ 000000014001a3a8     libucrt:nlsdata.obj
 0002:000023b4       ??_C@_02DEDBPAFC@AM@       000000014001a3b4     libucrt:nlsdata.obj
 0002:000023b8       ??_C@_02CJNFDJBF@PM@       000000014001a3b8     libucrt:nlsdata.obj
 0002:000023c0       ??_C@_08BPBNCDIB@MM?1dd?1yy@ 000000014001a3c0     libucrt:nlsdata.obj
 0002:000023d0       ??_C@_0BE@CKGJFCPC@dddd?0?5MMMM?5dd?0?5yyyy@ 000000014001a3d0     libucrt:nlsdata.obj
 0002:000023e8       ??_C@_08JCCMCCIL@HH?3mm?3ss@ 000000014001a3e8     libucrt:nlsdata.obj
 0002:000023f8       ??_C@_17MBGCMIPB@?$AAS?$AAu?$AAn@ 000000014001a3f8     libucrt:nlsdata.obj
 0002:00002400       ??_C@_17KBOMKBF@?$AAM?$AAo?$AAn@ 000000014001a400     libucrt:nlsdata.obj
 0002:00002408       ??_C@_17BMKGEGOJ@?$AAT?$AAu?$AAe@ 000000014001a408     libucrt:nlsdata.obj
 0002:00002410       ??_C@_17CJEDCEPE@?$AAW?$AAe?$AAd@ 000000014001a410     libucrt:nlsdata.obj
 0002:00002418       ??_C@_17PDPHAADD@?$AAT?$AAh?$AAu@ 000000014001a418     libucrt:nlsdata.obj
 0002:00002420       ??_C@_17HFOLPPLP@?$AAF?$AAr?$AAi@ 000000014001a420     libucrt:nlsdata.obj
 0002:00002428       ??_C@_17GGIBDPIH@?$AAS?$AAa?$AAt@ 000000014001a428     libucrt:nlsdata.obj
 0002:00002430       ??_C@_1O@IHNHDHPB@?$AAS?$AAu?$AAn?$AAd?$AAa?$AAy@ 000000014001a430     libucrt:nlsdata.obj
 0002:00002440       ??_C@_1O@MMNBFLIA@?$AAM?$AAo?$AAn?$AAd?$AAa?$AAy@ 000000014001a440     libucrt:nlsdata.obj
 0002:00002450       ??_C@_1BA@ENFBFFEK@?$AAT?$AAu?$AAe?$AAs?$AAd?$AAa?$AAy@ 000000014001a450     libucrt:nlsdata.obj
 0002:00002460       ??_C@_1BE@EBOGMDOH@?$AAW?$AAe?$AAd?$AAn?$AAe?$AAs?$AAd?$AAa?$AAy@ 000000014001a460     libucrt:nlsdata.obj
 0002:00002478       ??_C@_1BC@HHMNLIHE@?$AAT?$AAh?$AAu?$AAr?$AAs?$AAd?$AAa?$AAy@ 000000014001a478     libucrt:nlsdata.obj
 0002:00002490       ??_C@_1O@PDICJHAG@?$AAF?$AAr?$AAi?$AAd?$AAa?$AAy@ 000000014001a490     libucrt:nlsdata.obj
 0002:000024a0       ??_C@_1BC@ENMNNPAJ@?$AAS?$AAa?$AAt?$AAu?$AAr?$AAd?$AAa?$AAy@ 000000014001a4a0     libucrt:nlsdata.obj
 0002:000024b8       ??_C@_17DKNBKCHM@?$AAJ?$AAa?$AAn@ 000000014001a4b8     libucrt:nlsdata.obj
 0002:000024c0       ??_C@_17LMDJEKJN@?$AAF?$AAe?$AAb@ 000000014001a4c0     libucrt:nlsdata.obj
 0002:000024c8       ??_C@_17CKNLEDEC@?$AAM?$AAa?$AAr@ 000000014001a4c8     libucrt:nlsdata.obj
 0002:000024d0       ??_C@_17LFPOIHDD@?$AAA?$AAp?$AAr@ 000000014001a4d0     libucrt:nlsdata.obj
 0002:000024d8       ??_C@_17PNNKMEED@?$AAM?$AAa?$AAy@ 000000014001a4d8     libucrt:nlsdata.obj
 0002:000024e0       ??_C@_17KCJGOCPB@?$AAJ?$AAu?$AAn@ 000000014001a4e0     libucrt:nlsdata.obj
 0002:000024e8       ??_C@_17IJPCKHK@?$AAJ?$AAu?$AAl@ 000000014001a4e8     libucrt:nlsdata.obj
 0002:000024f0       ??_C@_17ICPELBCN@?$AAA?$AAu?$AAg@ 000000014001a4f0     libucrt:nlsdata.obj
 0002:000024f8       ??_C@_17HCHCOKMG@?$AAS?$AAe?$AAp@ 000000014001a4f8     libucrt:nlsdata.obj
 0002:00002500       ??_C@_17FNLKOI@?$AAO?$AAc?$AAt@ 000000014001a500     libucrt:nlsdata.obj
 0002:00002508       ??_C@_17BBDMLCIG@?$AAN?$AAo?$AAv@ 000000014001a508     libucrt:nlsdata.obj
 0002:00002510       ??_C@_17EGKACKIF@?$AAD?$AAe?$AAc@ 000000014001a510     libucrt:nlsdata.obj
 0002:00002518       ??_C@_1BA@EFMEIEBA@?$AAJ?$AAa?$AAn?$AAu?$AAa?$AAr?$AAy@ 000000014001a518     libucrt:nlsdata.obj
 0002:00002528       ??_C@_1BC@JGDDFFAM@?$AAF?$AAe?$AAb?$AAr?$AAu?$AAa?$AAr?$AAy@ 000000014001a528     libucrt:nlsdata.obj
 0002:00002540       ??_C@_1M@IKEENEDF@?$AAM?$AAa?$AAr?$AAc?$AAh@ 000000014001a540     libucrt:nlsdata.obj
 0002:00002550       ??_C@_1M@GJNLMHFD@?$AAA?$AAp?$AAr?$AAi?$AAl@ 000000014001a550     libucrt:nlsdata.obj
 0002:00002560       ??_C@_19EPFLPGAP@?$AAJ?$AAu?$AAn?$AAe@ 000000014001a560     libucrt:nlsdata.obj
 0002:00002570       ??_C@_19BIFMLPCD@?$AAJ?$AAu?$AAl?$AAy@ 000000014001a570     libucrt:nlsdata.obj
 0002:00002580       ??_C@_1O@PAHLKOAC@?$AAA?$AAu?$AAg?$AAu?$AAs?$AAt@ 000000014001a580     libucrt:nlsdata.obj
 0002:00002590       ??_C@_1BE@DKAAMBJL@?$AAS?$AAe?$AAp?$AAt?$AAe?$AAm?$AAb?$AAe?$AAr@ 000000014001a590     libucrt:nlsdata.obj
 0002:000025a8       ??_C@_1BA@EPANDLNG@?$AAO?$AAc?$AAt?$AAo?$AAb?$AAe?$AAr@ 000000014001a5a8     libucrt:nlsdata.obj
 0002:000025b8       ??_C@_1BC@BGLIFPF@?$AAN?$AAo?$AAv?$AAe?$AAm?$AAb?$AAe?$AAr@ 000000014001a5b8     libucrt:nlsdata.obj
 0002:000025d0       ??_C@_1BC@FEMKIFH@?$AAD?$AAe?$AAc?$AAe?$AAm?$AAb?$AAe?$AAr@ 000000014001a5d0     libucrt:nlsdata.obj
 0002:000025e4       ??_C@_15ODEHAHHF@?$AAA?$AAM@ 000000014001a5e4     libucrt:nlsdata.obj
 0002:000025ec       ??_C@_15CLMNNGEL@?$AAP?$AAM@ 000000014001a5ec     libucrt:nlsdata.obj
 0002:000025f8       ??_C@_1BC@IEBCMHCM@?$AAM?$AAM?$AA?1?$AAd?$AAd?$AA?1?$AAy?$AAy@ 000000014001a5f8     libucrt:nlsdata.obj
 0002:00002610       ??_C@_1CI@KNAKOEBC@?$AAd?$AAd?$AAd?$AAd?$AA?0?$AA?5?$AAM?$AAM?$AAM?$AAM?$AA?5?$AAd?$AAd?$AA?0?$AA?5@ 000000014001a610     libucrt:nlsdata.obj
 0002:00002638       ??_C@_1BC@GDGBMEMK@?$AAH?$AAH?$AA?3?$AAm?$AAm?$AA?3?$AAs?$AAs@ 000000014001a638     libucrt:nlsdata.obj
 0002:00002650       ??_C@_1M@BMHNFIME@?$AAe?$AAn?$AA?9?$AAU?$AAS@ 000000014001a650     libucrt:nlsdata.obj
 0002:00002660       __newctype                 000000014001a660     libucrt:ctype.obj
 0002:00002960       __newclmap                 000000014001a960     libucrt:ctype.obj
 0002:00002ae0       __newcumap                 000000014001aae0     libucrt:ctype.obj
 0002:00003aa0       ??_C@_15EMKDOKLE@?$AAa?$AAr@ 000000014001baa0     libucrt:lcidtoname_downlevel.obj
 0002:00003aa8       ??_C@_15KNPADPLH@?$AAb?$AAg@ 000000014001baa8     libucrt:lcidtoname_downlevel.obj
 0002:00003ab0       ??_C@_15EDMHLDMO@?$AAc?$AAa@ 000000014001bab0     libucrt:lcidtoname_downlevel.obj
 0002:00003ab8       ??_C@_1O@BPEAJADD@?$AAz?$AAh?$AA?9?$AAC?$AAH?$AAS@ 000000014001bab8     libucrt:lcidtoname_downlevel.obj
 0002:00003ac8       ??_C@_15LJNHCMNK@?$AAc?$AAs@ 000000014001bac8     libucrt:lcidtoname_downlevel.obj
 0002:00003ad0       ??_C@_15FOMCIDHG@?$AAd?$AAa@ 000000014001bad0     libucrt:lcidtoname_downlevel.obj
 0002:00003ad8       ??_C@_15NBKABECB@?$AAd?$AAe@ 000000014001bad8     libucrt:lcidtoname_downlevel.obj
 0002:00003ae0       ??_C@_15GHPEIIAO@?$AAe?$AAl@ 000000014001bae0     libucrt:lcidtoname_downlevel.obj
 0002:00003ae8       ??_C@_15MNPNEAIF@?$AAe?$AAn@ 000000014001bae8     libucrt:lcidtoname_downlevel.obj
 0002:00003af0       ??_C@_15GPIOMPMH@?$AAe?$AAs@ 000000014001baf0     libucrt:lcidtoname_downlevel.obj
 0002:00003af8       ??_C@_15NGLOAKJC@?$AAf?$AAi@ 000000014001baf8     libucrt:lcidtoname_downlevel.obj
 0002:00003b00       ??_C@_15FBKGNKAM@?$AAf?$AAr@ 000000014001bb00     libucrt:lcidtoname_downlevel.obj
 0002:00003b08       ??_C@_15KGGCNEFK@?$AAh?$AAe@ 000000014001bb08     libucrt:lcidtoname_downlevel.obj
 0002:00003b10       ??_C@_15PGHLIDMF@?$AAh?$AAu@ 000000014001bb10     libucrt:lcidtoname_downlevel.obj
 0002:00003b18       ??_C@_15BIEMAPLM@?$AAi?$AAs@ 000000014001bb18     libucrt:lcidtoname_downlevel.obj
 0002:00003b20       ??_C@_15IFJLDHAF@?$AAi?$AAt@ 000000014001bb20     libucrt:lcidtoname_downlevel.obj
 0002:00003b28       ??_C@_15GEMIOCAG@?$AAj?$AAa@ 000000014001bb28     libucrt:lcidtoname_downlevel.obj
 0002:00003b30       ??_C@_15EPELEGJA@?$AAk?$AAo@ 000000014001bb30     libucrt:lcidtoname_downlevel.obj
 0002:00003b38       ??_C@_15NDDHIMN@?$AAn?$AAl@ 000000014001bb38     libucrt:lcidtoname_downlevel.obj
[...]
 0002:000096d0       $unwind$_isctype_l         00000001400216d0     libucrt:isctype.obj
 0002:000096ec       $unwind$_query_new_handler 00000001400216ec     libucrt:new_handler.obj
 0002:0000970c       $unwind$__acrt_fp_strflt_to_string 000000014002170c     libucrt:_fptostr.obj
 0002:0000970c       $unwind$__acrt_DownlevelLocaleNameToLCID 000000014002170c     libucrt:lcidtoname_downlevel.obj
 0002:0000970c       $unwind$??R<lambda_f03950bc5685219e0bcd2087efbe011e>@@QEBAHXZ 000000014002170c     libucrt:onexit.obj
 0002:00009724       $unwind$fclose             0000000140021724     libucrt:fclose.obj
 0002:00009748       $unwind$_close             0000000140021748     libucrt:close.obj
 0002:00009748       $unwind$_commit            0000000140021748     libucrt:commit.obj
 0002:00009750       $unwind$??$?RV<lambda_a37b2b86f63e897a80ea819b0eb08c01>@@AEAV<lambda_38ce7e780aa69e748d6df282ebc68efe>@@V<lambda_99fb1378e971ab6e7edea83e3a7a83a2>@@@?$__crt_seh_guarded_call@H@@QEAAH$$QEAV<lambda_a37b2b86f63e897a80ea819b0eb08c01>@@AEAV<lambda_38ce7e780aa69e748d6df282ebc68efe>@@$$QEAV<lambda_99fb1378e971ab6e7edea83e3a7a83a2>@@@Z 0000000140021750     libucrt:commit.obj
 0002:00009774       $unwind$_write             0000000140021774     libucrt:write.obj
 0002:000097a4       $unwind$_write_nolock      00000001400217a4     libucrt:write.obj
 0002:000097bc       $unwind$?write_double_translated_ansi_nolock@@YA?AUwrite_result@?A0x17268360@@HQEBDI@Z 00000001400217bc     libucrt:write.obj
 0002:000097e0       $unwind$?write_text_ansi_nolock@@YA?AUwrite_result@?A0x17268360@@HQEBDI@Z 00000001400217e0     libucrt:write.obj
 0002:000097e0       $unwind$?write_text_utf16le_nolock@@YA?AUwrite_result@?A0x17268360@@HQEBDI@Z 00000001400217e0     libucrt:write.obj
 0002:00009800       $unwind$?write_text_utf8_nolock@@YA?AUwrite_result@?A0x17268360@@HQEBDI@Z 0000000140021800     libucrt:write.obj
 0002:00009824       $unwind$_free_osfhnd       0000000140021824     libucrt:osfinfo.obj
 0002:00009838       $unwind$__acrt_lowio_destroy_handle_array 0000000140021838     libucrt:osfinfo.obj
 0002:00009848       $unwind$__acrt_lowio_ensure_fh_exists 0000000140021848     libucrt:osfinfo.obj
 0002:00009874       $unwind$__dcrt_lowio_ensure_console_output_initialized 0000000140021874     libucrt:initcon.obj
 0002:00009874       $unwind$_isleadbyte_l      0000000140021874     libucrt:_wctype.obj
 0002:00009874       $unwind$?getSystemCP@@YAHH@Z 0000000140021874     libucrt:mbctype.obj
 0002:0000987c       $unwind$?__mbsrtowcs_utf8@__crt_mbstring@@YA_KPEA_WPEAPEBD_KPEAU_Mbstatet@@@Z 000000014002187c     libucrt:mbrtowc.obj
 0002:00009894       $unwind$__acrt_WideCharToMultiByte 0000000140021894     libucrt:widechartomultibyte.obj
 0002:000098a0       $unwind$__acrt_update_thread_locale_data 00000001400218a0     libucrt:locale_refcounting.obj
 0002:000098c4       $unwind$_setmbcp_nolock    00000001400218c4     libucrt:mbctype.obj
 0002:000098e4       $unwind$?update_thread_multibyte_data_internal@@YAPEAU__crt_multibyte_data@@QEAU__acrt_ptd@@QEAPEAU1@@Z 00000001400218e4     libucrt:mbctype.obj
 0002:0000990c       $unwind$?setmbcp_internal@@YAHH_NQEAU__acrt_ptd@@QEAPEAU__crt_multibyte_data@@@Z 000000014002190c     libucrt:mbctype.obj
 0002:0000991c       $unwind$?setSBUpLow@@YAXPEAU__crt_multibyte_data@@@Z 000000014002191c     libucrt:mbctype.obj
 0002:00009938       $unwind$??$?RV<lambda_efdfa57d1f175319df784efa44bb7b81>@@AEAV<lambda_5f0a4c1567f8adc6734073e5d1e1b35c>@@V<lambda_2e8a7d3640ea6ccb4c2413664c2db6fd>@@@?$__crt_seh_guarded_call@X@@QEAAX$$QEAV<lambda_efdfa57d1f175319df784efa44bb7b81>@@AEAV<lambda_5f0a4c1567f8adc6734073e5d1e1b35c>@@$$QEAV<lambda_2e8a7d3640ea6ccb4c2413664c2db6fd>@@@Z 0000000140021938     libucrt:mbctype.obj
 0002:0000995c       $unwind$__acrt_fltout      000000014002195c     libucrt:cfout.obj
 0002:0000997c       $unwind$??$write_buffer_nolock@D@@YA_NDV__crt_stdio_stream@@@Z 000000014002197c     libucrt:_flsbuf.obj
 0002:0000998c       $unwind$__acrt_locale_free_monetary 000000014002198c     libucrt:initmon.obj
 0002:00009994       $unwind$__acrt_locale_free_time 0000000140021994     libucrt:inittime.obj
 0002:000099a4       $unwind$__acrt_GetStringTypeA 00000001400219a4     libucrt:getstringtypea.obj
 0002:000099cc       $unwind$__acrt_fenv_set_control 00000001400219cc     libucrt:_fenvutils.obj
 0002:000099dc       $unwind$?common_exit@@YAXHW4_crt_exit_cleanup_mode@@W4_crt_exit_return_mode@@@Z 00000001400219dc     libucrt:exit.obj
 0002:000099e8       $unwind$??R<lambda_6e4b09c48022b2350581041d5f6b0c4c>@@QEBA@XZ 00000001400219e8     libucrt:exit.obj
 0002:00009a08       $unwind$??$?RV<lambda_d80eeec6fff315bfe5c115232f3240e3>@@AEAV<lambda_6e4b09c48022b2350581041d5f6b0c4c>@@V<lambda_2358e3775559c9db80273638284d5e45>@@@?$__crt_seh_guarded_call@X@@QEAAX$$QEAV<lambda_d80eeec6fff315bfe5c115232f3240e3>@@AEAV<lambda_6e4b09c48022b2350581041d5f6b0c4c>@@$$QEAV<lambda_2358e3775559c9db80273638284d5e45>@@@Z 0000000140021a08     libucrt:exit.obj
 0002:00009a2c       $unwind$raise              0000000140021a2c     libucrt:signal.obj
 0002:00009a68       $unwind$??$?RV<lambda_450d765d439847d4c735a33c368b5fc0>@@AEAV<lambda_44731a7d0e6d81c3e6aa82d741081786>@@V<lambda_601a2a7da3b7a96e9554ac7215c4b07c>@@@?$__crt_seh_guarded_call@P6AXH@Z@@QEAAP6AXH@Z$$QEAV<lambda_450d765d439847d4c735a33c368b5fc0>@@AEAV<lambda_44731a7d0e6d81c3e6aa82d741081786>@@$$QEAV<lambda_601a2a7da3b7a96e9554ac7215c4b07c>@@@Z 0000000140021a68     libucrt:signal.obj
 0002:00009a8c       $unwind$??$?RV<lambda_751a882b2c74d4b022dec766aa51a29a>@@AEAV<lambda_628dfdc04ba53c8bfc02c9951375f3f5>@@V<lambda_f6c7be5f7998530c34de24c7437d6b54>@@@?$__crt_seh_guarded_call@H@@QEAAH$$QEAV<lambda_751a882b2c74d4b022dec766aa51a29a>@@AEAV<lambda_628dfdc04ba53c8bfc02c9951375f3f5>@@$$QEAV<lambda_f6c7be5f7998530c34de24c7437d6b54>@@@Z 0000000140021a8c     libucrt:close.obj
 0002:00009ab0       $unwind$??$common_lseek@_J@@YA_JH_JH@Z 0000000140021ab0     libucrt:lseek.obj
 0002:00009ae0       $unwind$_putwch_nolock     0000000140021ae0     libucrt:putwch.obj
 0002:00009ae8       $unwind$?__mbrtoc32_utf8@__crt_mbstring@@YA_KPEA_UPEBD_KPEAU_Mbstatet@@@Z 0000000140021ae8     libucrt:mbrtoc32.obj
 0002:00009b04       $unwind$__acrt_LCMapStringA 0000000140021b04     libucrt:lcmapstringa.obj
 0002:00009b14       $unwind$?__acrt_LCMapStringA_stat@@YAHPEAU__crt_locale_pointers@@PEB_WKPEBDHPEADHHH@Z 0000000140021b14     libucrt:lcmapstringa.obj
 0002:00009b40       $xdatasym                  0000000140021b40     libucrt:log10.obj
 0002:00009b4c       $unwind$_register_onexit_function 0000000140021b4c     libucrt:onexit.obj
 0002:00009b54       $unwind$_execute_onexit_table 0000000140021b54     libucrt:onexit.obj
 0002:00009b5c       $unwind$??R<lambda_22ebabd17bc4fa466a2aca6d8deb888d>@@QEBAHXZ 0000000140021b5c     libucrt:onexit.obj
 0002:00009b74       $unwind$??$?RV<lambda_638799b9deba96c50f710eeac98168cd>@@AEAV<lambda_22ebabd17bc4fa466a2aca6d8deb888d>@@V<lambda_a6f7d7db0129f75315ebf26d50c089f1>@@@?$__crt_seh_guarded_call@H@@QEAAH$$QEAV<lambda_638799b9deba96c50f710eeac98168cd>@@AEAV<lambda_22ebabd17bc4fa466a2aca6d8deb888d>@@$$QEAV<lambda_a6f7d7db0129f75315ebf26d50c089f1>@@@Z 0000000140021b74     libucrt:onexit.obj
 0002:00009b98       $unwind$??$?RV<lambda_7777bce6b2f8c936911f934f8298dc43>@@AEAV<lambda_f03950bc5685219e0bcd2087efbe011e>@@V<lambda_3883c3dff614d5e0c5f61bb1ac94921c>@@@?$__crt_seh_guarded_call@H@@QEAAH$$QEAV<lambda_7777bce6b2f8c936911f934f8298dc43>@@AEAV<lambda_f03950bc5685219e0bcd2087efbe011e>@@$$QEAV<lambda_3883c3dff614d5e0c5f61bb1ac94921c>@@@Z 0000000140021b98     libucrt:onexit.obj
 0002:00009bbc       $unwind$terminate          0000000140021bbc     libucrt:terminate.obj
 0002:00009bdc       $unwind$__dcrt_write_console 0000000140021bdc     libucrt:initcon.obj
 0002:00009bdc       $unwind$??$__acrt_wcs_to_mbs_cp@U__crt_win32_buffer_no_resizing@@@@YAHQEB_WAEAV?$__crt_win32_buffer@DU__crt_win32_buffer_no_resizing@@@@I@Z 0000000140021bdc     libucrt:getmodulefilenamea.obj
 0002:00009bf0       $unwind$common_control87   0000000140021bf0     libucrt:ieee.obj
 0002:00009c1c       $unwind$_call_matherr      0000000140021c1c     libucrt:libm_error.obj
 0002:00009c24       $unwind$_handle_error      0000000140021c24     libucrt:libm_error.obj
 0002:00009c44       $unwind$__acrt_initialize_fma3 0000000140021c44     libucrt:fma3_available.obj
 0002:00009c4c       $unwind$_log_special_common 0000000140021c4c     libucrt:log_special.obj
 0002:00009c58       $xdatasym                  0000000140021c58     libucrt:fpsr.obj
 0002:00009c60       $unwind$_raise_exc         0000000140021c60     libucrt:fpexcept.obj
 0002:00009c68       $unwind$_raise_exc_ex      0000000140021c68     libucrt:fpexcept.obj
 0002:00009c7c       $unwind$_ctrlfp            0000000140021c7c     libucrt:fpctrl.obj
 0002:00009ca4       $unwind$__C_specific_handler 0000000140021ca4     libvcruntime:riscchandler.obj
 0002:00009cc0       $xdatasym                  0000000140021cc0     libvcruntime:memcpy.obj
 0002:00009cd0       $xdatasym                  0000000140021cd0     libvcruntime:memset.obj
 0002:00009ce0       $xdatasym                  0000000140021ce0     libvcruntime:memcmp.obj
 0002:00009ce8       $xdatasym                  0000000140021ce8     libvcruntime:notify.obj
 0002:00009cf4       $unwind$__DestructExceptionObject 0000000140021cf4     libvcruntime:ehhelpers.obj
 0002:00009d14       $unwind$__DestructExceptionObject$filt$0 0000000140021d14     libvcruntime:ehhelpers.obj
 0002:00009d20       $unwind$__GSHandlerCheckCommon 0000000140021d20     libcmt:gshandler.obj
 0002:00009d28       $xdatasym                  0000000140021d28     libcmt:amdsecgs.obj
 0002:00009d2c       $unwind$?__scrt_common_main_seh@@YAHXZ 0000000140021d2c     libcmt:exe_main.obj
 0002:00009d64       $unwind$__scrt_fastfail    0000000140021d64     libcmt:utility_desktop.obj
 0002:00009d74       $unwind$__isa_available_init 0000000140021d74     libcmt:cpu_disp.obj
 0002:00009d84       $unwind$__report_securityfailure 0000000140021d84     libcmt:gs_report.obj
 0002:00009d8c       $unwind$__report_gsfailure 0000000140021d8c     libcmt:gs_report.obj
 0002:00009d94       $unwind$capture_current_context 0000000140021d94     libcmt:gs_report.obj
 0002:00009da0       $unwind$capture_previous_context 0000000140021da0     libcmt:gs_report.obj
 0002:00009db0       $xdatasym                  0000000140021db0     libcmt:chkstk.obj
 0002:00009db8       $unwind$_IsNonwritableInCurrentImage 0000000140021db8     libcmt:pesect.obj
 0002:00009ddc       $unwind$__scrt_is_nonwritable_in_current_image 0000000140021ddc     libcmt:utility.obj
 0002:00009dfc       $unwind$__scrt_is_nonwritable_in_current_image$filt$0 0000000140021dfc     libcmt:utility.obj
 0002:00009e04       $unwind$__security_init_cookie 0000000140021e04     libcmt:gs_support.obj
 0002:00009e10       $xdatasym                  0000000140021e10     libcmt:guard_dispatch.obj
 0002:00009e18       $xdatasym                  0000000140021e18     libcmt:guard_xfg_dispatch.obj
 0002:00009e1c       $unwind$_configure_narrow_argv 0000000140021e1c     libucrt:argv_parsing.obj
 0002:00009e30       $unwind$??$free_environment@D@@YAXQEAPEAD@Z 0000000140021e30     libucrt:environment_initialization.obj
 0002:00009e30       $unwind$??$free_environment@_W@@YAXQEAPEA_W@Z 0000000140021e30     libucrt:environment_initialization.obj
 0002:00009e3c       $unwind$??$create_environment@D@@YAQEAPEADQEAD@Z 0000000140021e3c     libucrt:environment_initialization.obj
 0002:00009e54       $unwind$??$initialize_environment_by_cloning_nolock@D@@YAHXZ 0000000140021e54     libucrt:environment_initialization.obj
 0002:00009e54       $unwind$?x_ismbbtype_l@@YAHPEAU__crt_locale_pointers@@IHH@Z 0000000140021e54     libucrt:ismbbyte.obj
 0002:00009e54       $unwind$_strnicmp_l        0000000140021e54     libucrt:strnicmp.obj
 0002:00009e64       $unwind$??$__acrt_mbs_to_wcs_cp@U__crt_win32_buffer_internal_dynamic_resizing@@@@YAHQEBDAEAV?$__crt_win32_buffer@_WU__crt_win32_buffer_internal_dynamic_resizing@@@@I@Z 0000000140021e64     libucrt:argv_wildcards.obj
 0002:00009e7c       $unwind$??$common_expand_argv_wildcards@D@@YAHQEAPEADQEAPEAPEAD@Z 0000000140021e7c     libucrt:argv_wildcards.obj
 0002:00009e94       $unwind$??$copy_and_add_argument_to_buffer@D@@YAHQEBD0_KAEAV?$argument_list@D@?A0x5f5c8891@@@Z 0000000140021e94     libucrt:argv_wildcards.obj
 0002:00009eb0       $unwind$??$expand_argument_wildcards@D@@YAHQEAD0AEAV?$argument_list@D@?A0x5f5c8891@@@Z 0000000140021eb0     libucrt:argv_wildcards.obj
 0002:00009ed4       $unwind$__acrt_GetModuleFileNameA 0000000140021ed4     libucrt:getmodulefilenamea.obj
 0002:00009ef0       $unwind$??$copy_environment@D@@YAPEAPEADQEAPEAD@Z 0000000140021ef0     libucrt:setenv.obj
 0002:00009f04       $unwind$qsort              0000000140021f04     libucrt:qsort.obj
 0002:00009f1c       $chain$4$qsort             0000000140021f1c     libucrt:qsort.obj
 0002:00009f40       $chain$5$qsort             0000000140021f40     libucrt:qsort.obj
 0002:00009f50       $unwind$strpbrk            0000000140021f50     libucrt:strpbrk.obj
 0002:00009f60       $unwind$fallbackMethod     0000000140021f60     libucrt:strpbrk.obj
 0002:00009f70       $unwind$_mbsdec_l          0000000140021f70     libucrt:mbsdec.obj
 0002:00009f7c       $unwind$_strnicoll_l       0000000140021f7c     libucrt:strnicol.obj
 0002:00009f90       $unwind$__acrt_SetEnvironmentVariableA 0000000140021f90     libucrt:setenvironmentvariablea.obj
 0002:00009fac       $unwind$__acrt_CompareStringA 0000000140021fac     libucrt:comparestringa.obj
 0002:00009fbc       $unwind$?InternalCompareStringA@@YAHPEAU__crt_locale_pointers@@PEB_WKPEBDH2HH@Z 0000000140021fbc     libucrt:comparestringa.obj
 0002:00009fe0       $xdatasym                  0000000140021fe0     libvcruntime:handlers.obj
 0002:0000a3ea       .idata$6                   00000001400223ea     kernel32:KERNEL32.dll
 0002:0000a44a       .idata$6                   000000014002244a     user32:USER32.dll
 0002:0000a498       .idata$6                   0000000140022498     ws2_32:WS2_32.dll
 0003:00000158       ?errno_no_memory@@3HA      0000000140023158     libucrt:errno.obj
 0003:0000015c       ?doserrno_no_memory@@3KA   000000014002315c     libucrt:errno.obj
 0003:000001a8       ?__acrt_flsindex@@3KA      00000001400231a8     libucrt:per_thread_data.obj
 0003:00000550       _mbctypes                  0000000140023550     libucrt:mbctype.obj
 0003:00000660       _mbcasemaps                0000000140023660     libucrt:mbctype.obj
 0003:00000760       ?__rgctypeflag@@3PADA      0000000140023760     libucrt:mbctype.obj
 0003:00000770       ?__rgcode_page_info@@3PAUcode_page_info@@A 0000000140023770     libucrt:mbctype.obj
 0003:00000a10       ?__dcrt_lowio_console_output_handle@@3PEAXEA 0000000140023a10     libucrt:initcon.obj
 0003:00000a18       ?dazSupported@?1??common_control87@@9@9 0000000140023a18     libucrt:ieee.obj
 0003:00000a20       ?dazSupported@?1??_ctrlfp@@9@9 0000000140023a20     libucrt:fpctrl.obj
 0003:00000a30       ?__vcrt_flsindex@@3KA      0000000140023a30     libvcruntime:per_thread_data.obj
 0003:00000ae8       ?__acrt_invalid_parameter_handler@@3V?$dual_state_global@P6AXPEB_W00I_K@Z@__crt_state_management@@A 0000000140023ae8     libucrt:invalid_parameter.obj
 0003:00000af0       ?module_handles@@3PAPEAUHINSTANCE__@@A 0000000140023af0     libucrt:winapi_thunks.obj
 0003:00000b90       ?encoded_function_pointers@@3PAPEAXA 0000000140023b90     libucrt:winapi_thunks.obj
 0003:000010a8       ?internal_state@?1??_mbtowc_l@@9@4U_Mbstatet@@A 00000001400240a8     libucrt:mbtowc.obj
 0003:000010b0       ?enable_percent_n@@3_KA    00000001400240b0     libucrt:printf_count_output.obj
 0003:000010d8       ?__acrt_new_handler@@3V?$dual_state_global@P6AH_K@Z@__crt_state_management@@A 00000001400240d8     libucrt:new_handler.obj
 0003:000010e0       ?__acrt_global_new_mode@@3V?$dual_state_global@J@__crt_state_management@@A 00000001400240e0     libucrt:new_mode.obj
 0003:000010f0       ?__acrt_lock_table@@3PAU_RTL_CRITICAL_SECTION@@A 00000001400240f0     libucrt:locks.obj
 0003:00001320       ?__acrt_locks_initialized@@3IA 0000000140024320     libucrt:locks.obj
 0003:00001340       ?fSystemSet@@3HA           0000000140024340     libucrt:mbctype.obj
 0003:00001344       ?initialized@?1??__acrt_initialize_multibyte@@9@4_NA 0000000140024344     libucrt:mbctype.obj
 0003:0000134c       ?c_termination_complete@@3JA 000000014002434c     libucrt:exit.obj
 0003:00001350       ?thread_local_exit_callback_func@@3P6AXPEAXK0@ZEA 0000000140024350     libucrt:exit.obj
 0003:00001360       ?ctrlc_action@@3V?$dual_state_global@P6AXH@Z@__crt_state_management@@A 0000000140024360     libucrt:signal.obj
 0003:00001368       ?ctrlbreak_action@@3V?$dual_state_global@P6AXH@Z@__crt_state_management@@A 0000000140024368     libucrt:signal.obj
 0003:00001370       ?abort_action@@3V?$dual_state_global@P6AXH@Z@__crt_state_management@@A 0000000140024370     libucrt:signal.obj
 0003:00001378       ?term_action@@3V?$dual_state_global@P6AXH@Z@__crt_state_management@@A 0000000140024378     libucrt:signal.obj
 0003:00001380       ?__acrt_app_type@@3W4_crt_app_type@@A 0000000140024380     libucrt:report_runtime_error.obj
 0003:00001388       ?internal_pst@?1??__mbrtoc32_utf8@__crt_mbstring@@YA_KPEA_UPEBD_KPEAU_Mbstatet@@@Z@4U3@A 0000000140024388     libucrt:mbrtoc32.obj
 0003:000013c8       ?user_matherr@@3V?$dual_state_global@P6AHPEAU_exception@@@Z@__crt_state_management@@A 00000001400243c8     libucrt:matherr.obj
 0003:000013e0       ?__vcrt_startup_thread_ptd@@3U__vcrt_ptd@@A 00000001400243e0     libvcruntime:per_thread_data.obj
 0003:00001460       ?module_handles@@3PAPEAUHINSTANCE__@@A 0000000140024460     libvcruntime:winapi_downlevel.obj
 0003:00001478       ?function_pointers@@3PAPEAXA 0000000140024478     libvcruntime:winapi_downlevel.obj
 0003:000014b0       GS_ExceptionRecord         00000001400244b0     libcmt:gs_report.obj
 0003:00001550       GS_ContextRecord           0000000140024550     libcmt:gs_report.obj
 0003:00001a30       ?is_initialized_as_dll@@3_NA 0000000140024a30     libcmt:utility.obj
 0003:00001a31       ?module_local_atexit_table_initialized@@3_NA 0000000140024a31     libcmt:utility.obj
 0003:00001a38       ?module_local_atexit_table@@3U_onexit_table_t@@A 0000000140024a38     libcmt:utility.obj
 0003:00001a50       ?module_local_at_quick_exit_table@@3U_onexit_table_t@@A 0000000140024a50     libcmt:utility.obj
 0003:00001a90       ?program_name@?1???$common_configure_argv@D@@YAHW4_crt_argv_mode@@@Z@4PADA 0000000140024a90     libucrt:argv_parsing.obj
 0003:00001bf0       __vcrt_lock_table          0000000140024bf0     libvcruntime:locks.obj
 0003:00001c18       __vcrt_locks_initialized   0000000140024c18     libvcruntime:locks.obj
 0003:00001c60       ?heap@@3V_HeapManager@@A   0000000140024c60     libvcruntime:undname.obj
 0005:00000000       MoveSmall                  0000000140027000     libvcruntime:memcpy.obj
 0005:00000040       MoveSmallYmm               0000000140027040     libvcruntime:memcpy.obj
 0005:00000064       MoveSmallYmmNT             0000000140027064     libvcruntime:memcpy.obj
 0005:00000088       MoveSmallXmm               0000000140027088     libvcruntime:memcpy.obj
 0005:000000b0       SetSmall                   00000001400270b0     libvcruntime:memset.obj
 0005:000000f0       SetSmallYmm                00000001400270f0     libvcruntime:memset.obj
 0005:00000114       SetSmallYmmNT              0000000140027114     libvcruntime:memset.obj
 0005:00000138       SetSmallXmm                0000000140027138     libvcruntime:memset.obj
