 EdiWand

 Timestamp is 6273b2dd (Thu May  5 12:19:57 2022)

 Preferred load address is 0000000140000000

 Start         Length     Name                   Class
 0001:00000000 00015a10H .text$mn                CODE
 0001:00015a10 00000040H .text$mn$00             CODE
 0001:00015a50 00000288H .text$x                 CODE
 0002:00000000 000002f8H .idata$5                DATA
 0002:000002f8 00000038H .00cfg                  DATA
 0002:00000330 00000008H .CRT$XCA                DATA
 0002:00000338 00000008H .CRT$XCAA               DATA
 0002:00000340 00000008H .CRT$XCZ                DATA
 0002:00000348 00000008H .CRT$XIA                DATA
 0002:00000350 00000008H .CRT$XIAA               DATA
 0002:00000358 00000008H .CRT$XIAC               DATA
 0002:00000360 00000020H .CRT$XIC                DATA
 0002:00000380 00000008H .CRT$XIZ                DATA
 0002:00000388 00000008H .CRT$XPA                DATA
 0002:00000390 00000010H .CRT$XPX                DATA
 0002:000003a0 00000008H .CRT$XPXA               DATA
 0002:000003a8 00000008H .CRT$XPZ                DATA
 0002:000003b0 00000008H .CRT$XTA                DATA
 0002:000003b8 00000008H .CRT$XTZ                DATA
 0002:000003c0 00000000H .gehcont$y              DATA
 0002:000003c0 00000000H .gfids$y                DATA
 0002:000003c0 00008840H .rdata                  DATA
 0002:00008c00 00000000H .rdata$CastGuardVftablesA DATA
 0002:00008c00 00000000H .rdata$CastGuardVftablesC DATA
 0002:00008c00 00000000H .rdata$r                DATA
 0002:00008c00 000000f8H .rdata$voltmd           DATA
 0002:00008cf8 000002a8H .rdata$zzzdbg           DATA
 0002:00008fa0 00000008H .rtc$IAA                DATA
 0002:00008fa8 00000008H .rtc$IZZ                DATA
 0002:00008fb0 00000008H .rtc$TAA                DATA
 0002:00008fb8 00000008H .rtc$TZZ                DATA
 0002:00008fc0 00000fb0H .xdata                  DATA
 0002:00009f70 00000000H .xdata$x                DATA
 0002:00009f70 00000000H .edata                  DATA
 0002:00009f70 0000003cH .idata$2                DATA
 0002:00009fac 00000014H .idata$3                DATA
 0002:00009fc0 000002f8H .idata$4                DATA
 0002:0000a2b8 000005a6H .idata$6                DATA
 0003:00000000 00000a80H .data                   DATA
 0003:00000a80 00000000H .data$r                 DATA
 0003:00000a80 00000000H .data$rs                DATA
 0003:00000a80 00001228H .bss                    DATA
 0004:00000000 000011f4H .pdata                  DATA
 0005:00000000 0000015cH _RDATA                  DATA

  Address         Publics by Value              Rva+Base               Lib:Object

 0000:00000000       __guard_longjmp_table      0000000000000000     <absolute>
 0000:00000000       __x64_code_ranges_to_entry_points 0000000000000000     <absolute>
 0000:00000000       __x64_code_ranges_to_entry_points_count 0000000000000000     <absolute>
 0000:00000000       __guard_fids_count         0000000000000000     <absolute>
 0000:00000000       __arm64x_redirection_metadata 0000000000000000     <absolute>
 0000:00000000       __guard_iat_table          0000000000000000     <absolute>
 0000:00000000       __arm64x_extra_rfe_table   0000000000000000     <absolute>
 0000:00000000       __guard_iat_count          0000000000000000     <absolute>
 0000:00000000       __guard_longjmp_count      0000000000000000     <absolute>
 0000:00000000       __hybrid_code_map          0000000000000000     <absolute>
 0000:00000000       ___safe_se_handler_table   0000000000000000     <absolute>
 0000:00000000       __dynamic_value_reloc_table 0000000000000000     <absolute>
 0000:00000000       __arm64x_extra_rfe_table_size 0000000000000000     <absolute>
 0000:00000000       ___safe_se_handler_count   0000000000000000     <absolute>
 0000:00000000       __hybrid_auxiliary_iat     0000000000000000     <absolute>
 0000:00000000       __hybrid_auxiliary_iat_copy 0000000000000000     <absolute>
 0000:00000000       __AbsoluteZero             0000000000000000     <absolute>
 0000:00000000       __guard_check_icall_a64n_fptr 0000000000000000     <absolute>
 0000:00000000       __guard_fids_table         0000000000000000     <absolute>
 0000:00000000       __guard_eh_cont_count      0000000000000000     <absolute>
 0000:00000000       __arm64x_redirection_metadata_count 0000000000000000     <absolute>
 0000:00000000       __enclave_config           0000000000000000     <absolute>
 0000:00000000       __guard_eh_cont_table      0000000000000000     <absolute>
 0000:00000000       __arm64x_native_entrypoint 0000000000000000     <absolute>
 0000:00000000       __hybrid_code_map_count    0000000000000000     <absolute>
 0000:00000100       __guard_flags              0000000000000100     <absolute>
 0000:00000000       __ImageBase                0000000140000000     <linker-defined>
 0001:00000000       ?BroadcastPresence@@YAKPEAX@Z 0000000140001000 f   main.obj
 0001:00000360       ?MouseUpdate@@YAKPEAX@Z    0000000140001360 f   main.obj
 0001:00000440       __local_stdio_printf_options 0000000140001440 f i main.obj
 0001:00000450       main                       0000000140001450 f   main.obj
 0001:00000990       printf                     0000000140001990 f i main.obj
 0001:000009e0       snprintf                   00000001400019e0 f i main.obj
 0001:00000a50       strncat                    0000000140001a50 f   libucrt:strncat.obj
 0001:00000c00       strncmp                    0000000140001c00 f   libucrt:strncmp.obj
 0001:00000c80       __acrt_initialize_stdio    0000000140001c80 f   libucrt:_file.obj
 0001:00000da0       __acrt_iob_func            0000000140001da0 f   libucrt:_file.obj
 0001:00000db4       __acrt_uninitialize_stdio  0000000140001db4 f   libucrt:_file.obj
 0001:00000e10       _lock_file                 0000000140001e10 f   libucrt:_file.obj
 0001:00000e1c       _unlock_file               0000000140001e1c f   libucrt:_file.obj
 0001:00001034       ??$ensure_buffer_is_big_enough@D@formatting_buffer@__crt_stdio_output@@QEAA_N_K@Z 0000000140002034 f i libucrt:output.obj
 0001:000010dc       ??$type_case_integer_parse_into_buffer@I@?$output_processor@DV?$stream_output_adapter@D@__crt_stdio_output@@V?$standard_base@DV?$stream_output_adapter@D@__crt_stdio_output@@@2@@__crt_stdio_output@@AEAAXII_N@Z 00000001400020dc f i libucrt:output.obj
 0001:000010dc       ??$type_case_integer_parse_into_buffer@I@?$output_processor@DV?$string_output_adapter@D@__crt_stdio_output@@V?$standard_base@DV?$string_output_adapter@D@__crt_stdio_output@@@2@@__crt_stdio_output@@AEAAXII_N@Z 00000001400020dc f i libucrt:output.obj
 0001:00001164       ??$type_case_integer_parse_into_buffer@_K@?$output_processor@DV?$stream_output_adapter@D@__crt_stdio_output@@V?$standard_base@DV?$stream_output_adapter@D@__crt_stdio_output@@@2@@__crt_stdio_output@@AEAAX_KI_N@Z 0000000140002164 f i libucrt:output.obj
 0001:00001164       ??$type_case_integer_parse_into_buffer@_K@?$output_processor@DV?$string_output_adapter@D@__crt_stdio_output@@V?$standard_base@DV?$string_output_adapter@D@__crt_stdio_output@@@2@@__crt_stdio_output@@AEAAX_KI_N@Z 0000000140002164 f i libucrt:output.obj
 0001:000011f4       ??$write_multiple_characters@V?$stream_output_adapter@D@__crt_stdio_output@@D@__crt_stdio_output@@YAXAEBV?$stream_output_adapter@D@0@DHQEAH@Z 00000001400021f4 f i libucrt:output.obj
 0001:00001280       ??$write_multiple_characters@V?$string_output_adapter@D@__crt_stdio_output@@D@__crt_stdio_output@@YAXAEBV?$string_output_adapter@D@0@DHQEAH@Z 0000000140002280 f i libucrt:output.obj
 0001:000012f8       ??0_LocaleUpdate@@QEAA@QEAU__crt_locale_pointers@@@Z 00000001400022f8 f i libucrt:output.obj
 0001:000014d0       ?crop_zeroes@__crt_stdio_output@@YAXPEADQEAU__crt_locale_pointers@@@Z 00000001400024d0 f i libucrt:output.obj
 0001:00001570       ?force_decimal_point@__crt_stdio_output@@YAXPEADQEAU__crt_locale_pointers@@@Z 0000000140002570 f i libucrt:output.obj
 0001:000015e8       ?parse_int_from_format_string@?$output_processor@DV?$stream_output_adapter@D@__crt_stdio_output@@V?$standard_base@DV?$stream_output_adapter@D@__crt_stdio_output@@@2@@__crt_stdio_output@@AEAA_NQEAH@Z 00000001400025e8 f i libucrt:output.obj
 0001:000015e8       ?parse_int_from_format_string@?$output_processor@DV?$string_output_adapter@D@__crt_stdio_output@@V?$standard_base@DV?$string_output_adapter@D@__crt_stdio_output@@@2@@__crt_stdio_output@@AEAA_NQEAH@Z 00000001400025e8 f i libucrt:output.obj
 0001:0000168c       ?process@?$output_processor@DV?$stream_output_adapter@D@__crt_stdio_output@@V?$standard_base@DV?$stream_output_adapter@D@__crt_stdio_output@@@2@@__crt_stdio_output@@QEAAHXZ 000000014000268c f i libucrt:output.obj
 0001:000018a0       ?process@?$output_processor@DV?$string_output_adapter@D@__crt_stdio_output@@V?$standard_base@DV?$string_output_adapter@D@__crt_stdio_output@@@2@@__crt_stdio_output@@QEAAHXZ 00000001400028a0 f i libucrt:output.obj
 0001:00001aa8       ?state_case_normal@?$output_processor@DV?$stream_output_adapter@D@__crt_stdio_output@@V?$standard_base@DV?$stream_output_adapter@D@__crt_stdio_output@@@2@@__crt_stdio_output@@AEAA_NXZ 0000000140002aa8 f i libucrt:output.obj
 0001:00001b18       ?state_case_normal@?$output_processor@DV?$string_output_adapter@D@__crt_stdio_output@@V?$standard_base@DV?$string_output_adapter@D@__crt_stdio_output@@@2@@__crt_stdio_output@@AEAA_NXZ 0000000140002b18 f i libucrt:output.obj
 0001:00001b8c       ?state_case_normal_tchar@?$output_processor@DV?$stream_output_adapter@D@__crt_stdio_output@@V?$standard_base@DV?$stream_output_adapter@D@__crt_stdio_output@@@2@@__crt_stdio_output@@AEAA_ND@Z 0000000140002b8c f i libucrt:output.obj
 0001:00001c30       ?state_case_normal_tchar@?$output_processor@DV?$string_output_adapter@D@__crt_stdio_output@@V?$standard_base@DV?$string_output_adapter@D@__crt_stdio_output@@@2@@__crt_stdio_output@@AEAA_ND@Z 0000000140002c30 f i libucrt:output.obj
 0001:00001cd8       ?state_case_size@?$output_processor@DV?$stream_output_adapter@D@__crt_stdio_output@@V?$standard_base@DV?$stream_output_adapter@D@__crt_stdio_output@@@2@@__crt_stdio_output@@AEAA_NXZ 0000000140002cd8 f i libucrt:output.obj
 0001:00001e48       ?state_case_size@?$output_processor@DV?$string_output_adapter@D@__crt_stdio_output@@V?$standard_base@DV?$string_output_adapter@D@__crt_stdio_output@@@2@@__crt_stdio_output@@AEAA_NXZ 0000000140002e48 f i libucrt:output.obj
 0001:00001fb8       ?state_case_type@?$output_processor@DV?$stream_output_adapter@D@__crt_stdio_output@@V?$standard_base@DV?$stream_output_adapter@D@__crt_stdio_output@@@2@@__crt_stdio_output@@AEAA_NXZ 0000000140002fb8 f i libucrt:output.obj
 0001:0000223c       ?state_case_type@?$output_processor@DV?$string_output_adapter@D@__crt_stdio_output@@V?$standard_base@DV?$string_output_adapter@D@__crt_stdio_output@@@2@@__crt_stdio_output@@AEAA_NXZ 000000014000323c f i libucrt:output.obj
 0001:000024b0       ?to_integer_size@__crt_stdio_output@@YA_KW4length_modifier@1@@Z 00000001400034b0 f i libucrt:output.obj
 0001:00002518       ?type_case_Z@?$output_processor@DV?$string_output_adapter@D@__crt_stdio_output@@V?$standard_base@DV?$string_output_adapter@D@__crt_stdio_output@@@2@@__crt_stdio_output@@AEAA_NXZ 0000000140003518 f i libucrt:output.obj
 0001:00002518       ?type_case_Z@?$output_processor@DV?$stream_output_adapter@D@__crt_stdio_output@@V?$standard_base@DV?$stream_output_adapter@D@__crt_stdio_output@@@2@@__crt_stdio_output@@AEAA_NXZ 0000000140003518 f i libucrt:output.obj
 0001:0000258c       ?type_case_a@?$output_processor@DV?$stream_output_adapter@D@__crt_stdio_output@@V?$standard_base@DV?$stream_output_adapter@D@__crt_stdio_output@@@2@@__crt_stdio_output@@AEAA_NXZ 000000014000358c f i libucrt:output.obj
 0001:0000258c       ?type_case_a@?$output_processor@DV?$string_output_adapter@D@__crt_stdio_output@@V?$standard_base@DV?$string_output_adapter@D@__crt_stdio_output@@@2@@__crt_stdio_output@@AEAA_NXZ 000000014000358c f i libucrt:output.obj
 0001:00002748       ?type_case_c_tchar@?$output_processor@DV?$stream_output_adapter@D@__crt_stdio_output@@V?$standard_base@DV?$stream_output_adapter@D@__crt_stdio_output@@@2@@__crt_stdio_output@@AEAA_ND@Z 0000000140003748 f i libucrt:output.obj
 0001:00002748       ?type_case_c_tchar@?$output_processor@DV?$string_output_adapter@D@__crt_stdio_output@@V?$standard_base@DV?$string_output_adapter@D@__crt_stdio_output@@@2@@__crt_stdio_output@@AEAA_ND@Z 0000000140003748 f i libucrt:output.obj
 0001:00002810       ?type_case_integer@?$output_processor@DV?$stream_output_adapter@D@__crt_stdio_output@@V?$standard_base@DV?$stream_output_adapter@D@__crt_stdio_output@@@2@@__crt_stdio_output@@AEAA_NI_N@Z 0000000140003810 f i libucrt:output.obj
 0001:00002810       ?type_case_integer@?$output_processor@DV?$string_output_adapter@D@__crt_stdio_output@@V?$standard_base@DV?$string_output_adapter@D@__crt_stdio_output@@@2@@__crt_stdio_output@@AEAA_NI_N@Z 0000000140003810 f i libucrt:output.obj
 0001:00002990       ?type_case_n@?$output_processor@DV?$string_output_adapter@D@__crt_stdio_output@@V?$standard_base@DV?$string_output_adapter@D@__crt_stdio_output@@@2@@__crt_stdio_output@@AEAA_NXZ 0000000140003990 f i libucrt:output.obj
 0001:00002990       ?type_case_n@?$output_processor@DV?$stream_output_adapter@D@__crt_stdio_output@@V?$standard_base@DV?$stream_output_adapter@D@__crt_stdio_output@@@2@@__crt_stdio_output@@AEAA_NXZ 0000000140003990 f i libucrt:output.obj
 0001:00002a18       ?type_case_s@?$output_processor@DV?$string_output_adapter@D@__crt_stdio_output@@V?$standard_base@DV?$string_output_adapter@D@__crt_stdio_output@@@2@@__crt_stdio_output@@AEAA_NXZ 0000000140003a18 f i libucrt:output.obj
 0001:00002a18       ?type_case_s@?$output_processor@DV?$stream_output_adapter@D@__crt_stdio_output@@V?$standard_base@DV?$stream_output_adapter@D@__crt_stdio_output@@@2@@__crt_stdio_output@@AEAA_NXZ 0000000140003a18 f i libucrt:output.obj
 0001:00002ab0       ?validate_stream_is_ansi_if_required@?$__acrt_stdio_char_traits@D@@SA_NQEAU_iobuf@@@Z 0000000140003ab0 f i libucrt:output.obj
 0001:00002b4c       ?write_stored_string_tchar@?$output_processor@DV?$stream_output_adapter@D@__crt_stdio_output@@V?$standard_base@DV?$stream_output_adapter@D@__crt_stdio_output@@@2@@__crt_stdio_output@@AEAA_ND@Z 0000000140003b4c f i libucrt:output.obj
 0001:00002c70       ?write_stored_string_tchar@?$output_processor@DV?$string_output_adapter@D@__crt_stdio_output@@V?$standard_base@DV?$string_output_adapter@D@__crt_stdio_output@@@2@@__crt_stdio_output@@AEAA_ND@Z 0000000140003c70 f i libucrt:output.obj
 0001:00002d4c       ?write_string@?$string_output_adapter@D@__crt_stdio_output@@QEBAXQEBDHQEAHAEAV__crt_deferred_errno_cache@@@Z 0000000140003d4c f i libucrt:output.obj
 0001:00002df0       ?write_string_impl@?$output_adapter_common@DV?$stream_output_adapter@D@__crt_stdio_output@@@__crt_stdio_output@@IEBAXQEBDHQEAHAEAV__crt_deferred_errno_cache@@@Z 0000000140003df0 f i libucrt:output.obj
 0001:00002ee8       __stdio_common_vfprintf    0000000140003ee8 f   libucrt:output.obj
 0001:00002f74       __stdio_common_vsprintf    0000000140003f74 f   libucrt:output.obj
 0001:00002ff0       ??$parse_floating_point@V?$c_string_character_source@D@__crt_strtox@@N@__crt_strtox@@YA?AW4SLD_STATUS@@QEAU__crt_locale_pointers@@V?$c_string_character_source@D@0@QEAN@Z 0000000140003ff0 f i libucrt:atof.obj
 0001:00003090       ??$parse_floating_point_from_source@V?$c_string_character_source@D@__crt_strtox@@@__crt_strtox@@YA?AW4floating_point_parse_result@0@QEAU__crt_locale_pointers@@AEAV?$c_string_character_source@D@0@AEAUfloating_point_string@0@@Z 0000000140004090 f i libucrt:atof.obj
 0001:00003540       ??$parse_floating_point_possible_infinity@DV?$c_string_character_source@D@__crt_strtox@@PEBD@__crt_strtox@@YA?AW4floating_point_parse_result@0@AEADAEAV?$c_string_character_source@D@0@PEBD@Z 0000000140004540 f i libucrt:atof.obj
 0001:0000369c       ??$parse_floating_point_possible_nan@DV?$c_string_character_source@D@__crt_strtox@@PEBD@__crt_strtox@@YA?AW4floating_point_parse_result@0@AEADAEAV?$c_string_character_source@D@0@PEBD@Z 000000014000469c f i libucrt:atof.obj
 0001:00003888       ??$parse_floating_point_possible_nan_is_ind@DV?$c_string_character_source@D@__crt_strtox@@@__crt_strtox@@YA_NAEADAEAV?$c_string_character_source@D@0@@Z 0000000140004888 f i libucrt:atof.obj
 0001:000038cc       ??$parse_floating_point_possible_nan_is_snan@DV?$c_string_character_source@D@__crt_strtox@@@__crt_strtox@@YA_NAEADAEAV?$c_string_character_source@D@0@@Z 00000001400048cc f i libucrt:atof.obj
 0001:00003910       ??$parse_floating_point_write_result@N@__crt_strtox@@YA?AW4SLD_STATUS@@W4floating_point_parse_result@0@AEBUfloating_point_string@0@QEAN@Z 0000000140004910 f i libucrt:atof.obj
 0001:00003af0       ?as_double@floating_point_value@__crt_strtox@@QEBAAEANXZ 0000000140004af0 f i libucrt:atof.obj
 0001:00003b2c       ?as_float@floating_point_value@__crt_strtox@@QEBAAEAMXZ 0000000140004b2c f i libucrt:atof.obj
 0001:00003b68       ?assemble_floating_point_value@__crt_strtox@@YA?AW4SLD_STATUS@@_KH_N1AEBVfloating_point_value@1@@Z 0000000140004b68 f i libucrt:atof.obj
 0001:00003f08       ?assemble_floating_point_value_from_big_integer@__crt_strtox@@YA?AW4SLD_STATUS@@AEBUbig_integer@1@I_N1AEBVfloating_point_value@1@@Z 0000000140004f08 f i libucrt:atof.obj
 0001:00004068       ?convert_decimal_string_to_floating_type_common@__crt_strtox@@YA?AW4SLD_STATUS@@AEBUfloating_point_string@1@AEBVfloating_point_value@1@@Z 0000000140005068 f i libucrt:atof.obj
 0001:00005eb8       ?convert_hexadecimal_string_to_floating_type_common@__crt_strtox@@YA?AW4SLD_STATUS@@AEBUfloating_point_string@1@AEBVfloating_point_value@1@@Z 0000000140006eb8 f i libucrt:atof.obj
 0001:00005f70       ?divide@__crt_strtox@@YA_KAEAUbig_integer@1@AEBU21@@Z 0000000140006f70 f i libucrt:atof.obj
 0001:0000639c       _ischartype_l              000000014000739c f i libucrt:atof.obj
 0001:00006414       atof                       0000000140007414 f   libucrt:atof.obj
 0001:000064a4       __acrt_call_reportfault    00000001400074a4 f   libucrt:invalid_parameter.obj
 0001:00006600       __acrt_initialize_invalid_parameter_handler 0000000140007600 f   libucrt:invalid_parameter.obj
 0001:00006608       _invalid_parameter         0000000140007608 f   libucrt:invalid_parameter.obj
 0001:000066b8       _invalid_parameter_noinfo  00000001400076b8 f   libucrt:invalid_parameter.obj
 0001:000066d8       _invoke_watson             00000001400076d8 f   libucrt:invalid_parameter.obj
 0001:00006720       __acrt_errno_from_os_error 0000000140007720 f   libucrt:errno.obj
 0001:00006768       __acrt_errno_map_os_error  0000000140007768 f   libucrt:errno.obj
 0001:000067b8       __doserrno                 00000001400077b8 f   libucrt:errno.obj
 0001:000067d8       _errno                     00000001400077d8 f   libucrt:errno.obj
 0001:000067f8       _calloc_base               00000001400077f8 f   libucrt:calloc_base.obj
 0001:00006870       _free_base                 0000000140007870 f   libucrt:free_base.obj
 0001:00006a88       __acrt_AppPolicyGetProcessTerminationMethodInternal 0000000140007a88 f   libucrt:winapi_thunks.obj
 0001:00006ad8       __acrt_AreFileApisANSI     0000000140007ad8 f   libucrt:winapi_thunks.obj
 0001:00006b14       __acrt_CompareStringEx     0000000140007b14 f   libucrt:winapi_thunks.obj
 0001:00006bf0       __acrt_FlsAlloc            0000000140007bf0 f   libucrt:winapi_thunks.obj
 0001:00006c38       __acrt_FlsFree             0000000140007c38 f   libucrt:winapi_thunks.obj
 0001:00006c80       __acrt_FlsGetValue         0000000140007c80 f   libucrt:winapi_thunks.obj
 0001:00006cc8       __acrt_FlsSetValue         0000000140007cc8 f   libucrt:winapi_thunks.obj
 0001:00006d1c       __acrt_InitializeCriticalSectionEx 0000000140007d1c f   libucrt:winapi_thunks.obj
 0001:00006d80       __acrt_LCMapStringEx       0000000140007d80 f   libucrt:winapi_thunks.obj
 0001:00006e5c       __acrt_LocaleNameToLCID    0000000140007e5c f   libucrt:winapi_thunks.obj
 0001:00006eac       __acrt_initialize_winapi_thunks 0000000140007eac f   libucrt:winapi_thunks.obj
 0001:00006ee0       __acrt_uninitialize_winapi_thunks 0000000140007ee0 f   libucrt:winapi_thunks.obj
 0001:00006f24       _fcloseall                 0000000140007f24 f   libucrt:closeall.obj
 0001:000071b4       __acrt_stdio_flush_nolock  00000001400081b4 f   libucrt:fflush.obj
 0001:00007230       _fflush_nolock             0000000140008230 f   libucrt:fflush.obj
 0001:0000727c       _flushall                  000000014000827c f   libucrt:fflush.obj
 0001:00007284       __acrt_stdio_free_buffer_nolock 0000000140008284 f   libucrt:_freebuf.obj
 0001:000074c0       __acrt_initialize_lowio    00000001400084c0 f   libucrt:ioinit.obj
 0001:000074fc       __acrt_uninitialize_lowio  00000001400084fc f   libucrt:ioinit.obj
 0001:0000753c       _malloc_base               000000014000853c f   libucrt:malloc_base.obj
 0001:0000759c       ??$parse_integer@KV?$c_string_character_source@D@__crt_strtox@@@__crt_strtox@@YAKQEAU__crt_locale_pointers@@V?$c_string_character_source@D@0@H_N@Z 000000014000859c f i libucrt:strtox.obj
 0001:000078a0       strtol                     00000001400088a0 f   libucrt:strtox.obj
 0001:000078cc       _mbtowc_l                  00000001400088cc f   libucrt:mbtowc.obj
 0001:00007a4c       mbtowc                     0000000140008a4c f   libucrt:mbtowc.obj
 0001:00007a54       _wctomb_s_l                0000000140008a54 f   libucrt:wctomb.obj
 0001:00007bf0       strnlen                    0000000140008bf0 f   libucrt:strnlen.obj
 0001:00007d40       wcsnlen                    0000000140008d40 f   libucrt:strnlen.obj
 0001:00008290       __acrt_getptd              0000000140009290 f   libucrt:per_thread_data.obj
 0001:00008364       __acrt_getptd_head         0000000140009364 f   libucrt:per_thread_data.obj
 0001:0000840c       __acrt_getptd_noexit       000000014000940c f   libucrt:per_thread_data.obj
 0001:000084d8       __acrt_initialize_ptd      00000001400094d8 f   libucrt:per_thread_data.obj
 0001:00008514       __acrt_uninitialize_ptd    0000000140009514 f   libucrt:per_thread_data.obj
 0001:00008538       __acrt_update_locale_info  0000000140009538 f   libucrt:locale_update.obj
 0001:0000856c       __acrt_update_multibyte_info 000000014000956c f   libucrt:locale_update.obj
 0001:00008fac       __acrt_fp_format           0000000140009fac f   libucrt:cvt.obj
 0001:000092e4       _fileno                    000000014000a2e4 f   libucrt:fileno.obj
 0001:0000930c       _fputc_nolock              000000014000a30c f   libucrt:fputc.obj
 0001:00009324       _get_printf_count_output   000000014000a324 f   libucrt:printf_count_output.obj
 0001:0000933c       __acrt_should_use_temporary_buffer 000000014000a33c f   libucrt:_sftbuf.obj
 0001:00009384       __acrt_stdio_begin_temporary_buffering_nolock 000000014000a384 f   libucrt:_sftbuf.obj
 0001:0000944c       __acrt_stdio_end_temporary_buffering_nolock 000000014000a44c f   libucrt:_sftbuf.obj
 0001:000094f8       __acrt_set_locale_changed  000000014000a4f8 f   libucrt:wsetlocale.obj
 0001:00009504       __acrt_uninitialize_locale 000000014000a504 f   libucrt:wsetlocale.obj
 0001:00009534       _configthreadlocale        000000014000a534 f   libucrt:wsetlocale.obj
 0001:000095a0       __pctype_func              000000014000a5a0 f   libucrt:ctype.obj
 0001:000095d0       _isctype_l                 000000014000a5d0 f   libucrt:isctype.obj
 0001:000096d8       fegetround                 000000014000a6d8 f   libucrt:fegetround.obj
 0001:000096ec       __acrt_initialize_new_handler 000000014000a6ec f   libucrt:new_handler.obj
 0001:000096f4       _callnewh                  000000014000a6f4 f   libucrt:new_handler.obj
 0001:00009724       _query_new_handler         000000014000a724 f   libucrt:new_handler.obj
 0001:00009758       _query_new_mode            000000014000a758 f   libucrt:new_mode.obj
 0001:00009760       _set_new_mode              000000014000a760 f   libucrt:new_mode.obj
 0001:0000978c       __acrt_initialize_heap     000000014000a78c f   libucrt:heap_handle.obj
 0001:000097a8       __acrt_uninitialize_heap   000000014000a7a8 f   libucrt:heap_handle.obj
 0001:000097b4       wcsncmp                    000000014000a7b4 f   libucrt:wcsncmp.obj
 0001:000097e0       abort                      000000014000a7e0 f   libucrt:abort.obj
 0001:00009838       __acrt_initialize_locks    000000014000a838 f   libucrt:locks.obj
 0001:00009880       __acrt_lock                000000014000a880 f   libucrt:locks.obj
 0001:0000989c       __acrt_uninitialize_locks  000000014000a89c f   libucrt:locks.obj
 0001:000098d4       __acrt_unlock              000000014000a8d4 f   libucrt:locks.obj
 0001:000098f0       __acrt_DownlevelLocaleNameToLCID 000000014000a8f0 f   libucrt:lcidtoname_downlevel.obj
 0001:000099a0       __acrt_get_process_end_policy 000000014000a9a0 f   libucrt:win_policies.obj
 0001:000099dc       _fclose_nolock             000000014000a9dc f   libucrt:fclose.obj
 0001:00009a60       fclose                     000000014000aa60 f   libucrt:fclose.obj
 0001:00009b50       _commit                    000000014000ab50 f   libucrt:commit.obj
 0001:0000a460       _write                     000000014000b460 f   libucrt:write.obj
 0001:0000a54c       _write_nolock              000000014000b54c f   libucrt:write.obj
 0001:0000a830       __acrt_lowio_create_handle_array 000000014000b830 f   libucrt:osfinfo.obj
 0001:0000a8d8       __acrt_lowio_destroy_handle_array 000000014000b8d8 f   libucrt:osfinfo.obj
 0001:0000a928       __acrt_lowio_ensure_fh_exists 000000014000b928 f   libucrt:osfinfo.obj
 0001:0000a9d0       __acrt_lowio_lock_fh       000000014000b9d0 f   libucrt:osfinfo.obj
 0001:0000a9f8       __acrt_lowio_unlock_fh     000000014000b9f8 f   libucrt:osfinfo.obj
 0001:0000aa20       _free_osfhnd               000000014000ba20 f   libucrt:osfinfo.obj
 0001:0000aadc       _get_osfhandle             000000014000badc f   libucrt:osfinfo.obj
 0001:0000ab54       _isleadbyte_l              000000014000bb54 f i libucrt:_wctype.obj
 0001:0000aba0       __acrt_MultiByteToWideChar 000000014000bba0 f   libucrt:multibytetowidechar.obj
 0001:0000abfc       ?__mbrtowc_utf8@__crt_mbstring@@YA_KPEA_WPEBD_KPEAU_Mbstatet@@@Z 000000014000bbfc f   libucrt:mbrtowc.obj
 0001:0000ac38       ?__mbsrtowcs_utf8@__crt_mbstring@@YA_KPEA_WPEAPEBD_KPEAU_Mbstatet@@@Z 000000014000bc38 f   libucrt:mbrtowc.obj
 0001:0000adb0       __acrt_WideCharToMultiByte 000000014000bdb0 f   libucrt:widechartomultibyte.obj
 0001:0000ae60       ?__c32rtomb_utf8@__crt_mbstring@@YA_KPEAD_UPEAU_Mbstatet@@@Z 000000014000be60 f   libucrt:c32rtomb.obj
 0001:0000af14       __acrt_add_locale_ref      000000014000bf14 f   libucrt:locale_refcounting.obj
 0001:0000afa0       __acrt_free_locale         000000014000bfa0 f   libucrt:locale_refcounting.obj
 0001:0000b118       __acrt_locale_add_lc_time_reference 000000014000c118 f   libucrt:locale_refcounting.obj
 0001:0000b140       __acrt_locale_free_lc_time_if_unreferenced 000000014000c140 f   libucrt:locale_refcounting.obj
 0001:0000b178       __acrt_locale_release_lc_time_reference 000000014000c178 f   libucrt:locale_refcounting.obj
 0001:0000b1a0       __acrt_release_locale_ref  000000014000c1a0 f   libucrt:locale_refcounting.obj
 0001:0000b248       __acrt_update_thread_locale_data 000000014000c248 f   libucrt:locale_refcounting.obj
 0001:0000b2b8       _updatetlocinfoEx_nolock   000000014000c2b8 f   libucrt:locale_refcounting.obj
 0001:0000ba48       __acrt_initialize_multibyte 000000014000ca48 f   libucrt:mbctype.obj
 0001:0000baa8       __acrt_update_thread_multibyte_data 000000014000caa8 f   libucrt:mbctype.obj
 0001:0000bac4       _setmbcp_nolock            000000014000cac4 f   libucrt:mbctype.obj
 0001:0000bd80       _seh_filter_exe            000000014000cd80 f   libucrt:exception_filter.obj
 0001:0000bf04       strcpy_s                   000000014000cf04 f   libucrt:strcpy_s.obj
 0001:0000bf64       __acrt_fp_strflt_to_string 000000014000cf64 f   libucrt:_fptostr.obj
 0001:0000c0c0       __acrt_fltout              000000014000d0c0 f   libucrt:cfout.obj
 0001:0000d464       __acrt_stdio_flush_and_write_narrow_nolock 000000014000e464 f   libucrt:_flsbuf.obj
 0001:0000d51c       _isatty                    000000014000e51c f   libucrt:isatty.obj
 0001:0000d57c       __acrt_locale_free_monetary 000000014000e57c f   libucrt:initmon.obj
 0001:0000d688       __acrt_locale_free_numeric 000000014000e688 f   libucrt:initnum.obj
 0001:0000d74c       __acrt_locale_free_time    000000014000e74c f   libucrt:inittime.obj
 0001:0000d854       __acrt_GetStringTypeA      000000014000e854 f   libucrt:getstringtypea.obj
 0001:0000d9e4       __acrt_fenv_get_common_round_control 000000014000e9e4 f   libucrt:_fenvutils.obj
 0001:0000d9f0       __acrt_fenv_get_control    000000014000e9f0 f   libucrt:_fenvutils.obj
 0001:0000dae4       __acrt_fenv_get_status     000000014000eae4 f   libucrt:_fenvutils.obj
 0001:0000db38       __acrt_fenv_set_control    000000014000eb38 f   libucrt:_fenvutils.obj
 0001:0000dc80       __acrt_fenv_set_status     000000014000ec80 f   libucrt:_fenvutils.obj
 0001:0000df70       __acrt_initialize_thread_local_exit_callback 000000014000ef70 f   libucrt:exit.obj
 0001:0000df78       _c_exit                    000000014000ef78 f   libucrt:exit.obj
 0001:0000df88       _cexit                     000000014000ef88 f   libucrt:exit.obj
 0001:0000df98       _exit                      000000014000ef98 f   libucrt:exit.obj
 0001:0000dfa4       _register_thread_local_exe_atexit_callback 000000014000efa4 f   libucrt:exit.obj
 0001:0000dfe0       exit                       000000014000efe0 f   libucrt:exit.obj
 0001:0000e034       __acrt_get_sigabrt_handler 000000014000f034 f   libucrt:signal.obj
 0001:0000e064       __acrt_initialize_signal_handlers 000000014000f064 f   libucrt:signal.obj
 0001:0000e084       raise                      000000014000f084 f   libucrt:signal.obj
 0001:0000e2f0       __ascii_wcsnicmp           000000014000f2f0 f   libucrt:wcsnicmp.obj
 0001:0000e3b0       _close                     000000014000f3b0 f   libucrt:close.obj
 0001:0000e454       _close_nolock              000000014000f454 f   libucrt:close.obj
 0001:0000e514       ?__acrt_stdio_free_stream@@YAXV__crt_stdio_stream@@@Z 000000014000f514 f   libucrt:stream.obj
 0001:0000e6bc       _lseeki64                  000000014000f6bc f   libucrt:lseek.obj
 0001:0000e6c4       _lseeki64_nolock           000000014000f6c4 f   libucrt:lseek.obj
 0001:0000e6cc       _putwch_nolock             000000014000f6cc f   libucrt:putwch.obj
 0001:0000e708       _query_app_type            000000014000f708 f   libucrt:report_runtime_error.obj
 0001:0000e710       _set_app_type              000000014000f710 f   libucrt:report_runtime_error.obj
 0001:0000e718       ?__mbrtoc32_utf8@__crt_mbstring@@YA_KPEA_UPEBD_KPEAU_Mbstatet@@@Z 000000014000f718 f   libucrt:mbrtoc32.obj
 0001:0000ec08       __acrt_LCMapStringA        000000014000fc08 f   libucrt:lcmapstringa.obj
 0001:0000ecb8       _controlfp_s               000000014000fcb8 f   libucrt:contrlfp.obj
 0001:0000ed1c       fegetenv                   000000014000fd1c f   libucrt:fegetenv.obj
 0001:0000ed3c       fesetenv                   000000014000fd3c f   libucrt:fesetenv.obj
 0001:0000ed88       feholdexcept               000000014000fd88 f   libucrt:feholdexcept.obj
 0001:0000edd8       ceil                       000000014000fdd8 f   libucrt:ceil.obj
 0001:0000eea0       log10                      000000014000fea0 f   libucrt:log10.obj
 0001:0000f44c       __acrt_stdio_allocate_buffer_nolock 000000014001044c f   libucrt:_getbuf.obj
 0001:0000f4b8       _initterm                  00000001400104b8 f   libucrt:initterm.obj
 0001:0000f51c       _initterm_e                000000014001051c f   libucrt:initterm.obj
 0001:0000f89c       _crt_atexit                000000014001089c f   libucrt:onexit.obj
 0001:0000f8ac       _execute_onexit_table      00000001400108ac f   libucrt:onexit.obj
 0001:0000f8e8       _initialize_onexit_table   00000001400108e8 f   libucrt:onexit.obj
 0001:0000f910       _register_onexit_function  0000000140010910 f   libucrt:onexit.obj
 0001:0000f958       terminate                  0000000140010958 f   libucrt:terminate.obj
 0001:0000f978       __dcrt_lowio_ensure_console_output_initialized 0000000140010978 f   libucrt:initcon.obj
 0001:0000f9cc       __dcrt_terminate_console_output 00000001400109cc f   libucrt:initcon.obj
 0001:0000f9e8       __dcrt_write_console       00000001400109e8 f   libucrt:initcon.obj
 0001:0000faa8       strncpy_s                  0000000140010aa8 f   libucrt:strncpy_s.obj
 0001:0000fb7c       __strncnt                  0000000140010b7c f   libucrt:strncnt.obj
 0001:0000fb94       _clearfp                   0000000140010b94 f   libucrt:ieee.obj
 0001:0000fc04       _control87                 0000000140010c04 f   libucrt:ieee.obj
 0001:0000fff0       _handle_error              0000000140010ff0 f   libucrt:libm_error.obj
 0001:00010118       _handle_nan                0000000140011118 f   libucrt:libm_error.obj
 0001:00010140       __acrt_initialize_fma3     0000000140011140 f   libucrt:fma3_available.obj
 0001:000101b0       _log10_special             00000001400111b0 f   libucrt:log_special.obj
 0001:00010268       _recalloc_base             0000000140011268 f   libucrt:recalloc.obj
 0001:00010310       _get_fpsr                  0000000140011310 f   libucrt:fpsr.obj
 0001:00010320       _set_fpsr                  0000000140011320 f   libucrt:fpsr.obj
 0001:0001032a       _fclrf                     000000014001132a f   libucrt:fpsr.obj
 0001:0001033e       _frnd                      000000014001133e f   libucrt:fpsr.obj
 0001:00010360       __acrt_has_user_matherr    0000000140011360 f   libucrt:matherr.obj
 0001:00010380       __acrt_initialize_user_matherr 0000000140011380 f   libucrt:matherr.obj
 0001:00010388       __acrt_invoke_user_matherr 0000000140011388 f   libucrt:matherr.obj
 0001:000103b8       __setusermatherr           00000001400113b8 f   libucrt:matherr.obj
 0001:000103e0       _raise_exc                 00000001400113e0 f   libucrt:fpexcept.obj
 0001:00010408       _raise_exc_ex              0000000140011408 f   libucrt:fpexcept.obj
 0001:00010718       _set_errno_from_matherr    0000000140011718 f   libucrt:fpexcept.obj
 0001:00010748       _clrfp                     0000000140011748 f   libucrt:fpctrl.obj
 0001:00010768       _ctrlfp                    0000000140011768 f   libucrt:fpctrl.obj
 0001:000107e4       _set_statfp                00000001400117e4 f   libucrt:fpctrl.obj
 0001:00010804       _statfp                    0000000140011804 f   libucrt:fpctrl.obj
 0001:00010818       _msize_base                0000000140011818 f   libucrt:msize.obj
 0001:00010854       _realloc_base              0000000140011854 f   libucrt:realloc_base.obj
 0001:000108d0       strchr                     00000001400118d0 f   libvcruntime:strchr.obj
 0001:00010950       __C_specific_handler       0000000140011950 f   libvcruntime:riscchandler.obj
 0001:00010b60       memcpy_repmovs             0000000140011b60 f   libvcruntime:memcpy.obj
 0001:00010b80       memcpy                     0000000140011b80 f   libvcruntime:memcpy.obj
 0001:00010b80       memmove                    0000000140011b80 f   libvcruntime:memcpy.obj
 0001:00011210       memset_repstos             0000000140012210 f   libvcruntime:memset.obj
 0001:00011230       memset                     0000000140012230 f   libvcruntime:memset.obj
 0001:000115b8       strrchr                    00000001400125b8 f   libvcruntime:strrchr.obj
 0001:00011710       memcmp                     0000000140012710 f   libvcruntime:memcmp.obj
 0001:000117f0       _NLG_Notify                00000001400127f0 f   libvcruntime:notify.obj
 0001:00011810       __NLG_Dispatch2            0000000140012810 f   libvcruntime:notify.obj
 0001:00011820       __NLG_Return2              0000000140012820 f   libvcruntime:notify.obj
 0001:00011824       _initialize_invalid_parameter_handler 0000000140012824 f i libcmt:invalid_parameter_handler.obj
 0001:00011824       _guard_check_icall_nop     0000000140012824 f i libvcruntime:jbcxrval.obj
 0001:00011824       _initialize_denormal_control 0000000140012824 f i libcmt:denormal_control.obj
 0001:00011828       __except_validate_context_record 0000000140012828 f   libvcruntime:jbcxrval.obj
 0001:00011860       __DestructExceptionObject  0000000140012860 f   libvcruntime:ehhelpers.obj
 0001:000118d0       ?_CallMemberFunction0@@YAXQEAX0@Z 00000001400128d0 f i libvcruntime:ehhelpers.obj
 0001:000118d4       __current_exception        00000001400128d4 f   libvcruntime:ehhelpers.obj
 0001:000118e8       __current_exception_context 00000001400128e8 f   libvcruntime:ehhelpers.obj
 0001:000118fc       __vcrt_freefls             00000001400128fc f   libvcruntime:per_thread_data.obj
 0001:0001191c       __vcrt_getptd              000000014001291c f   libvcruntime:per_thread_data.obj
 0001:00011938       __vcrt_getptd_noexit       0000000140012938 f   libvcruntime:per_thread_data.obj
 0001:000119f8       __vcrt_initialize_ptd      00000001400129f8 f   libvcruntime:per_thread_data.obj
 0001:00011a40       __vcrt_uninitialize_ptd    0000000140012a40 f   libvcruntime:per_thread_data.obj
 0001:00011bb4       __vcrt_FlsAlloc            0000000140012bb4 f   libvcruntime:winapi_downlevel.obj
 0001:00011bfc       __vcrt_FlsFree             0000000140012bfc f   libvcruntime:winapi_downlevel.obj
 0001:00011c44       __vcrt_FlsGetValue         0000000140012c44 f   libvcruntime:winapi_downlevel.obj
 0001:00011c8c       __vcrt_FlsSetValue         0000000140012c8c f   libvcruntime:winapi_downlevel.obj
 0001:00011ce0       __vcrt_InitializeCriticalSectionEx 0000000140012ce0 f   libvcruntime:winapi_downlevel.obj
 0001:00011d44       __GSHandlerCheck           0000000140012d44 f   libcmt:gshandler.obj
 0001:00011d64       __GSHandlerCheckCommon     0000000140012d64 f   libcmt:gshandler.obj
 0001:00011dd0       __security_check_cookie    0000000140012dd0 f   libcmt:amdsecgs.obj
 0001:00012050       mainCRTStartup             0000000140013050 f   libcmt:exe_main.obj
 0001:00012064       __crt_debugger_hook        0000000140013064 f   libcmt:utility_desktop.obj
 0001:0001206c       __scrt_fastfail            000000014001306c f   libcmt:utility_desktop.obj
 0001:000121b8       __scrt_initialize_mta      00000001400131b8 f   libcmt:utility_desktop.obj
 0001:000121c0       __scrt_stub_for_initialize_mta 00000001400131c0 f   libcmt:utility_desktop.obj
 0001:000121c0       __scrt_initialize_winrt    00000001400131c0 f   libcmt:utility_desktop.obj
 0001:000121c0       _matherr                   00000001400131c0 f   libcmt:matherr.obj
 0001:000121c0       _get_startup_thread_locale_mode 00000001400131c0 f   libcmt:thread_locale.obj
 0001:000121c0       _get_startup_commit_mode   00000001400131c0 f   libcmt:commit_mode.obj
 0001:000121c0       __scrt_exe_initialize_mta  00000001400131c0 f   libcmt:utility_desktop.obj
 0001:000121c0       _get_startup_new_mode      00000001400131c0 f   libcmt:new_mode.obj
 0001:000121c4       __scrt_is_managed_app      00000001400131c4 f   libcmt:utility_desktop.obj
 0001:00012218       __scrt_set_unhandled_exception_filter 0000000140013218 f   libcmt:utility_desktop.obj
 0001:00012228       __scrt_unhandled_exception_filter 0000000140013228 f   libcmt:utility_desktop.obj
 0001:00012284       __isa_available_init       0000000140013284 f   libcmt:cpu_disp.obj
 0001:00012430       __raise_securityfailure    0000000140013430 f   libcmt:gs_report.obj
 0001:00012464       __report_gsfailure         0000000140013464 f   libcmt:gs_report.obj
 0001:00012538       __report_rangecheckfailure 0000000140013538 f   libcmt:gs_report.obj
 0001:0001254c       __report_securityfailure   000000014001354c f   libcmt:gs_report.obj
 0001:000126e0       __chkstk                   00000001400136e0 f   libcmt:chkstk.obj
 0001:000126e0       _alloca_probe              00000001400136e0 f   libcmt:chkstk.obj
 0001:00012730       _FindPESection             0000000140013730 f   libcmt:pesect.obj
 0001:00012780       _IsNonwritableInCurrentImage 0000000140013780 f   libcmt:pesect.obj
 0001:000127d0       _ValidateImageBase         00000001400137d0 f   libcmt:pesect.obj
 0001:000127fc       __scrt_acquire_startup_lock 00000001400137fc f   libcmt:utility.obj
 0001:00012838       __scrt_initialize_crt      0000000140013838 f   libcmt:utility.obj
 0001:00012884       __scrt_initialize_onexit_tables 0000000140013884 f   libcmt:utility.obj
 0001:00012910       __scrt_is_nonwritable_in_current_image 0000000140013910 f   libcmt:utility.obj
 0001:000129a8       __scrt_release_startup_lock 00000001400139a8 f   libcmt:utility.obj
 0001:000129cc       __scrt_uninitialize_crt    00000001400139cc f   libcmt:utility.obj
 0001:000129f8       _onexit                    00000001400139f8 f   libcmt:utility.obj
 0001:00012a34       atexit                     0000000140013a34 f   libcmt:utility.obj
 0001:00012a4c       __security_init_cookie     0000000140013a4c f   libcmt:gs_support.obj
 0001:00012af8       _get_startup_argv_mode     0000000140013af8 f   libcmt:argv_mode.obj
 0001:00012b00       _get_startup_file_mode     0000000140013b00 f   libcmt:file_mode.obj
 0001:00012b08       ?__scrt_initialize_type_info@@YAXXZ 0000000140013b08 f   libcmt:tncleanup.obj
 0001:00012b18       _should_initialize_environment 0000000140013b18 f   libcmt:env_mode.obj
 0001:00012b18       __acrt_uninitialize_command_line 0000000140013b18 f   libucrt:argv_data.obj
 0001:00012b1c       __local_stdio_scanf_options 0000000140013b1c f i libcmt:default_local_stdio_options.obj
 0001:00012b24       __scrt_initialize_default_local_stdio_options 0000000140013b24 f   libcmt:default_local_stdio_options.obj
 0001:00012b40       __scrt_is_user_matherr_present 0000000140013b40 f   libcmt:matherr_detection.obj
 0001:00012b4c       __scrt_get_dyn_tls_init_callback 0000000140013b4c f   libcmt:dyn_tls_init.obj
 0001:00012b54       __scrt_get_dyn_tls_dtor_callback 0000000140013b54 f   libcmt:dyn_tls_dtor.obj
 0001:00012b5c       _RTC_Initialize            0000000140013b5c f   libcmt:initsect.obj
 0001:00012b98       _RTC_Terminate             0000000140013b98 f   libcmt:initsect.obj
 0001:00012be0       __scrt_is_ucrt_dll_in_use  0000000140013be0 f   libcmt:ucrt_detection.obj
 0001:00012bec       inet_ntop                  0000000140013bec f   ws2_32:WS2_32.dll
 0001:00012bf4       calloc                     0000000140013bf4 f   libucrt:calloc.obj
 0001:00012bfc       free                       0000000140013bfc f   libucrt:free.obj
 0001:00012dd0       __acrt_allocate_buffer_for_argv 0000000140013dd0 f   libucrt:argv_parsing.obj
 0001:00012e30       _configure_narrow_argv     0000000140013e30 f   libucrt:argv_parsing.obj
 0001:0001327c       __dcrt_get_or_create_narrow_environment_nolock 000000014001427c f   libucrt:environment_initialization.obj
 0001:000132b8       __dcrt_uninitialize_environments_nolock 00000001400142b8 f   libucrt:environment_initialization.obj
 0001:000132f0       _get_initial_narrow_environment 00000001400142f0 f   libucrt:environment_initialization.obj
 0001:00013340       _initialize_narrow_environment 0000000140014340 f   libucrt:environment_initialization.obj
 0001:00013348       _set_fmode                 0000000140014348 f   libucrt:setmode.obj
 0001:00013388       __acrt_initialize_command_line 0000000140014388 f   libucrt:argv_data.obj
 0001:000133b0       __p___argc                 00000001400143b0 f   libucrt:argv_data.obj
 0001:000133b8       __p___argv                 00000001400143b8 f   libucrt:argv_data.obj
 0001:000133c0       __p__commode               00000001400143c0 f   libucrt:ncommode.obj
 0001:000134f4       __acrt_initialize          00000001400144f4 f   libucrt:initialization.obj
 0001:00013508       __acrt_uninitialize        0000000140014508 f   libucrt:initialization.obj
 0001:00013554       ??$__acrt_mbs_to_wcs_cp@U__crt_win32_buffer_internal_dynamic_resizing@@@@YAHQEBDAEAV?$__crt_win32_buffer@_WU__crt_win32_buffer_internal_dynamic_resizing@@@@I@Z 0000000140014554 f i libucrt:argv_wildcards.obj
 0001:000136cc       ??$__acrt_wcs_to_mbs_cp@U__crt_win32_buffer_internal_dynamic_resizing@@@@YAHQEB_WAEAV?$__crt_win32_buffer@DU__crt_win32_buffer_internal_dynamic_resizing@@@@I@Z 00000001400146cc f i libucrt:argv_wildcards.obj
 0001:00013efc       __acrt_expand_narrow_argv_wildcards 0000000140014efc f   libucrt:argv_wildcards.obj
 0001:00013f04       ??$__acrt_wcs_to_mbs_cp@U__crt_win32_buffer_no_resizing@@@@YAHQEB_WAEAV?$__crt_win32_buffer@DU__crt_win32_buffer_no_resizing@@@@I@Z 0000000140014f04 f i libucrt:getmodulefilenamea.obj
 0001:00014018       __acrt_GetModuleFileNameA  0000000140015018 f   libucrt:getmodulefilenamea.obj
 0001:000141b0       _ismbblead                 00000001400151b0 f   libucrt:ismbbyte.obj
 0001:000141c4       __dcrt_get_narrow_environment_from_os 00000001400151c4 f   libucrt:get_environment_from_os.obj
 0001:000146d0       __dcrt_set_variable_in_narrow_environment_nolock 00000001400156d0 f   libucrt:setenv.obj
 0001:000146d8       __acrt_initialize_fmode    00000001400156d8 f   libucrt:txtmode.obj
 0001:000146f4       __acrt_execute_initializers 00000001400156f4 f   libucrt:shared_initialization.obj
 0001:00014774       __acrt_execute_uninitializers 0000000140015774 f   libucrt:shared_initialization.obj
 0001:000147b0       qsort                      00000001400157b0 f   libucrt:qsort.obj
 0001:00014bf0       strpbrk                    0000000140015bf0 f   libucrt:strpbrk.obj
 0001:00014fb8       _mbsdec                    0000000140015fb8 f   libucrt:mbsdec.obj
 0001:00014fc0       _mbsdec_l                  0000000140015fc0 f   libucrt:mbsdec.obj
 0001:00015054       _strnicoll                 0000000140016054 f   libucrt:strnicol.obj
 0001:0001506c       _strnicoll_l               000000014001606c f   libucrt:strnicol.obj
 0001:0001516c       __acrt_SetEnvironmentVariableA 000000014001616c f   libucrt:setenvironmentvariablea.obj
 0001:00015304       __ascii_strnicmp           0000000140016304 f   libucrt:strnicmp.obj
 0001:00015350       _strnicmp                  0000000140016350 f   libucrt:strnicmp.obj
 0001:000153a0       _strnicmp_l                00000001400163a0 f   libucrt:strnicmp.obj
 0001:000157b0       __acrt_CompareStringA      00000001400167b0 f   libucrt:comparestringa.obj
 0001:0001583c       __vcrt_initialize          000000014001683c f   libvcruntime:initialization.obj
 0001:00015864       __vcrt_uninitialize        0000000140016864 f   libvcruntime:initialization.obj
 0001:00015880       __vcrt_initialize_locks    0000000140016880 f   libvcruntime:locks.obj
 0001:000158c8       __vcrt_uninitialize_locks  00000001400168c8 f   libvcruntime:locks.obj
 0001:00015910       _CallSettingFrame          0000000140016910 f   libvcruntime:handlers.obj
 0001:00015960       _CallSettingFrame_LookupContinuationIndex 0000000140016960 f   libvcruntime:handlers.obj
 0001:00015990       _CallSettingFrame_NotifyContinuationAddr 0000000140016990 f   libvcruntime:handlers.obj
 0001:000159c0       _CallSettingFrameEncoded   00000001400169c0 f   libvcruntime:handlers.obj
 0001:00015a20       _guard_dispatch_icall_nop  0000000140016a20 f   libcmt:guard_dispatch.obj
 0001:00015a40       _guard_xfg_dispatch_icall_nop 0000000140016a40 f   libcmt:guard_xfg_dispatch.obj
 0002:00000000       __imp_QueryPerformanceCounter 0000000140017000     kernel32:KERNEL32.dll
 0002:00000008       __imp_QueryPerformanceFrequency 0000000140017008     kernel32:KERNEL32.dll
 0002:00000010       __imp_Sleep                0000000140017010     kernel32:KERNEL32.dll
 0002:00000018       __imp_CreateThread         0000000140017018     kernel32:KERNEL32.dll
 0002:00000020       __imp_SetEnvironmentVariableW 0000000140017020     kernel32:KERNEL32.dll
 0002:00000028       __imp_FreeEnvironmentStringsW 0000000140017028     kernel32:KERNEL32.dll
 0002:00000030       __imp_GetEnvironmentStringsW 0000000140017030     kernel32:KERNEL32.dll
 0002:00000038       __imp_FindNextFileW        0000000140017038     kernel32:KERNEL32.dll
 0002:00000040       __imp_FindFirstFileExW     0000000140017040     kernel32:KERNEL32.dll
 0002:00000048       __imp_FindClose            0000000140017048     kernel32:KERNEL32.dll
 0002:00000050       __imp_GetCommandLineW      0000000140017050     kernel32:KERNEL32.dll
 0002:00000058       __imp_GetCommandLineA      0000000140017058     kernel32:KERNEL32.dll
 0002:00000060       __imp_InitializeSListHead  0000000140017060     kernel32:KERNEL32.dll
 0002:00000068       __imp_GetCurrentProcessId  0000000140017068     kernel32:KERNEL32.dll
 0002:00000070       __imp_RtlUnwindEx          0000000140017070     kernel32:KERNEL32.dll
 0002:00000078       __imp_HeapReAlloc          0000000140017078     kernel32:KERNEL32.dll
 0002:00000080       __imp_HeapSize             0000000140017080     kernel32:KERNEL32.dll
 0002:00000088       __imp_RaiseException       0000000140017088     kernel32:KERNEL32.dll
 0002:00000090       __imp_WriteConsoleW        0000000140017090     kernel32:KERNEL32.dll
 0002:00000098       __imp_CreateFileW          0000000140017098     kernel32:KERNEL32.dll
 0002:000000a0       __imp_GetModuleFileNameW   00000001400170a0     kernel32:KERNEL32.dll
 0002:000000a8       __imp_CloseHandle          00000001400170a8     kernel32:KERNEL32.dll
 0002:000000b0       __imp_GetModuleHandleExW   00000001400170b0     kernel32:KERNEL32.dll
 0002:000000b8       __imp_GetModuleHandleW     00000001400170b8     kernel32:KERNEL32.dll
 0002:000000c0       __imp_ExitProcess          00000001400170c0     kernel32:KERNEL32.dll
 0002:000000c8       __imp_EnterCriticalSection 00000001400170c8     kernel32:KERNEL32.dll
 0002:000000d0       __imp_LeaveCriticalSection 00000001400170d0     kernel32:KERNEL32.dll
 0002:000000d8       __imp_DeleteCriticalSection 00000001400170d8     kernel32:KERNEL32.dll
 0002:000000e0       __imp_RtlCaptureContext    00000001400170e0     kernel32:KERNEL32.dll
 0002:000000e8       __imp_RtlLookupFunctionEntry 00000001400170e8     kernel32:KERNEL32.dll
 0002:000000f0       __imp_RtlVirtualUnwind     00000001400170f0     kernel32:KERNEL32.dll
 0002:000000f8       __imp_IsDebuggerPresent    00000001400170f8     kernel32:KERNEL32.dll
 0002:00000100       __imp_UnhandledExceptionFilter 0000000140017100     kernel32:KERNEL32.dll
 0002:00000108       __imp_SetUnhandledExceptionFilter 0000000140017108     kernel32:KERNEL32.dll
 0002:00000110       __imp_GetCurrentProcess    0000000140017110     kernel32:KERNEL32.dll
 0002:00000118       __imp_TerminateProcess     0000000140017118     kernel32:KERNEL32.dll
 0002:00000120       __imp_IsProcessorFeaturePresent 0000000140017120     kernel32:KERNEL32.dll
 0002:00000128       __imp_HeapAlloc            0000000140017128     kernel32:KERNEL32.dll
 0002:00000130       __imp_GetLastError         0000000140017130     kernel32:KERNEL32.dll
 0002:00000138       __imp_HeapFree             0000000140017138     kernel32:KERNEL32.dll
 0002:00000140       __imp_InitializeCriticalSectionAndSpinCount 0000000140017140     kernel32:KERNEL32.dll
 0002:00000148       __imp_TlsAlloc             0000000140017148     kernel32:KERNEL32.dll
 0002:00000150       __imp_TlsGetValue          0000000140017150     kernel32:KERNEL32.dll
 0002:00000158       __imp_TlsSetValue          0000000140017158     kernel32:KERNEL32.dll
 0002:00000160       __imp_TlsFree              0000000140017160     kernel32:KERNEL32.dll
 0002:00000168       __imp_GetSystemTimeAsFileTime 0000000140017168     kernel32:KERNEL32.dll
 0002:00000170       __imp_FreeLibrary          0000000140017170     kernel32:KERNEL32.dll
 0002:00000178       __imp_GetProcAddress       0000000140017178     kernel32:KERNEL32.dll
 0002:00000180       __imp_LoadLibraryExW       0000000140017180     kernel32:KERNEL32.dll
 0002:00000188       __imp_CompareStringW       0000000140017188     kernel32:KERNEL32.dll
 0002:00000190       __imp_LCMapStringW         0000000140017190     kernel32:KERNEL32.dll
 0002:00000198       __imp_GetStdHandle         0000000140017198     kernel32:KERNEL32.dll
 0002:000001a0       __imp_GetFileType          00000001400171a0     kernel32:KERNEL32.dll
 0002:000001a8       __imp_GetStartupInfoW      00000001400171a8     kernel32:KERNEL32.dll
 0002:000001b0       __imp_SetLastError         00000001400171b0     kernel32:KERNEL32.dll
 0002:000001b8       __imp_GetCurrentThreadId   00000001400171b8     kernel32:KERNEL32.dll
 0002:000001c0       __imp_GetProcessHeap       00000001400171c0     kernel32:KERNEL32.dll
 0002:000001c8       __imp_FlushFileBuffers     00000001400171c8     kernel32:KERNEL32.dll
 0002:000001d0       __imp_WriteFile            00000001400171d0     kernel32:KERNEL32.dll
 0002:000001d8       __imp_GetConsoleOutputCP   00000001400171d8     kernel32:KERNEL32.dll
 0002:000001e0       __imp_GetConsoleMode       00000001400171e0     kernel32:KERNEL32.dll
 0002:000001e8       __imp_SetStdHandle         00000001400171e8     kernel32:KERNEL32.dll
 0002:000001f0       __imp_MultiByteToWideChar  00000001400171f0     kernel32:KERNEL32.dll
 0002:000001f8       __imp_GetCPInfo            00000001400171f8     kernel32:KERNEL32.dll
 0002:00000200       __imp_WideCharToMultiByte  0000000140017200     kernel32:KERNEL32.dll
 0002:00000208       __imp_IsValidCodePage      0000000140017208     kernel32:KERNEL32.dll
 0002:00000210       __imp_GetACP               0000000140017210     kernel32:KERNEL32.dll
 0002:00000218       __imp_GetOEMCP             0000000140017218     kernel32:KERNEL32.dll
 0002:00000220       __imp_GetFileSizeEx        0000000140017220     kernel32:KERNEL32.dll
 0002:00000228       __imp_SetFilePointerEx     0000000140017228     kernel32:KERNEL32.dll
 0002:00000230       __imp_GetStringTypeW       0000000140017230     kernel32:KERNEL32.dll
 0002:00000238       \177KERNEL32_NULL_THUNK_DATA 0000000140017238     kernel32:KERNEL32.dll
 0002:00000240       __imp_SendInput            0000000140017240     user32:USER32.dll
 0002:00000248       \177USER32_NULL_THUNK_DATA 0000000140017248     user32:USER32.dll
 0002:00000250       __imp_WSAStartup           0000000140017250     ws2_32:WS2_32.dll
 0002:00000258       __imp_gethostname          0000000140017258     ws2_32:WS2_32.dll
 0002:00000260       __imp_socket               0000000140017260     ws2_32:WS2_32.dll
 0002:00000268       __imp_shutdown             0000000140017268     ws2_32:WS2_32.dll
 0002:00000270       __imp_setsockopt           0000000140017270     ws2_32:WS2_32.dll
 0002:00000278       __imp_sendto               0000000140017278     ws2_32:WS2_32.dll
 0002:00000280       __imp_WSAGetLastError      0000000140017280     ws2_32:WS2_32.dll
 0002:00000288       __imp_recv                 0000000140017288     ws2_32:WS2_32.dll
 0002:00000290       __imp_listen               0000000140017290     ws2_32:WS2_32.dll
 0002:00000298       __imp_htons                0000000140017298     ws2_32:WS2_32.dll
 0002:000002a0       __imp_closesocket          00000001400172a0     ws2_32:WS2_32.dll
 0002:000002a8       __imp_bind                 00000001400172a8     ws2_32:WS2_32.dll
 0002:000002b0       __imp_accept               00000001400172b0     ws2_32:WS2_32.dll
 0002:000002b8       __imp_WSACleanup           00000001400172b8     ws2_32:WS2_32.dll
 0002:000002c0       __imp_WSAIoctl             00000001400172c0     ws2_32:WS2_32.dll
 0002:000002c8       __imp_getaddrinfo          00000001400172c8     ws2_32:WS2_32.dll
 0002:000002d0       __imp_freeaddrinfo         00000001400172d0     ws2_32:WS2_32.dll
 0002:000002d8       __imp_inet_ntop            00000001400172d8     ws2_32:WS2_32.dll
 0002:000002e0       __imp_inet_pton            00000001400172e0     ws2_32:WS2_32.dll
 0002:000002e8       __imp_send                 00000001400172e8     ws2_32:WS2_32.dll
 0002:000002f0       \177WS2_32_NULL_THUNK_DATA 00000001400172f0     ws2_32:WS2_32.dll
 0002:000002f8       __guard_check_icall_fptr   00000001400172f8     libvcruntime:jbcxrval.obj
 0002:00000300       __guard_xfg_check_icall_fptr 0000000140017300     libcmt:guard_support.obj
 0002:00000308       __guard_dispatch_icall_fptr 0000000140017308     libcmt:guard_support.obj
 0002:00000310       __guard_xfg_dispatch_icall_fptr 0000000140017310     libcmt:guard_support.obj
 0002:00000318       __guard_xfg_table_dispatch_icall_fptr 0000000140017318     libcmt:guard_support.obj
 0002:00000320       __castguard_check_failure_os_handled_fptr 0000000140017320     libcmt:guard_support.obj
 0002:00000328       __guard_memcpy_fptr        0000000140017328     libvcruntime:softmemtag.obj
 0002:00000330       __xc_a                     0000000140017330     libcmt:initializers.obj
 0002:00000340       __xc_z                     0000000140017340     libcmt:initializers.obj
 0002:00000348       __xi_a                     0000000140017348     libcmt:initializers.obj
 0002:00000360       __acrt_stdio_initializer   0000000140017360     libucrt:stdio_initializer.obj
 0002:00000368       __acrt_multibyte_initializer 0000000140017368     libucrt:multibyte_initializer.obj
 0002:00000370       __acrt_tran_fma3_initializer 0000000140017370     libucrt:fma3_initializer.obj
 0002:00000378       __acrt_fmode_initializer   0000000140017378     libucrt:fmode_initializer.obj
 0002:00000380       __xi_z                     0000000140017380     libcmt:initializers.obj
 0002:00000388       __xp_a                     0000000140017388     libcmt:initializers.obj
 0002:00000390       __acrt_locale_terminator   0000000140017390     libucrt:locale_initializer.obj
 0002:00000398       __dcrt_console_output_terminator 0000000140017398     libucrt:console_output_initializer.obj
 0002:000003a0       __acrt_stdio_terminator    00000001400173a0     libucrt:stdio_initializer.obj
 0002:000003a8       __xp_z                     00000001400173a8     libcmt:initializers.obj
 0002:000003b0       __xt_a                     00000001400173b0     libcmt:initializers.obj
 0002:000003b8       __xt_z                     00000001400173b8     libcmt:initializers.obj
 0002:000003c0       ??_C@_1BM@GLLFNEEF@?$AAS?$AAh?$AAe?$AAl?$AAl?$AA_?$AAT?$AAr?$AAa?$AAy?$AAW?$AAn?$AAd@ 00000001400173c0     main.obj
 0002:000003e0       ??_C@_1BO@DMHLAHN@?$AAD?$AAV?$AA2?$AAC?$AAo?$AAn?$AAt?$AAr?$AAo?$AAl?$AAH?$AAo?$AAs?$AAt@ 00000001400173e0     main.obj
 0002:00000400       ??_C@_1CG@CKCMFNGN@?$AAM?$AAs?$AAg?$AAr?$AAI?$AAM?$AAE?$AAW?$AAi?$AAn?$AAd?$AAo?$AAw?$AAC?$AAl@ 0000000140017400     main.obj
 0002:00000428       ??_C@_1BE@FNICLJNA@?$AAS?$AAy?$AAs?$AAS?$AAh?$AAa?$AAd?$AAo?$AAw@ 0000000140017428     main.obj
 0002:00000440       ??_C@_1O@MHJJMELH@?$AAB?$AAu?$AAt?$AAt?$AAo?$AAn@ 0000000140017440     main.obj
 0002:00000450       ??_C@_1DG@CLPCMIIJ@?$AAW?$AAi?$AAn?$AAd?$AAo?$AAw?$AAs?$AA?4?$AAU?$AAI?$AA?4?$AAC?$AAo?$AAr?$AAe@ 0000000140017450     main.obj
 0002:00000488       ??_C@_1CM@DLLFDPOF@?$AAF?$AAr?$AAa?$AAm?$AAe?$AA?5?$AAA?$AAl?$AAt?$AAe?$AAr?$AAn?$AAa?$AAt?$AAe@ 0000000140017488     main.obj
 0002:000004b8       ??_C@_1CM@DKABEPPH@?$AAM?$AAu?$AAl?$AAt?$AAi?$AAt?$AAa?$AAs?$AAk?$AAi?$AAn?$AAg?$AAV?$AAi?$AAe@ 00000001400174b8     main.obj
 0002:000004e8       ??_C@_0BO@MLJLHNOO@sendto?5failed?5with?5error?3?5?$CFd?6@ 00000001400174e8     main.obj
 0002:00000508       ??_C@_0BP@NEBLOEJI@socket?5failed?5with?5error?3?5?$CFld?6@ 0000000140017508     main.obj
 0002:00000528       ??_C@_0CD@NCLAOJNJ@setsockopt?5failed?5with?5error?3?5?$CF@ 0000000140017528     main.obj
 0002:00000550       ??_C@_0BO@PKAICFCG@ioctl?5failed?5with?5error?3?5?$CFld?6@ 0000000140017550     main.obj
 0002:00000570       ??_C@_0BG@GNGNFMNG@HELLOEDIWAND?$HMWindows?$HM@ 0000000140017570     main.obj
 0002:00000588       ??_C@_04HNNCGFIH@GYRO@     0000000140017588     main.obj
 0002:00000590       ??_C@_0BA@PIDBJNLP@?$CFf?5pps?5of?5GYRO?6@ 0000000140017590     main.obj
 0002:000005a0       ??_C@_0CC@BCKCCGII@WSAStartup?5failed?5with?5error?3?5?$CF@ 00000001400175a0     main.obj
 0002:000005c4       ??_C@_02DPKJAMEF@?$CFd@    00000001400175c4     main.obj
 0002:000005c8       ??_C@_0CD@PCLIBDOM@getaddrinfo?5failed?5with?5error?3?5@ 00000001400175c8     main.obj
 0002:000005f0       ??_C@_0BM@CHGDJINB@bind?5failed?5with?5error?3?5?$CFd?6@ 00000001400175f0     main.obj
 0002:00000610       ??_C@_0BO@GILDKHED@listen?5failed?5with?5error?3?5?$CFd?6@ 0000000140017610     main.obj
 0002:00000630       ??_C@_0BO@FNPDDJPB@accept?5failed?5with?5error?3?5?$CFd?6@ 0000000140017630     main.obj
 0002:00000650       ??_C@_0M@DANEFFCK@BOTAQUETEM?6@ 0000000140017650     main.obj
 0002:00000660       ??_C@_0BM@JOEKAJND@send?5failed?5with?5error?3?5?$CFd?6@ 0000000140017660     main.obj
 0002:00000680       ??_C@_0BA@GPNCEAEE@Bytes?5sent?3?5?$CFd?6@ 0000000140017680     main.obj
 0002:00000690       ??_C@_0BH@LEFOJBEK@Connection?5closing?4?4?4?6@ 0000000140017690     main.obj
 0002:000006a8       ??_C@_0BM@MPCOOIAI@recv?5failed?5with?5error?3?5?$CFd?6@ 00000001400176a8     main.obj
 0002:000006c8       ??_C@_0CA@HCCMPOIB@shutdown?5failed?5with?5error?3?5?$CFd?6@ 00000001400176c8     main.obj
 0002:000006e8       __real@3f800000            00000001400176e8     main.obj
 0002:000006ec       __real@447a0000            00000001400176ec     main.obj
 0002:000006f0       ?standard_lookup_table_spectre@__crt_stdio_output@@3V?$spectre_mitigated_lookup_table@Ustate_transition_pair@__crt_stdio_output@@$0IA@@1@B 00000001400176f0     libucrt:output.obj
 0002:00000af0       ??_C@_1O@CEDCILHN@?$AA?$CI?$AAn?$AAu?$AAl?$AAl?$AA?$CJ@ 0000000140017af0     libucrt:output.obj
 0002:00000b00       ??_C@_06OJHGLDPL@?$CInull?$CJ@ 0000000140017b00     libucrt:output.obj
 0002:00000b10       ?large_power_data@?1??multiply_by_power_of_ten@__crt_strtox@@YA_NAEAUbig_integer@2@I@Z@4QBIB 0000000140017b10     libucrt:atof.obj
 0002:00001420       ?large_power_indices@?1??multiply_by_power_of_ten@__crt_strtox@@YA_NAEAUbig_integer@2@I@Z@4QBUunpack_index@?1??12@YA_N0I@Z@B 0000000140018420     libucrt:atof.obj
 0002:000014b8       ?small_powers_of_ten@?1??multiply_by_power_of_ten@__crt_strtox@@YA_NAEAUbig_integer@2@I@Z@4QBIB 00000001400184b8     libucrt:atof.obj
 0002:000014e0       ??_C@_1GE@DPGDJKLM@?$AAm?$AAi?$AAn?$AAk?$AAe?$AAr?$AAn?$AAe?$AAl?$AA?2?$AAc?$AAr?$AAt?$AAs?$AA?2@ 00000001400184e0     libucrt:atof.obj
 0002:00001550       ??_C@_1FM@FELNCOBF@?$AA_?$AA_?$AAc?$AAr?$AAt?$AA_?$AAs?$AAt?$AAr?$AAt?$AAo?$AAx?$AA?3?$AA?3?$AAf@ 0000000140018550     libucrt:atof.obj
 0002:000015b0       ??_C@_1BG@GEMHBGAF@?$AA_?$AAi?$AAs?$AA_?$AAd?$AAo?$AAu?$AAb?$AAl?$AAe@ 00000001400185b0     libucrt:atof.obj
 0002:000015d0       ??_C@_1FK@JOJELFFO@?$AA_?$AA_?$AAc?$AAr?$AAt?$AA_?$AAs?$AAt?$AAr?$AAt?$AAo?$AAx?$AA?3?$AA?3?$AAf@ 00000001400185d0     libucrt:atof.obj
 0002:00001630       ??_C@_1BI@BANMPGJI@?$AA?$CB?$AA_?$AAi?$AAs?$AA_?$AAd?$AAo?$AAu?$AAb?$AAl?$AAe@ 0000000140018630     libucrt:atof.obj
 0002:00001648       ?inf_uppercase@?1???$parse_floating_point_possible_infinity@DV?$c_string_character_source@D@__crt_strtox@@PEBD@__crt_strtox@@YA?AW4floating_point_parse_result@1@AEADAEAV?$c_string_character_source@D@1@PEBD@Z@4QBDB 0000000140018648     libucrt:atof.obj
 0002:0000164c       ?inf_lowercase@?1???$parse_floating_point_possible_infinity@DV?$c_string_character_source@D@__crt_strtox@@PEBD@__crt_strtox@@YA?AW4floating_point_parse_result@1@AEADAEAV?$c_string_character_source@D@1@PEBD@Z@4QBDB 000000014001864c     libucrt:atof.obj
 0002:00001650       ?inity_uppercase@?1???$parse_floating_point_possible_infinity@DV?$c_string_character_source@D@__crt_strtox@@PEBD@__crt_strtox@@YA?AW4floating_point_parse_result@1@AEADAEAV?$c_string_character_source@D@1@PEBD@Z@4QBDB 0000000140018650     libucrt:atof.obj
 0002:00001658       ?inity_lowercase@?1???$parse_floating_point_possible_infinity@DV?$c_string_character_source@D@__crt_strtox@@PEBD@__crt_strtox@@YA?AW4floating_point_parse_result@1@AEADAEAV?$c_string_character_source@D@1@PEBD@Z@4QBDB 0000000140018658     libucrt:atof.obj
 0002:00001660       ?uppercase@?1???$parse_floating_point_possible_nan@DV?$c_string_character_source@D@__crt_strtox@@PEBD@__crt_strtox@@YA?AW4floating_point_parse_result@1@AEADAEAV?$c_string_character_source@D@1@PEBD@Z@4QBDB 0000000140018660     libucrt:atof.obj
 0002:00001664       ?lowercase@?1???$parse_floating_point_possible_nan@DV?$c_string_character_source@D@__crt_strtox@@PEBD@__crt_strtox@@YA?AW4floating_point_parse_result@1@AEADAEAV?$c_string_character_source@D@1@PEBD@Z@4QBDB 0000000140018664     libucrt:atof.obj
 0002:00001668       ?uppercase@?1???$parse_floating_point_possible_nan_is_snan@DV?$c_string_character_source@D@__crt_strtox@@@__crt_strtox@@YA_NAEADAEAV?$c_string_character_source@D@1@@Z@4QBDB 0000000140018668     libucrt:atof.obj
 0002:00001670       ?lowercase@?1???$parse_floating_point_possible_nan_is_snan@DV?$c_string_character_source@D@__crt_strtox@@@__crt_strtox@@YA_NAEADAEAV?$c_string_character_source@D@1@@Z@4QBDB 0000000140018670     libucrt:atof.obj
 0002:00001678       ?uppercase@?1???$parse_floating_point_possible_nan_is_ind@DV?$c_string_character_source@D@__crt_strtox@@@__crt_strtox@@YA_NAEADAEAV?$c_string_character_source@D@1@@Z@4QBDB 0000000140018678     libucrt:atof.obj
 0002:0000167c       ?lowercase@?1???$parse_floating_point_possible_nan_is_ind@DV?$c_string_character_source@D@__crt_strtox@@@__crt_strtox@@YA_NAEADAEAV?$c_string_character_source@D@1@@Z@4QBDB 000000014001867c     libucrt:atof.obj
 0002:00001890       ??_C@_1EA@JGEFHKEI@?$AAa?$AAp?$AAi?$AA?9?$AAm?$AAs?$AA?9?$AAw?$AAi?$AAn?$AA?9?$AAc?$AAo?$AAr?$AAe@ 0000000140018890     libucrt:winapi_thunks.obj
 0002:000018d0       ??_C@_1DM@KHCHBNEB@?$AAa?$AAp?$AAi?$AA?9?$AAm?$AAs?$AA?9?$AAw?$AAi?$AAn?$AA?9?$AAc?$AAo?$AAr?$AAe@ 00000001400188d0     libucrt:winapi_thunks.obj
 0002:00001910       ??_C@_1DI@IJCEHOCB@?$AAa?$AAp?$AAi?$AA?9?$AAm?$AAs?$AA?9?$AAw?$AAi?$AAn?$AA?9?$AAc?$AAo?$AAr?$AAe@ 0000000140018910     libucrt:winapi_thunks.obj
 0002:00001950       ??_C@_1EI@MPIAOHOC@?$AAa?$AAp?$AAi?$AA?9?$AAm?$AAs?$AA?9?$AAw?$AAi?$AAn?$AA?9?$AAc?$AAo?$AAr?$AAe@ 0000000140018950     libucrt:winapi_thunks.obj
 0002:000019a0       ??_C@_1FK@FPHCKFIE@?$AAa?$AAp?$AAi?$AA?9?$AAm?$AAs?$AA?9?$AAw?$AAi?$AAn?$AA?9?$AAc?$AAo?$AAr?$AAe@ 00000001400189a0     libucrt:winapi_thunks.obj
 0002:00001a00       ??_C@_1EM@DILCGIIO@?$AAa?$AAp?$AAi?$AA?9?$AAm?$AAs?$AA?9?$AAw?$AAi?$AAn?$AA?9?$AAc?$AAo?$AAr?$AAe@ 0000000140018a00     libucrt:winapi_thunks.obj
 0002:00001a50       ??_C@_1DM@LNCGDDPN@?$AAa?$AAp?$AAi?$AA?9?$AAm?$AAs?$AA?9?$AAw?$AAi?$AAn?$AA?9?$AAc?$AAo?$AAr?$AAe@ 0000000140018a50     libucrt:winapi_thunks.obj
 0002:00001a90       ??_C@_1DK@LPPGFMPP@?$AAa?$AAp?$AAi?$AA?9?$AAm?$AAs?$AA?9?$AAw?$AAi?$AAn?$AA?9?$AAc?$AAo?$AAr?$AAe@ 0000000140018a90     libucrt:winapi_thunks.obj
 0002:00001ad0       ??_C@_1DO@FPAPJEMD@?$AAa?$AAp?$AAi?$AA?9?$AAm?$AAs?$AA?9?$AAw?$AAi?$AAn?$AA?9?$AAc?$AAo?$AAr?$AAe@ 0000000140018ad0     libucrt:winapi_thunks.obj
 0002:00001b10       ??_C@_1DK@NDHNAHIO@?$AAa?$AAp?$AAi?$AA?9?$AAm?$AAs?$AA?9?$AAw?$AAi?$AAn?$AA?9?$AAc?$AAo?$AAr?$AAe@ 0000000140018b10     libucrt:winapi_thunks.obj
 0002:00001b50       ??_C@_1DM@KGHDGBCM@?$AAa?$AAp?$AAi?$AA?9?$AAm?$AAs?$AA?9?$AAw?$AAi?$AAn?$AA?9?$AAc?$AAo?$AAr?$AAe@ 0000000140018b50     libucrt:winapi_thunks.obj
 0002:00001b90       ??_C@_1EO@IJIOEFOH@?$AAa?$AAp?$AAi?$AA?9?$AAm?$AAs?$AA?9?$AAw?$AAi?$AAn?$AA?9?$AAr?$AAt?$AAc?$AAo@ 0000000140018b90     libucrt:winapi_thunks.obj
 0002:00001be0       ??_C@_1FG@HHGEKANL@?$AAa?$AAp?$AAi?$AA?9?$AAm?$AAs?$AA?9?$AAw?$AAi?$AAn?$AA?9?$AAs?$AAe?$AAc?$AAu@ 0000000140018be0     libucrt:winapi_thunks.obj
 0002:00001c40       ??_C@_1EG@DBIOJECG@?$AAe?$AAx?$AAt?$AA?9?$AAm?$AAs?$AA?9?$AAw?$AAi?$AAn?$AA?9?$AAn?$AAt?$AAu?$AAs@ 0000000140018c40     libucrt:winapi_thunks.obj
 0002:00001c90       ??_C@_1EO@FIHMJCLF@?$AAe?$AAx?$AAt?$AA?9?$AAm?$AAs?$AA?9?$AAw?$AAi?$AAn?$AA?9?$AAn?$AAt?$AAu?$AAs@ 0000000140018c90     libucrt:winapi_thunks.obj
 0002:00001ce0       ??_C@_1BC@DNHGCMLG@?$AAa?$AAd?$AAv?$AAa?$AAp?$AAi?$AA3?$AA2@ 0000000140018ce0     libucrt:winapi_thunks.obj
 0002:00001cf8       ??_C@_1BC@GDMECMAK@?$AAk?$AAe?$AAr?$AAn?$AAe?$AAl?$AA3?$AA2@ 0000000140018cf8     libucrt:winapi_thunks.obj
 0002:00001d10       ??_C@_1M@OAIMIKLP@?$AAn?$AAt?$AAd?$AAl?$AAl@ 0000000140018d10     libucrt:winapi_thunks.obj
 0002:00001d20       ??_C@_1EG@DPGNFKGC@?$AAa?$AAp?$AAi?$AA?9?$AAm?$AAs?$AA?9?$AAw?$AAi?$AAn?$AA?9?$AAa?$AAp?$AAp?$AAm@ 0000000140018d20     libucrt:winapi_thunks.obj
 0002:00001d68       ??_C@_1O@BCCLBEOE@?$AAu?$AAs?$AAe?$AAr?$AA3?$AA2@ 0000000140018d68     libucrt:winapi_thunks.obj
 0002:00001d78       ??_C@_1BA@PFFKHIOG@?$AAa?$AAp?$AAi?$AA?9?$AAm?$AAs?$AA?9@ 0000000140018d78     libucrt:winapi_thunks.obj
 0002:00001d88       ??_C@_1BA@IAIFMGEF@?$AAe?$AAx?$AAt?$AA?9?$AAm?$AAs?$AA?9@ 0000000140018d88     libucrt:winapi_thunks.obj
 0002:00001da0       ??_C@_0BA@FHFNEAED@AreFileApisANSI@ 0000000140018da0     libucrt:winapi_thunks.obj
 0002:00001db8       ??_C@_0BA@IHGNDAEB@CompareStringEx@ 0000000140018db8     libucrt:winapi_thunks.obj
 0002:00001dd0       ??_C@_08KNHFBNJ@FlsAlloc@  0000000140018dd0     libucrt:winapi_thunks.obj
 0002:00001de8       ??_C@_07PEJMOBNF@FlsFree@  0000000140018de8     libucrt:winapi_thunks.obj
 0002:00001df8       ??_C@_0M@GDNOONDI@FlsGetValue@ 0000000140018df8     libucrt:winapi_thunks.obj
 0002:00001e10       ??_C@_0M@JCPCPOEF@FlsSetValue@ 0000000140018e10     libucrt:winapi_thunks.obj
 0002:00001e28       ??_C@_0BM@HCFOFFN@InitializeCriticalSectionEx@ 0000000140018e28     libucrt:winapi_thunks.obj
 0002:00001e50       ??_C@_0O@KKBNKAPF@LCMapStringEx@ 0000000140018e50     libucrt:winapi_thunks.obj
 0002:00001e68       ??_C@_0BB@HBDEELFH@LocaleNameToLCID@ 0000000140018e68     libucrt:winapi_thunks.obj
 0002:00001e80       ??_C@_0CF@OJOFEIGO@AppPolicyGetProcessTerminationM@ 0000000140018e80     libucrt:winapi_thunks.obj
 0002:00001f30       ??_C@_03OEIAHPBN@INF@      0000000140018f30     libucrt:cvt.obj
 0002:00001f34       ??_C@_03OJHLLCGB@inf@      0000000140018f34     libucrt:cvt.obj
 0002:00001f38       ??_C@_03LKNCIKJB@NAN@      0000000140018f38     libucrt:cvt.obj
 0002:00001f3c       ??_C@_03LHCJEHON@nan@      0000000140018f3c     libucrt:cvt.obj
 0002:00001f40       ??_C@_09OFJJIMPC@NAN?$CISNAN?$CJ@ 0000000140018f40     libucrt:cvt.obj
 0002:00001f50       ??_C@_09IPFBKMDL@nan?$CIsnan?$CJ@ 0000000140018f50     libucrt:cvt.obj
 0002:00001f60       ??_C@_08IKHNHAJ@NAN?$CIIND?$CJ@ 0000000140018f60     libucrt:cvt.obj
 0002:00001f70       ??_C@_08OFCDMILK@nan?$CIind?$CJ@ 0000000140018f70     libucrt:cvt.obj
 0002:00001f7c       ??_C@_05KLBDPFGC@e?$CL000@ 0000000140018f7c     libucrt:cvt.obj
 0002:00001f90       __lc_time_c                0000000140018f90     libucrt:nlsdata.obj
 0002:00002250       ??_C@_03KOEHGMDN@Sun@      0000000140019250     libucrt:nlsdata.obj
 0002:00002254       ??_C@_03PDAGKDH@Mon@       0000000140019254     libucrt:nlsdata.obj
 0002:00002258       ??_C@_03NAGEINEP@Tue@      0000000140019258     libucrt:nlsdata.obj
 0002:0000225c       ??_C@_03MHOMLAJA@Wed@      000000014001925c     libucrt:nlsdata.obj
 0002:00002260       ??_C@_03IOFIKPDN@Thu@      0000000140019260     libucrt:nlsdata.obj
 0002:00002264       ??_C@_03IDIOELNC@Fri@      0000000140019264     libucrt:nlsdata.obj
 0002:00002268       ??_C@_03FEFJNEK@Sat@       0000000140019268     libucrt:nlsdata.obj
 0002:0000226c       ??_C@_06OOPIFAJ@Sunday@    000000014001926c     libucrt:nlsdata.obj
 0002:00002274       ??_C@_06JLEDEDGH@Monday@   0000000140019274     libucrt:nlsdata.obj
 0002:00002280       ??_C@_07BAAGCFCM@Tuesday@  0000000140019280     libucrt:nlsdata.obj
 0002:00002288       ??_C@_09DLIGFAKA@Wednesday@ 0000000140019288     libucrt:nlsdata.obj
 0002:00002298       ??_C@_08HACCIKIA@Thursday@ 0000000140019298     libucrt:nlsdata.obj
 0002:000022a4       ??_C@_06JECMNKMI@Friday@   00000001400192a4     libucrt:nlsdata.obj
 0002:000022b0       ??_C@_08INBOOONO@Saturday@ 00000001400192b0     libucrt:nlsdata.obj
 0002:000022bc       ??_C@_03JIHJHPIE@Jan@      00000001400192bc     libucrt:nlsdata.obj
 0002:000022c0       ??_C@_03HJBDCHOM@Feb@      00000001400192c0     libucrt:nlsdata.obj
 0002:000022c4       ??_C@_03ODNJBKGA@Mar@      00000001400192c4     libucrt:nlsdata.obj
 0002:000022c8       ??_C@_03LEOLGMJP@Apr@      00000001400192c8     libucrt:nlsdata.obj
 0002:000022cc       ??_C@_03CNMDKL@May@        00000001400192cc     libucrt:nlsdata.obj
 0002:000022d0       ??_C@_03IDFGHECI@Jun@      00000001400192d0     libucrt:nlsdata.obj
 0002:000022d4       ??_C@_03LBGABGKK@Jul@      00000001400192d4     libucrt:nlsdata.obj
 0002:000022d8       ??_C@_03IFJFEIGA@Aug@      00000001400192d8     libucrt:nlsdata.obj
 0002:000022dc       ??_C@_03GGCAPAJC@Sep@      00000001400192dc     libucrt:nlsdata.obj
 0002:000022e0       ??_C@_03BMAOKBAD@Oct@      00000001400192e0     libucrt:nlsdata.obj
 0002:000022e4       ??_C@_03JPJOFNIA@Nov@      00000001400192e4     libucrt:nlsdata.obj
 0002:000022e8       ??_C@_03MKABNOCG@Dec@      00000001400192e8     libucrt:nlsdata.obj
 0002:000022f0       ??_C@_07CGJPFGJA@January@  00000001400192f0     libucrt:nlsdata.obj
 0002:000022f8       ??_C@_08GNJGEPFN@February@ 00000001400192f8     libucrt:nlsdata.obj
 0002:00002304       ??_C@_05HPCKOFNC@March@    0000000140019304     libucrt:nlsdata.obj
 0002:0000230c       ??_C@_05DMJDNLEJ@April@    000000014001930c     libucrt:nlsdata.obj
 0002:00002314       ??_C@_04CNLMGBGM@June@     0000000140019314     libucrt:nlsdata.obj
 0002:0000231c       ??_C@_04MIEPOIFP@July@     000000014001931c     libucrt:nlsdata.obj
 0002:00002324       ??_C@_06LBBHFDDG@August@   0000000140019324     libucrt:nlsdata.obj
 0002:00002330       ??_C@_09BHHEALKD@September@ 0000000140019330     libucrt:nlsdata.obj
 0002:00002340       ??_C@_07JJNFCEND@October@  0000000140019340     libucrt:nlsdata.obj
 0002:00002348       ??_C@_08HCHEGEOA@November@ 0000000140019348     libucrt:nlsdata.obj
 0002:00002358       ??_C@_08EDHMEBNP@December@ 0000000140019358     libucrt:nlsdata.obj
 0002:00002364       ??_C@_02DEDBPAFC@AM@       0000000140019364     libucrt:nlsdata.obj
 0002:00002368       ??_C@_02CJNFDJBF@PM@       0000000140019368     libucrt:nlsdata.obj
 0002:00002370       ??_C@_08BPBNCDIB@MM?1dd?1yy@ 0000000140019370     libucrt:nlsdata.obj
 0002:00002380       ??_C@_0BE@CKGJFCPC@dddd?0?5MMMM?5dd?0?5yyyy@ 0000000140019380     libucrt:nlsdata.obj
 0002:00002398       ??_C@_08JCCMCCIL@HH?3mm?3ss@ 0000000140019398     libucrt:nlsdata.obj
 0002:000023a8       ??_C@_17MBGCMIPB@?$AAS?$AAu?$AAn@ 00000001400193a8     libucrt:nlsdata.obj
 0002:000023b0       ??_C@_17KBOMKBF@?$AAM?$AAo?$AAn@ 00000001400193b0     libucrt:nlsdata.obj
 0002:000023b8       ??_C@_17BMKGEGOJ@?$AAT?$AAu?$AAe@ 00000001400193b8     libucrt:nlsdata.obj
 0002:000023c0       ??_C@_17CJEDCEPE@?$AAW?$AAe?$AAd@ 00000001400193c0     libucrt:nlsdata.obj
 0002:000023c8       ??_C@_17PDPHAADD@?$AAT?$AAh?$AAu@ 00000001400193c8     libucrt:nlsdata.obj
 0002:000023d0       ??_C@_17HFOLPPLP@?$AAF?$AAr?$AAi@ 00000001400193d0     libucrt:nlsdata.obj
 0002:000023d8       ??_C@_17GGIBDPIH@?$AAS?$AAa?$AAt@ 00000001400193d8     libucrt:nlsdata.obj
 0002:000023e0       ??_C@_1O@IHNHDHPB@?$AAS?$AAu?$AAn?$AAd?$AAa?$AAy@ 00000001400193e0     libucrt:nlsdata.obj
 0002:000023f0       ??_C@_1O@MMNBFLIA@?$AAM?$AAo?$AAn?$AAd?$AAa?$AAy@ 00000001400193f0     libucrt:nlsdata.obj
 0002:00002400       ??_C@_1BA@ENFBFFEK@?$AAT?$AAu?$AAe?$AAs?$AAd?$AAa?$AAy@ 0000000140019400     libucrt:nlsdata.obj
 0002:00002410       ??_C@_1BE@EBOGMDOH@?$AAW?$AAe?$AAd?$AAn?$AAe?$AAs?$AAd?$AAa?$AAy@ 0000000140019410     libucrt:nlsdata.obj
 0002:00002428       ??_C@_1BC@HHMNLIHE@?$AAT?$AAh?$AAu?$AAr?$AAs?$AAd?$AAa?$AAy@ 0000000140019428     libucrt:nlsdata.obj
 0002:00002440       ??_C@_1O@PDICJHAG@?$AAF?$AAr?$AAi?$AAd?$AAa?$AAy@ 0000000140019440     libucrt:nlsdata.obj
 0002:00002450       ??_C@_1BC@ENMNNPAJ@?$AAS?$AAa?$AAt?$AAu?$AAr?$AAd?$AAa?$AAy@ 0000000140019450     libucrt:nlsdata.obj
 0002:00002468       ??_C@_17DKNBKCHM@?$AAJ?$AAa?$AAn@ 0000000140019468     libucrt:nlsdata.obj
 0002:00002470       ??_C@_17LMDJEKJN@?$AAF?$AAe?$AAb@ 0000000140019470     libucrt:nlsdata.obj
 0002:00002478       ??_C@_17CKNLEDEC@?$AAM?$AAa?$AAr@ 0000000140019478     libucrt:nlsdata.obj
 0002:00002480       ??_C@_17LFPOIHDD@?$AAA?$AAp?$AAr@ 0000000140019480     libucrt:nlsdata.obj
 0002:00002488       ??_C@_17PNNKMEED@?$AAM?$AAa?$AAy@ 0000000140019488     libucrt:nlsdata.obj
 0002:00002490       ??_C@_17KCJGOCPB@?$AAJ?$AAu?$AAn@ 0000000140019490     libucrt:nlsdata.obj
 0002:00002498       ??_C@_17IJPCKHK@?$AAJ?$AAu?$AAl@ 0000000140019498     libucrt:nlsdata.obj
 0002:000024a0       ??_C@_17ICPELBCN@?$AAA?$AAu?$AAg@ 00000001400194a0     libucrt:nlsdata.obj
 0002:000024a8       ??_C@_17HCHCOKMG@?$AAS?$AAe?$AAp@ 00000001400194a8     libucrt:nlsdata.obj
 0002:000024b0       ??_C@_17FNLKOI@?$AAO?$AAc?$AAt@ 00000001400194b0     libucrt:nlsdata.obj
 0002:000024b8       ??_C@_17BBDMLCIG@?$AAN?$AAo?$AAv@ 00000001400194b8     libucrt:nlsdata.obj
 0002:000024c0       ??_C@_17EGKACKIF@?$AAD?$AAe?$AAc@ 00000001400194c0     libucrt:nlsdata.obj
 0002:000024c8       ??_C@_1BA@EFMEIEBA@?$AAJ?$AAa?$AAn?$AAu?$AAa?$AAr?$AAy@ 00000001400194c8     libucrt:nlsdata.obj
 0002:000024d8       ??_C@_1BC@JGDDFFAM@?$AAF?$AAe?$AAb?$AAr?$AAu?$AAa?$AAr?$AAy@ 00000001400194d8     libucrt:nlsdata.obj
 0002:000024f0       ??_C@_1M@IKEENEDF@?$AAM?$AAa?$AAr?$AAc?$AAh@ 00000001400194f0     libucrt:nlsdata.obj
 0002:00002500       ??_C@_1M@GJNLMHFD@?$AAA?$AAp?$AAr?$AAi?$AAl@ 0000000140019500     libucrt:nlsdata.obj
 0002:00002510       ??_C@_19EPFLPGAP@?$AAJ?$AAu?$AAn?$AAe@ 0000000140019510     libucrt:nlsdata.obj
 0002:00002520       ??_C@_19BIFMLPCD@?$AAJ?$AAu?$AAl?$AAy@ 0000000140019520     libucrt:nlsdata.obj
 0002:00002530       ??_C@_1O@PAHLKOAC@?$AAA?$AAu?$AAg?$AAu?$AAs?$AAt@ 0000000140019530     libucrt:nlsdata.obj
 0002:00002540       ??_C@_1BE@DKAAMBJL@?$AAS?$AAe?$AAp?$AAt?$AAe?$AAm?$AAb?$AAe?$AAr@ 0000000140019540     libucrt:nlsdata.obj
 0002:00002558       ??_C@_1BA@EPANDLNG@?$AAO?$AAc?$AAt?$AAo?$AAb?$AAe?$AAr@ 0000000140019558     libucrt:nlsdata.obj
 0002:00002568       ??_C@_1BC@BGLIFPF@?$AAN?$AAo?$AAv?$AAe?$AAm?$AAb?$AAe?$AAr@ 0000000140019568     libucrt:nlsdata.obj
 0002:00002580       ??_C@_1BC@FEMKIFH@?$AAD?$AAe?$AAc?$AAe?$AAm?$AAb?$AAe?$AAr@ 0000000140019580     libucrt:nlsdata.obj
 0002:00002594       ??_C@_15ODEHAHHF@?$AAA?$AAM@ 0000000140019594     libucrt:nlsdata.obj
 0002:0000259c       ??_C@_15CLMNNGEL@?$AAP?$AAM@ 000000014001959c     libucrt:nlsdata.obj
 0002:000025a8       ??_C@_1BC@IEBCMHCM@?$AAM?$AAM?$AA?1?$AAd?$AAd?$AA?1?$AAy?$AAy@ 00000001400195a8     libucrt:nlsdata.obj
 0002:000025c0       ??_C@_1CI@KNAKOEBC@?$AAd?$AAd?$AAd?$AAd?$AA?0?$AA?5?$AAM?$AAM?$AAM?$AAM?$AA?5?$AAd?$AAd?$AA?0?$AA?5@ 00000001400195c0     libucrt:nlsdata.obj
 0002:000025e8       ??_C@_1BC@GDGBMEMK@?$AAH?$AAH?$AA?3?$AAm?$AAm?$AA?3?$AAs?$AAs@ 00000001400195e8     libucrt:nlsdata.obj
 0002:00002600       ??_C@_1M@BMHNFIME@?$AAe?$AAn?$AA?9?$AAU?$AAS@ 0000000140019600     libucrt:nlsdata.obj
 0002:00002610       __newctype                 0000000140019610     libucrt:ctype.obj
 0002:00002910       __newclmap                 0000000140019910     libucrt:ctype.obj
 0002:00002a90       __newcumap                 0000000140019a90     libucrt:ctype.obj
 0002:00003a50       ??_C@_15EMKDOKLE@?$AAa?$AAr@ 000000014001aa50     libucrt:lcidtoname_downlevel.obj
 0002:00003a58       ??_C@_15KNPADPLH@?$AAb?$AAg@ 000000014001aa58     libucrt:lcidtoname_downlevel.obj
[...]
 0002:00009640       $unwind$_isctype_l         0000000140020640     libucrt:isctype.obj
 0002:0000965c       $unwind$_query_new_handler 000000014002065c     libucrt:new_handler.obj
 0002:0000967c       $unwind$__acrt_fp_strflt_to_string 000000014002067c     libucrt:_fptostr.obj
 0002:0000967c       $unwind$__acrt_DownlevelLocaleNameToLCID 000000014002067c     libucrt:lcidtoname_downlevel.obj
 0002:0000967c       $unwind$??R<lambda_f03950bc5685219e0bcd2087efbe011e>@@QEBAHXZ 000000014002067c     libucrt:onexit.obj
 0002:00009694       $unwind$fclose             0000000140020694     libucrt:fclose.obj
 0002:000096b8       $unwind$_close             00000001400206b8     libucrt:close.obj
 0002:000096b8       $unwind$_commit            00000001400206b8     libucrt:commit.obj
 0002:000096c0       $unwind$??$?RV<lambda_a37b2b86f63e897a80ea819b0eb08c01>@@AEAV<lambda_38ce7e780aa69e748d6df282ebc68efe>@@V<lambda_99fb1378e971ab6e7edea83e3a7a83a2>@@@?$__crt_seh_guarded_call@H@@QEAAH$$QEAV<lambda_a37b2b86f63e897a80ea819b0eb08c01>@@AEAV<lambda_38ce7e780aa69e748d6df282ebc68efe>@@$$QEAV<lambda_99fb1378e971ab6e7edea83e3a7a83a2>@@@Z 00000001400206c0     libucrt:commit.obj
 0002:000096e4       $unwind$_write             00000001400206e4     libucrt:write.obj
 0002:00009714       $unwind$_write_nolock      0000000140020714     libucrt:write.obj
 0002:0000972c       $unwind$?write_double_translated_ansi_nolock@@YA?AUwrite_result@?A0x17268360@@HQEBDI@Z 000000014002072c     libucrt:write.obj
 0002:00009750       $unwind$?write_text_ansi_nolock@@YA?AUwrite_result@?A0x17268360@@HQEBDI@Z 0000000140020750     libucrt:write.obj
 0002:00009750       $unwind$?write_text_utf16le_nolock@@YA?AUwrite_result@?A0x17268360@@HQEBDI@Z 0000000140020750     libucrt:write.obj
 0002:00009770       $unwind$?write_text_utf8_nolock@@YA?AUwrite_result@?A0x17268360@@HQEBDI@Z 0000000140020770     libucrt:write.obj
 0002:00009794       $unwind$_free_osfhnd       0000000140020794     libucrt:osfinfo.obj
 0002:000097a8       $unwind$__acrt_lowio_destroy_handle_array 00000001400207a8     libucrt:osfinfo.obj
 0002:000097b8       $unwind$__acrt_lowio_ensure_fh_exists 00000001400207b8     libucrt:osfinfo.obj
 0002:000097e4       $unwind$__dcrt_lowio_ensure_console_output_initialized 00000001400207e4     libucrt:initcon.obj
 0002:000097e4       $unwind$_isleadbyte_l      00000001400207e4     libucrt:_wctype.obj
 0002:000097e4       $unwind$?getSystemCP@@YAHH@Z 00000001400207e4     libucrt:mbctype.obj
 0002:000097ec       $unwind$?__mbsrtowcs_utf8@__crt_mbstring@@YA_KPEA_WPEAPEBD_KPEAU_Mbstatet@@@Z 00000001400207ec     libucrt:mbrtowc.obj
 0002:00009804       $unwind$__acrt_WideCharToMultiByte 0000000140020804     libucrt:widechartomultibyte.obj
 0002:00009810       $unwind$__acrt_update_thread_locale_data 0000000140020810     libucrt:locale_refcounting.obj
 0002:00009834       $unwind$_setmbcp_nolock    0000000140020834     libucrt:mbctype.obj
 0002:00009854       $unwind$?update_thread_multibyte_data_internal@@YAPEAU__crt_multibyte_data@@QEAU__acrt_ptd@@QEAPEAU1@@Z 0000000140020854     libucrt:mbctype.obj
 0002:0000987c       $unwind$?setmbcp_internal@@YAHH_NQEAU__acrt_ptd@@QEAPEAU__crt_multibyte_data@@@Z 000000014002087c     libucrt:mbctype.obj
 0002:0000988c       $unwind$?setSBUpLow@@YAXPEAU__crt_multibyte_data@@@Z 000000014002088c     libucrt:mbctype.obj
 0002:000098a8       $unwind$??$?RV<lambda_efdfa57d1f175319df784efa44bb7b81>@@AEAV<lambda_5f0a4c1567f8adc6734073e5d1e1b35c>@@V<lambda_2e8a7d3640ea6ccb4c2413664c2db6fd>@@@?$__crt_seh_guarded_call@X@@QEAAX$$QEAV<lambda_efdfa57d1f175319df784efa44bb7b81>@@AEAV<lambda_5f0a4c1567f8adc6734073e5d1e1b35c>@@$$QEAV<lambda_2e8a7d3640ea6ccb4c2413664c2db6fd>@@@Z 00000001400208a8     libucrt:mbctype.obj
 0002:000098cc       $unwind$__acrt_fltout      00000001400208cc     libucrt:cfout.obj
 0002:000098ec       $unwind$??$write_buffer_nolock@D@@YA_NDV__crt_stdio_stream@@@Z 00000001400208ec     libucrt:_flsbuf.obj
 0002:000098fc       $unwind$__acrt_locale_free_monetary 00000001400208fc     libucrt:initmon.obj
 0002:00009904       $unwind$__acrt_locale_free_time 0000000140020904     libucrt:inittime.obj
 0002:00009914       $unwind$__acrt_GetStringTypeA 0000000140020914     libucrt:getstringtypea.obj
 0002:0000993c       $unwind$__acrt_fenv_set_control 000000014002093c     libucrt:_fenvutils.obj
 0002:0000994c       $unwind$?common_exit@@YAXHW4_crt_exit_cleanup_mode@@W4_crt_exit_return_mode@@@Z 000000014002094c     libucrt:exit.obj
 0002:00009958       $unwind$??R<lambda_6e4b09c48022b2350581041d5f6b0c4c>@@QEBA@XZ 0000000140020958     libucrt:exit.obj
 0002:00009978       $unwind$??$?RV<lambda_d80eeec6fff315bfe5c115232f3240e3>@@AEAV<lambda_6e4b09c48022b2350581041d5f6b0c4c>@@V<lambda_2358e3775559c9db80273638284d5e45>@@@?$__crt_seh_guarded_call@X@@QEAAX$$QEAV<lambda_d80eeec6fff315bfe5c115232f3240e3>@@AEAV<lambda_6e4b09c48022b2350581041d5f6b0c4c>@@$$QEAV<lambda_2358e3775559c9db80273638284d5e45>@@@Z 0000000140020978     libucrt:exit.obj
 0002:0000999c       $unwind$raise              000000014002099c     libucrt:signal.obj
 0002:000099d8       $unwind$??$?RV<lambda_450d765d439847d4c735a33c368b5fc0>@@AEAV<lambda_44731a7d0e6d81c3e6aa82d741081786>@@V<lambda_601a2a7da3b7a96e9554ac7215c4b07c>@@@?$__crt_seh_guarded_call@P6AXH@Z@@QEAAP6AXH@Z$$QEAV<lambda_450d765d439847d4c735a33c368b5fc0>@@AEAV<lambda_44731a7d0e6d81c3e6aa82d741081786>@@$$QEAV<lambda_601a2a7da3b7a96e9554ac7215c4b07c>@@@Z 00000001400209d8     libucrt:signal.obj
 0002:000099fc       $unwind$??$?RV<lambda_751a882b2c74d4b022dec766aa51a29a>@@AEAV<lambda_628dfdc04ba53c8bfc02c9951375f3f5>@@V<lambda_f6c7be5f7998530c34de24c7437d6b54>@@@?$__crt_seh_guarded_call@H@@QEAAH$$QEAV<lambda_751a882b2c74d4b022dec766aa51a29a>@@AEAV<lambda_628dfdc04ba53c8bfc02c9951375f3f5>@@$$QEAV<lambda_f6c7be5f7998530c34de24c7437d6b54>@@@Z 00000001400209fc     libucrt:close.obj
 0002:00009a20       $unwind$??$common_lseek@_J@@YA_JH_JH@Z 0000000140020a20     libucrt:lseek.obj
 0002:00009a50       $unwind$_putwch_nolock     0000000140020a50     libucrt:putwch.obj
 0002:00009a58       $unwind$?__mbrtoc32_utf8@__crt_mbstring@@YA_KPEA_UPEBD_KPEAU_Mbstatet@@@Z 0000000140020a58     libucrt:mbrtoc32.obj
 0002:00009a74       $unwind$__acrt_LCMapStringA 0000000140020a74     libucrt:lcmapstringa.obj
 0002:00009a84       $unwind$?__acrt_LCMapStringA_stat@@YAHPEAU__crt_locale_pointers@@PEB_WKPEBDHPEADHHH@Z 0000000140020a84     libucrt:lcmapstringa.obj
 0002:00009ab0       $xdatasym                  0000000140020ab0     libucrt:log10.obj
 0002:00009abc       $unwind$_register_onexit_function 0000000140020abc     libucrt:onexit.obj
 0002:00009ac4       $unwind$_execute_onexit_table 0000000140020ac4     libucrt:onexit.obj
 0002:00009acc       $unwind$??R<lambda_22ebabd17bc4fa466a2aca6d8deb888d>@@QEBAHXZ 0000000140020acc     libucrt:onexit.obj
 0002:00009ae4       $unwind$??$?RV<lambda_638799b9deba96c50f710eeac98168cd>@@AEAV<lambda_22ebabd17bc4fa466a2aca6d8deb888d>@@V<lambda_a6f7d7db0129f75315ebf26d50c089f1>@@@?$__crt_seh_guarded_call@H@@QEAAH$$QEAV<lambda_638799b9deba96c50f710eeac98168cd>@@AEAV<lambda_22ebabd17bc4fa466a2aca6d8deb888d>@@$$QEAV<lambda_a6f7d7db0129f75315ebf26d50c089f1>@@@Z 0000000140020ae4     libucrt:onexit.obj
 0002:00009b08       $unwind$??$?RV<lambda_7777bce6b2f8c936911f934f8298dc43>@@AEAV<lambda_f03950bc5685219e0bcd2087efbe011e>@@V<lambda_3883c3dff614d5e0c5f61bb1ac94921c>@@@?$__crt_seh_guarded_call@H@@QEAAH$$QEAV<lambda_7777bce6b2f8c936911f934f8298dc43>@@AEAV<lambda_f03950bc5685219e0bcd2087efbe011e>@@$$QEAV<lambda_3883c3dff614d5e0c5f61bb1ac94921c>@@@Z 0000000140020b08     libucrt:onexit.obj
 0002:00009b2c       $unwind$terminate          0000000140020b2c     libucrt:terminate.obj
 0002:00009b4c       $unwind$__dcrt_write_console 0000000140020b4c     libucrt:initcon.obj
 0002:00009b4c       $unwind$??$__acrt_wcs_to_mbs_cp@U__crt_win32_buffer_no_resizing@@@@YAHQEB_WAEAV?$__crt_win32_buffer@DU__crt_win32_buffer_no_resizing@@@@I@Z 0000000140020b4c     libucrt:getmodulefilenamea.obj
 0002:00009b60       $unwind$common_control87   0000000140020b60     libucrt:ieee.obj
 0002:00009b8c       $unwind$_call_matherr      0000000140020b8c     libucrt:libm_error.obj
 0002:00009b94       $unwind$_handle_error      0000000140020b94     libucrt:libm_error.obj
 0002:00009bb4       $unwind$__acrt_initialize_fma3 0000000140020bb4     libucrt:fma3_available.obj
 0002:00009bbc       $unwind$_log_special_common 0000000140020bbc     libucrt:log_special.obj
 0002:00009bc8       $xdatasym                  0000000140020bc8     libucrt:fpsr.obj
 0002:00009bd0       $unwind$_raise_exc         0000000140020bd0     libucrt:fpexcept.obj
 0002:00009bd8       $unwind$_raise_exc_ex      0000000140020bd8     libucrt:fpexcept.obj
 0002:00009bec       $unwind$_ctrlfp            0000000140020bec     libucrt:fpctrl.obj
 0002:00009c14       $unwind$__C_specific_handler 0000000140020c14     libvcruntime:riscchandler.obj
 0002:00009c30       $xdatasym                  0000000140020c30     libvcruntime:memcpy.obj
 0002:00009c40       $xdatasym                  0000000140020c40     libvcruntime:memset.obj
 0002:00009c50       $xdatasym                  0000000140020c50     libvcruntime:memcmp.obj
 0002:00009c58       $xdatasym                  0000000140020c58     libvcruntime:notify.obj
 0002:00009c64       $unwind$__DestructExceptionObject 0000000140020c64     libvcruntime:ehhelpers.obj
 0002:00009c84       $unwind$__DestructExceptionObject$filt$0 0000000140020c84     libvcruntime:ehhelpers.obj
 0002:00009c90       $unwind$__GSHandlerCheckCommon 0000000140020c90     libcmt:gshandler.obj
 0002:00009c98       $xdatasym                  0000000140020c98     libcmt:amdsecgs.obj
 0002:00009c9c       $unwind$?__scrt_common_main_seh@@YAHXZ 0000000140020c9c     libcmt:exe_main.obj
 0002:00009cd4       $unwind$__scrt_fastfail    0000000140020cd4     libcmt:utility_desktop.obj
 0002:00009ce4       $unwind$__isa_available_init 0000000140020ce4     libcmt:cpu_disp.obj
 0002:00009cf4       $unwind$__report_securityfailure 0000000140020cf4     libcmt:gs_report.obj
 0002:00009cfc       $unwind$__report_gsfailure 0000000140020cfc     libcmt:gs_report.obj
 0002:00009d04       $unwind$capture_current_context 0000000140020d04     libcmt:gs_report.obj
 0002:00009d10       $unwind$capture_previous_context 0000000140020d10     libcmt:gs_report.obj
 0002:00009d20       $xdatasym                  0000000140020d20     libcmt:chkstk.obj
 0002:00009d28       $unwind$_IsNonwritableInCurrentImage 0000000140020d28     libcmt:pesect.obj
 0002:00009d4c       $unwind$__scrt_is_nonwritable_in_current_image 0000000140020d4c     libcmt:utility.obj
 0002:00009d6c       $unwind$__scrt_is_nonwritable_in_current_image$filt$0 0000000140020d6c     libcmt:utility.obj
 0002:00009d74       $unwind$__security_init_cookie 0000000140020d74     libcmt:gs_support.obj
 0002:00009d80       $xdatasym                  0000000140020d80     libcmt:guard_dispatch.obj
 0002:00009d88       $xdatasym                  0000000140020d88     libcmt:guard_xfg_dispatch.obj
 0002:00009d8c       $unwind$_configure_narrow_argv 0000000140020d8c     libucrt:argv_parsing.obj
 0002:00009da0       $unwind$??$free_environment@D@@YAXQEAPEAD@Z 0000000140020da0     libucrt:environment_initialization.obj
 0002:00009da0       $unwind$??$free_environment@_W@@YAXQEAPEA_W@Z 0000000140020da0     libucrt:environment_initialization.obj
 0002:00009dac       $unwind$??$create_environment@D@@YAQEAPEADQEAD@Z 0000000140020dac     libucrt:environment_initialization.obj
 0002:00009dc4       $unwind$??$initialize_environment_by_cloning_nolock@D@@YAHXZ 0000000140020dc4     libucrt:environment_initialization.obj
 0002:00009dc4       $unwind$?x_ismbbtype_l@@YAHPEAU__crt_locale_pointers@@IHH@Z 0000000140020dc4     libucrt:ismbbyte.obj
 0002:00009dc4       $unwind$_strnicmp_l        0000000140020dc4     libucrt:strnicmp.obj
 0002:00009dd4       $unwind$??$__acrt_mbs_to_wcs_cp@U__crt_win32_buffer_internal_dynamic_resizing@@@@YAHQEBDAEAV?$__crt_win32_buffer@_WU__crt_win32_buffer_internal_dynamic_resizing@@@@I@Z 0000000140020dd4     libucrt:argv_wildcards.obj
 0002:00009dec       $unwind$??$common_expand_argv_wildcards@D@@YAHQEAPEADQEAPEAPEAD@Z 0000000140020dec     libucrt:argv_wildcards.obj
 0002:00009e04       $unwind$??$copy_and_add_argument_to_buffer@D@@YAHQEBD0_KAEAV?$argument_list@D@?A0x5f5c8891@@@Z 0000000140020e04     libucrt:argv_wildcards.obj
 0002:00009e20       $unwind$??$expand_argument_wildcards@D@@YAHQEAD0AEAV?$argument_list@D@?A0x5f5c8891@@@Z 0000000140020e20     libucrt:argv_wildcards.obj
 0002:00009e44       $unwind$__acrt_GetModuleFileNameA 0000000140020e44     libucrt:getmodulefilenamea.obj
 0002:00009e60       $unwind$??$copy_environment@D@@YAPEAPEADQEAPEAD@Z 0000000140020e60     libucrt:setenv.obj
 0002:00009e74       $unwind$qsort              0000000140020e74     libucrt:qsort.obj
 0002:00009e8c       $chain$4$qsort             0000000140020e8c     libucrt:qsort.obj
 0002:00009eb0       $chain$5$qsort             0000000140020eb0     libucrt:qsort.obj
 0002:00009ec0       $unwind$strpbrk            0000000140020ec0     libucrt:strpbrk.obj
 0002:00009ed0       $unwind$fallbackMethod     0000000140020ed0     libucrt:strpbrk.obj
 0002:00009ee0       $unwind$_mbsdec_l          0000000140020ee0     libucrt:mbsdec.obj
 0002:00009eec       $unwind$_strnicoll_l       0000000140020eec     libucrt:strnicol.obj
 0002:00009f00       $unwind$__acrt_SetEnvironmentVariableA 0000000140020f00     libucrt:setenvironmentvariablea.obj
 0002:00009f1c       $unwind$__acrt_CompareStringA 0000000140020f1c     libucrt:comparestringa.obj
 0002:00009f2c       $unwind$?InternalCompareStringA@@YAHPEAU__crt_locale_pointers@@PEB_WKPEBDH2HH@Z 0000000140020f2c     libucrt:comparestringa.obj
 0002:00009f50       $xdatasym                  0000000140020f50     libvcruntime:handlers.obj
 0002:0000a306       .idata$6                   0000000140021306     kernel32:KERNEL32.dll
 0002:0000a320       .idata$6                   0000000140021320     user32:USER32.dll
 0002:0000a36e       .idata$6                   000000014002136e     ws2_32:WS2_32.dll
 0003:00000158       ?errno_no_memory@@3HA      0000000140022158     libucrt:errno.obj
 0003:0000015c       ?doserrno_no_memory@@3KA   000000014002215c     libucrt:errno.obj
 0003:000001a8       ?__acrt_flsindex@@3KA      00000001400221a8     libucrt:per_thread_data.obj
 0003:00000550       _mbctypes                  0000000140022550     libucrt:mbctype.obj
 0003:00000660       _mbcasemaps                0000000140022660     libucrt:mbctype.obj
 0003:00000760       ?__rgctypeflag@@3PADA      0000000140022760     libucrt:mbctype.obj
 0003:00000770       ?__rgcode_page_info@@3PAUcode_page_info@@A 0000000140022770     libucrt:mbctype.obj
 0003:00000a10       ?__dcrt_lowio_console_output_handle@@3PEAXEA 0000000140022a10     libucrt:initcon.obj
 0003:00000a18       ?dazSupported@?1??common_control87@@9@9 0000000140022a18     libucrt:ieee.obj
 0003:00000a20       ?dazSupported@?1??_ctrlfp@@9@9 0000000140022a20     libucrt:fpctrl.obj
 0003:00000a30       ?__vcrt_flsindex@@3KA      0000000140022a30     libvcruntime:per_thread_data.obj
 0003:00000ae8       ?__acrt_invalid_parameter_handler@@3V?$dual_state_global@P6AXPEB_W00I_K@Z@__crt_state_management@@A 0000000140022ae8     libucrt:invalid_parameter.obj
 0003:00000af0       ?module_handles@@3PAPEAUHINSTANCE__@@A 0000000140022af0     libucrt:winapi_thunks.obj
 0003:00000b90       ?encoded_function_pointers@@3PAPEAXA 0000000140022b90     libucrt:winapi_thunks.obj
 0003:000010a8       ?internal_state@?1??_mbtowc_l@@9@4U_Mbstatet@@A 00000001400230a8     libucrt:mbtowc.obj
 0003:000010b0       ?enable_percent_n@@3_KA    00000001400230b0     libucrt:printf_count_output.obj
 0003:000010d8       ?__acrt_new_handler@@3V?$dual_state_global@P6AH_K@Z@__crt_state_management@@A 00000001400230d8     libucrt:new_handler.obj
 0003:000010e0       ?__acrt_global_new_mode@@3V?$dual_state_global@J@__crt_state_management@@A 00000001400230e0     libucrt:new_mode.obj
 0003:000010f0       ?__acrt_lock_table@@3PAU_RTL_CRITICAL_SECTION@@A 00000001400230f0     libucrt:locks.obj
 0003:00001320       ?__acrt_locks_initialized@@3IA 0000000140023320     libucrt:locks.obj
 0003:00001340       ?fSystemSet@@3HA           0000000140023340     libucrt:mbctype.obj
 0003:00001344       ?initialized@?1??__acrt_initialize_multibyte@@9@4_NA 0000000140023344     libucrt:mbctype.obj
 0003:0000134c       ?c_termination_complete@@3JA 000000014002334c     libucrt:exit.obj
 0003:00001350       ?thread_local_exit_callback_func@@3P6AXPEAXK0@ZEA 0000000140023350     libucrt:exit.obj
 0003:00001360       ?ctrlc_action@@3V?$dual_state_global@P6AXH@Z@__crt_state_management@@A 0000000140023360     libucrt:signal.obj
 0003:00001368       ?ctrlbreak_action@@3V?$dual_state_global@P6AXH@Z@__crt_state_management@@A 0000000140023368     libucrt:signal.obj
 0003:00001370       ?abort_action@@3V?$dual_state_global@P6AXH@Z@__crt_state_management@@A 0000000140023370     libucrt:signal.obj
 0003:00001378       ?term_action@@3V?$dual_state_global@P6AXH@Z@__crt_state_management@@A 0000000140023378     libucrt:signal.obj
 0003:00001380       ?__acrt_app_type@@3W4_crt_app_type@@A 0000000140023380     libucrt:report_runtime_error.obj
 0003:00001388       ?internal_pst@?1??__mbrtoc32_utf8@__crt_mbstring@@YA_KPEA_UPEBD_KPEAU_Mbstatet@@@Z@4U3@A 0000000140023388     libucrt:mbrtoc32.obj
 0003:000013c8       ?user_matherr@@3V?$dual_state_global@P6AHPEAU_exception@@@Z@__crt_state_management@@A 00000001400233c8     libucrt:matherr.obj
 0003:000013e0       ?__vcrt_startup_thread_ptd@@3U__vcrt_ptd@@A 00000001400233e0     libvcruntime:per_thread_data.obj
 0003:00001460       ?module_handles@@3PAPEAUHINSTANCE__@@A 0000000140023460     libvcruntime:winapi_downlevel.obj
 0003:00001478       ?function_pointers@@3PAPEAXA 0000000140023478     libvcruntime:winapi_downlevel.obj
 0003:000014b0       GS_ExceptionRecord         00000001400234b0     libcmt:gs_report.obj
 0003:00001550       GS_ContextRecord           0000000140023550     libcmt:gs_report.obj
 0003:00001a30       ?is_initialized_as_dll@@3_NA 0000000140023a30     libcmt:utility.obj
 0003:00001a31       ?module_local_atexit_table_initialized@@3_NA 0000000140023a31     libcmt:utility.obj
 0003:00001a38       ?module_local_atexit_table@@3U_onexit_table_t@@A 0000000140023a38     libcmt:utility.obj
 0003:00001a50       ?module_local_at_quick_exit_table@@3U_onexit_table_t@@A 0000000140023a50     libcmt:utility.obj
 0003:00001a90       ?program_name@?1???$common_configure_argv@D@@YAHW4_crt_argv_mode@@@Z@4PADA 0000000140023a90     libucrt:argv_parsing.obj
 0003:00001bf0       __vcrt_lock_table          0000000140023bf0     libvcruntime:locks.obj
 0003:00001c18       __vcrt_locks_initialized   0000000140023c18     libvcruntime:locks.obj
 0003:00001c60       ?heap@@3V_HeapManager@@A   0000000140023c60     libvcruntime:undname.obj
 0005:00000000       MoveSmall                  0000000140026000     libvcruntime:memcpy.obj
 0005:00000040       MoveSmallYmm               0000000140026040     libvcruntime:memcpy.obj
 0005:00000064       MoveSmallYmmNT             0000000140026064     libvcruntime:memcpy.obj
 0005:00000088       MoveSmallXmm               0000000140026088     libvcruntime:memcpy.obj
 0005:000000b0       SetSmall                   00000001400260b0     libvcruntime:memset.obj
 0005:000000f0       SetSmallYmm                00000001400260f0     libvcruntime:memset.obj
 0005:00000114       SetSmallYmmNT              0000000140026114     libvcruntime:memset.obj
 0005:00000138       SetSmallXmm                0000000140026138     libvcruntime:memset.obj
